Archive member included to satisfy reference by file (symbol)

/usr/lib/gcc/arm-none-eabi/9.2.0/../../../../arm-none-eabi/lib/thumb/v7e-m/nofp/libg_nano.a(lib_a-atexit.o)
                              /usr/lib/gcc/arm-none-eabi/9.2.0/../../../../arm-none-eabi/lib/thumb/v7e-m/nofp/crt0.o (atexit)
/usr/lib/gcc/arm-none-eabi/9.2.0/../../../../arm-none-eabi/lib/thumb/v7e-m/nofp/libg_nano.a(lib_a-errno.o)
                              CMakeFiles/mux_74hc151n.elf.dir/Src/syscalls.c.obj (__errno)
/usr/lib/gcc/arm-none-eabi/9.2.0/../../../../arm-none-eabi/lib/thumb/v7e-m/nofp/libg_nano.a(lib_a-exit.o)
                              /usr/lib/gcc/arm-none-eabi/9.2.0/../../../../arm-none-eabi/lib/thumb/v7e-m/nofp/crt0.o (exit)
/usr/lib/gcc/arm-none-eabi/9.2.0/../../../../arm-none-eabi/lib/thumb/v7e-m/nofp/libg_nano.a(lib_a-fini.o)
                              /usr/lib/gcc/arm-none-eabi/9.2.0/../../../../arm-none-eabi/lib/thumb/v7e-m/nofp/crt0.o (__libc_fini_array)
/usr/lib/gcc/arm-none-eabi/9.2.0/../../../../arm-none-eabi/lib/thumb/v7e-m/nofp/libg_nano.a(lib_a-impure.o)
                              /usr/lib/gcc/arm-none-eabi/9.2.0/../../../../arm-none-eabi/lib/thumb/v7e-m/nofp/libg_nano.a(lib_a-exit.o) (_global_impure_ptr)
/usr/lib/gcc/arm-none-eabi/9.2.0/../../../../arm-none-eabi/lib/thumb/v7e-m/nofp/libg_nano.a(lib_a-init.o)
                              /usr/lib/gcc/arm-none-eabi/9.2.0/../../../../arm-none-eabi/lib/thumb/v7e-m/nofp/crt0.o (__libc_init_array)
/usr/lib/gcc/arm-none-eabi/9.2.0/../../../../arm-none-eabi/lib/thumb/v7e-m/nofp/libg_nano.a(lib_a-memset.o)
                              /usr/lib/gcc/arm-none-eabi/9.2.0/../../../../arm-none-eabi/lib/thumb/v7e-m/nofp/crt0.o (memset)
/usr/lib/gcc/arm-none-eabi/9.2.0/../../../../arm-none-eabi/lib/thumb/v7e-m/nofp/libg_nano.a(lib_a-__atexit.o)
                              /usr/lib/gcc/arm-none-eabi/9.2.0/../../../../arm-none-eabi/lib/thumb/v7e-m/nofp/libg_nano.a(lib_a-atexit.o) (__register_exitproc)
/usr/lib/gcc/arm-none-eabi/9.2.0/../../../../arm-none-eabi/lib/thumb/v7e-m/nofp/libg_nano.a(lib_a-__call_atexit.o)
                              /usr/lib/gcc/arm-none-eabi/9.2.0/../../../../arm-none-eabi/lib/thumb/v7e-m/nofp/libg_nano.a(lib_a-__atexit.o) (__call_exitprocs)
/usr/lib/gcc/arm-none-eabi/9.2.0/../../../../arm-none-eabi/lib/thumb/v7e-m/nofp/libg_nano.a(lib_a-lock.o)
                              /usr/lib/gcc/arm-none-eabi/9.2.0/../../../../arm-none-eabi/lib/thumb/v7e-m/nofp/libg_nano.a(lib_a-__atexit.o) (__retarget_lock_acquire_recursive)

Allocating common symbols
Common symbol       size              file

__lock___atexit_recursive_mutex
                    0x1               /usr/lib/gcc/arm-none-eabi/9.2.0/../../../../arm-none-eabi/lib/thumb/v7e-m/nofp/libg_nano.a(lib_a-lock.o)
__lock___arc4random_mutex
                    0x1               /usr/lib/gcc/arm-none-eabi/9.2.0/../../../../arm-none-eabi/lib/thumb/v7e-m/nofp/libg_nano.a(lib_a-lock.o)
__lock___env_recursive_mutex
                    0x1               /usr/lib/gcc/arm-none-eabi/9.2.0/../../../../arm-none-eabi/lib/thumb/v7e-m/nofp/libg_nano.a(lib_a-lock.o)
__lock___sinit_recursive_mutex
                    0x1               /usr/lib/gcc/arm-none-eabi/9.2.0/../../../../arm-none-eabi/lib/thumb/v7e-m/nofp/libg_nano.a(lib_a-lock.o)
__lock___malloc_recursive_mutex
                    0x1               /usr/lib/gcc/arm-none-eabi/9.2.0/../../../../arm-none-eabi/lib/thumb/v7e-m/nofp/libg_nano.a(lib_a-lock.o)
__lock___at_quick_exit_mutex
                    0x1               /usr/lib/gcc/arm-none-eabi/9.2.0/../../../../arm-none-eabi/lib/thumb/v7e-m/nofp/libg_nano.a(lib_a-lock.o)
__lock___dd_hash_mutex
                    0x1               /usr/lib/gcc/arm-none-eabi/9.2.0/../../../../arm-none-eabi/lib/thumb/v7e-m/nofp/libg_nano.a(lib_a-lock.o)
__lock___tz_mutex   0x1               /usr/lib/gcc/arm-none-eabi/9.2.0/../../../../arm-none-eabi/lib/thumb/v7e-m/nofp/libg_nano.a(lib_a-lock.o)
__lock___sfp_recursive_mutex
                    0x1               /usr/lib/gcc/arm-none-eabi/9.2.0/../../../../arm-none-eabi/lib/thumb/v7e-m/nofp/libg_nano.a(lib_a-lock.o)

Discarded input sections

 .text          0x0000000000000000        0x0 /usr/lib/gcc/arm-none-eabi/9.2.0/thumb/v7e-m/nofp/crti.o
 .data          0x0000000000000000        0x0 /usr/lib/gcc/arm-none-eabi/9.2.0/thumb/v7e-m/nofp/crti.o
 .bss           0x0000000000000000        0x0 /usr/lib/gcc/arm-none-eabi/9.2.0/thumb/v7e-m/nofp/crti.o
 .text          0x0000000000000000        0x0 /usr/lib/gcc/arm-none-eabi/9.2.0/thumb/v7e-m/nofp/crtbegin.o
 .data          0x0000000000000000        0x0 /usr/lib/gcc/arm-none-eabi/9.2.0/thumb/v7e-m/nofp/crtbegin.o
 .bss           0x0000000000000000        0x0 /usr/lib/gcc/arm-none-eabi/9.2.0/thumb/v7e-m/nofp/crtbegin.o
 .data.__dso_handle
                0x0000000000000000        0x4 /usr/lib/gcc/arm-none-eabi/9.2.0/thumb/v7e-m/nofp/crtbegin.o
[...]
Memory Configuration

Name             Origin             Length             Attributes
RAM              0x0000000020000000 0x000000000000a000 xrw
CCMRAM           0x0000000010000000 0x0000000000002000 rw
FLASH            0x0000000008000000 0x0000000000040000 xr
*default*        0x0000000000000000 0xffffffffffffffff

Linker script and memory map

LOAD /usr/lib/gcc/arm-none-eabi/9.2.0/thumb/v7e-m/nofp/crti.o
LOAD /usr/lib/gcc/arm-none-eabi/9.2.0/thumb/v7e-m/nofp/crtbegin.o
LOAD /usr/lib/gcc/arm-none-eabi/9.2.0/../../../../arm-none-eabi/lib/thumb/v7e-m/nofp/crt0.o
LOAD CMakeFiles/mux_74hc151n.elf.dir/Drivers/STM32F3xx_HAL_Driver/Src/stm32f3xx_hal.c.obj
LOAD CMakeFiles/mux_74hc151n.elf.dir/Drivers/STM32F3xx_HAL_Driver/Src/stm32f3xx_hal_cortex.c.obj
LOAD CMakeFiles/mux_74hc151n.elf.dir/Drivers/STM32F3xx_HAL_Driver/Src/stm32f3xx_hal_dma.c.obj
LOAD CMakeFiles/mux_74hc151n.elf.dir/Drivers/STM32F3xx_HAL_Driver/Src/stm32f3xx_hal_exti.c.obj
LOAD CMakeFiles/mux_74hc151n.elf.dir/Drivers/STM32F3xx_HAL_Driver/Src/stm32f3xx_hal_flash.c.obj
LOAD CMakeFiles/mux_74hc151n.elf.dir/Drivers/STM32F3xx_HAL_Driver/Src/stm32f3xx_hal_flash_ex.c.obj
LOAD CMakeFiles/mux_74hc151n.elf.dir/Drivers/STM32F3xx_HAL_Driver/Src/stm32f3xx_hal_gpio.c.obj
LOAD CMakeFiles/mux_74hc151n.elf.dir/Drivers/STM32F3xx_HAL_Driver/Src/stm32f3xx_hal_i2c.c.obj
LOAD CMakeFiles/mux_74hc151n.elf.dir/Drivers/STM32F3xx_HAL_Driver/Src/stm32f3xx_hal_i2c_ex.c.obj
LOAD CMakeFiles/mux_74hc151n.elf.dir/Drivers/STM32F3xx_HAL_Driver/Src/stm32f3xx_hal_pwr.c.obj
LOAD CMakeFiles/mux_74hc151n.elf.dir/Drivers/STM32F3xx_HAL_Driver/Src/stm32f3xx_hal_pwr_ex.c.obj
LOAD CMakeFiles/mux_74hc151n.elf.dir/Drivers/STM32F3xx_HAL_Driver/Src/stm32f3xx_hal_rcc.c.obj
LOAD CMakeFiles/mux_74hc151n.elf.dir/Drivers/STM32F3xx_HAL_Driver/Src/stm32f3xx_hal_rcc_ex.c.obj
LOAD CMakeFiles/mux_74hc151n.elf.dir/Drivers/STM32F3xx_HAL_Driver/Src/stm32f3xx_hal_tim.c.obj
LOAD CMakeFiles/mux_74hc151n.elf.dir/Drivers/STM32F3xx_HAL_Driver/Src/stm32f3xx_hal_tim_ex.c.obj
LOAD CMakeFiles/mux_74hc151n.elf.dir/Src/gpio.c.obj
LOAD CMakeFiles/mux_74hc151n.elf.dir/Src/main.c.obj
LOAD CMakeFiles/mux_74hc151n.elf.dir/Src/stm32f3xx_hal_msp.c.obj
LOAD CMakeFiles/mux_74hc151n.elf.dir/Src/stm32f3xx_it.c.obj
LOAD CMakeFiles/mux_74hc151n.elf.dir/Src/sys.c.obj
LOAD CMakeFiles/mux_74hc151n.elf.dir/Src/syscalls.c.obj
LOAD CMakeFiles/mux_74hc151n.elf.dir/Src/system_stm32f3xx.c.obj
LOAD CMakeFiles/mux_74hc151n.elf.dir/startup/startup_stm32f303xc.s.obj
START GROUP
LOAD /usr/lib/gcc/arm-none-eabi/9.2.0/thumb/v7e-m/nofp/libgcc.a
LOAD /usr/lib/gcc/arm-none-eabi/9.2.0/../../../../arm-none-eabi/lib/thumb/v7e-m/nofp/libg_nano.a
LOAD /usr/lib/gcc/arm-none-eabi/9.2.0/../../../../arm-none-eabi/lib/thumb/v7e-m/nofp/libc_nano.a
END GROUP
START GROUP
LOAD /usr/lib/gcc/arm-none-eabi/9.2.0/thumb/v7e-m/nofp/libgcc.a
LOAD /usr/lib/gcc/arm-none-eabi/9.2.0/../../../../arm-none-eabi/lib/thumb/v7e-m/nofp/libc_nano.a
LOAD /usr/lib/gcc/arm-none-eabi/9.2.0/../../../../arm-none-eabi/lib/thumb/v7e-m/nofp/libnosys.a
END GROUP
START GROUP
LOAD /usr/lib/gcc/arm-none-eabi/9.2.0/thumb/v7e-m/nofp/libgcc.a
LOAD /usr/lib/gcc/arm-none-eabi/9.2.0/../../../../arm-none-eabi/lib/thumb/v7e-m/nofp/libc_nano.a
LOAD /usr/lib/gcc/arm-none-eabi/9.2.0/../../../../arm-none-eabi/lib/thumb/v7e-m/nofp/libnosys.a
END GROUP
LOAD /usr/lib/gcc/arm-none-eabi/9.2.0/thumb/v7e-m/nofp/crtend.o
LOAD /usr/lib/gcc/arm-none-eabi/9.2.0/thumb/v7e-m/nofp/crtn.o
                0x000000002000a000                _estack = 0x2000a000
                0x0000000000000200                _Min_Heap_Size = 0x200
                0x0000000000000400                _Min_Stack_Size = 0x400

.isr_vector     0x0000000008000000      0x188
                0x0000000008000000                . = ALIGN (0x4)
 *(.isr_vector)
 .isr_vector    0x0000000008000000      0x188 CMakeFiles/mux_74hc151n.elf.dir/startup/startup_stm32f303xc.s.obj
                0x0000000008000000                g_pfnVectors
                0x0000000008000188                . = ALIGN (0x4)

.text           0x0000000008000188     0x24d0
                0x0000000008000188                . = ALIGN (0x4)
 *(.text)
 *(.text*)
 .text.__do_global_dtors_aux
                0x0000000008000188       0x24 /usr/lib/gcc/arm-none-eabi/9.2.0/thumb/v7e-m/nofp/crtbegin.o
 .text.frame_dummy
                0x00000000080001ac       0x1c /usr/lib/gcc/arm-none-eabi/9.2.0/thumb/v7e-m/nofp/crtbegin.o
 .text.HAL_Init
                0x00000000080001c8       0x2c CMakeFiles/mux_74hc151n.elf.dir/Drivers/STM32F3xx_HAL_Driver/Src/stm32f3xx_hal.c.obj
                0x00000000080001c8                HAL_Init
 .text.HAL_InitTick
                0x00000000080001f4       0x60 CMakeFiles/mux_74hc151n.elf.dir/Drivers/STM32F3xx_HAL_Driver/Src/stm32f3xx_hal.c.obj
                0x00000000080001f4                HAL_InitTick
 .text.HAL_IncTick
                0x0000000008000254       0x24 CMakeFiles/mux_74hc151n.elf.dir/Drivers/STM32F3xx_HAL_Driver/Src/stm32f3xx_hal.c.obj
                0x0000000008000254                HAL_IncTick
 .text.HAL_GetTick
                0x0000000008000278       0x14 CMakeFiles/mux_74hc151n.elf.dir/Drivers/STM32F3xx_HAL_Driver/Src/stm32f3xx_hal.c.obj
                0x0000000008000278                HAL_GetTick
 .text.HAL_Delay
                0x000000000800028c       0x48 CMakeFiles/mux_74hc151n.elf.dir/Drivers/STM32F3xx_HAL_Driver/Src/stm32f3xx_hal.c.obj
                0x000000000800028c                HAL_Delay
 .text.__NVIC_SetPriorityGrouping
                0x00000000080002d4       0x48 CMakeFiles/mux_74hc151n.elf.dir/Drivers/STM32F3xx_HAL_Driver/Src/stm32f3xx_hal_cortex.c.obj
 .text.__NVIC_GetPriorityGrouping
                0x000000000800031c       0x1c CMakeFiles/mux_74hc151n.elf.dir/Drivers/STM32F3xx_HAL_Driver/Src/stm32f3xx_hal_cortex.c.obj
 .text.__NVIC_EnableIRQ
                0x0000000008000338       0x38 CMakeFiles/mux_74hc151n.elf.dir/Drivers/STM32F3xx_HAL_Driver/Src/stm32f3xx_hal_cortex.c.obj
 .text.__NVIC_SetPriority
                0x0000000008000370       0x54 CMakeFiles/mux_74hc151n.elf.dir/Drivers/STM32F3xx_HAL_Driver/Src/stm32f3xx_hal_cortex.c.obj
 .text.NVIC_EncodePriority
                0x00000000080003c4       0x64 CMakeFiles/mux_74hc151n.elf.dir/Drivers/STM32F3xx_HAL_Driver/Src/stm32f3xx_hal_cortex.c.obj
 .text.SysTick_Config
                0x0000000008000428       0x44 CMakeFiles/mux_74hc151n.elf.dir/Drivers/STM32F3xx_HAL_Driver/Src/stm32f3xx_hal_cortex.c.obj
 .text.HAL_NVIC_SetPriorityGrouping
                0x000000000800046c       0x40 CMakeFiles/mux_74hc151n.elf.dir/Drivers/STM32F3xx_HAL_Driver/Src/stm32f3xx_hal_cortex.c.obj
                0x000000000800046c                HAL_NVIC_SetPriorityGrouping
 .text.HAL_NVIC_SetPriority
                0x00000000080004ac       0x58 CMakeFiles/mux_74hc151n.elf.dir/Drivers/STM32F3xx_HAL_Driver/Src/stm32f3xx_hal_cortex.c.obj
                0x00000000080004ac                HAL_NVIC_SetPriority
 .text.HAL_NVIC_EnableIRQ
                0x0000000008000504       0x30 CMakeFiles/mux_74hc151n.elf.dir/Drivers/STM32F3xx_HAL_Driver/Src/stm32f3xx_hal_cortex.c.obj
                0x0000000008000504                HAL_NVIC_EnableIRQ
 .text.HAL_SYSTICK_Config
                0x0000000008000534       0x18 CMakeFiles/mux_74hc151n.elf.dir/Drivers/STM32F3xx_HAL_Driver/Src/stm32f3xx_hal_cortex.c.obj
                0x0000000008000534                HAL_SYSTICK_Config
 .text.HAL_GPIO_Init
                0x000000000800054c      0x494 CMakeFiles/mux_74hc151n.elf.dir/Drivers/STM32F3xx_HAL_Driver/Src/stm32f3xx_hal_gpio.c.obj
                0x000000000800054c                HAL_GPIO_Init
 .text.HAL_GPIO_ReadPin
                0x00000000080009e0       0x4c CMakeFiles/mux_74hc151n.elf.dir/Drivers/STM32F3xx_HAL_Driver/Src/stm32f3xx_hal_gpio.c.obj
                0x00000000080009e0                HAL_GPIO_ReadPin
 .text.HAL_GPIO_WritePin
                0x0000000008000a2c       0x60 CMakeFiles/mux_74hc151n.elf.dir/Drivers/STM32F3xx_HAL_Driver/Src/stm32f3xx_hal_gpio.c.obj
                0x0000000008000a2c                HAL_GPIO_WritePin
 .text.HAL_GPIO_TogglePin
                0x0000000008000a8c       0x50 CMakeFiles/mux_74hc151n.elf.dir/Drivers/STM32F3xx_HAL_Driver/Src/stm32f3xx_hal_gpio.c.obj
                0x0000000008000a8c                HAL_GPIO_TogglePin
 .text.HAL_GPIO_EXTI_IRQHandler
                0x0000000008000adc       0x30 CMakeFiles/mux_74hc151n.elf.dir/Drivers/STM32F3xx_HAL_Driver/Src/stm32f3xx_hal_gpio.c.obj
                0x0000000008000adc                HAL_GPIO_EXTI_IRQHandler
 .text.HAL_RCC_OscConfig
                0x0000000008000b0c     0x1018 CMakeFiles/mux_74hc151n.elf.dir/Drivers/STM32F3xx_HAL_Driver/Src/stm32f3xx_hal_rcc.c.obj
                0x0000000008000b0c                HAL_RCC_OscConfig
 .text.HAL_RCC_ClockConfig
                0x0000000008001b24      0x440 CMakeFiles/mux_74hc151n.elf.dir/Drivers/STM32F3xx_HAL_Driver/Src/stm32f3xx_hal_rcc.c.obj
                0x0000000008001b24                HAL_RCC_ClockConfig
 .text.HAL_RCC_GetSysClockFreq
                0x0000000008001f64       0xd0 CMakeFiles/mux_74hc151n.elf.dir/Drivers/STM32F3xx_HAL_Driver/Src/stm32f3xx_hal_rcc.c.obj
                0x0000000008001f64                HAL_RCC_GetSysClockFreq
 .text.MX_GPIO_Init
                0x0000000008002034      0x168 CMakeFiles/mux_74hc151n.elf.dir/Src/gpio.c.obj
                0x0000000008002034                MX_GPIO_Init
 .text.set_mode
                0x000000000800219c       0x90 CMakeFiles/mux_74hc151n.elf.dir/Src/main.c.obj
                0x000000000800219c                set_mode
 .text.set_bit_to
                0x000000000800222c       0x48 CMakeFiles/mux_74hc151n.elf.dir/Src/main.c.obj
                0x000000000800222c                set_bit_to
 .text.test_mux_mode_and_state
                0x0000000008002274       0x94 CMakeFiles/mux_74hc151n.elf.dir/Src/main.c.obj
                0x0000000008002274                test_mux_mode_and_state
 .text.TEST_MUX_72HC153N
                0x0000000008002308       0xa4 CMakeFiles/mux_74hc151n.elf.dir/Src/main.c.obj
                0x0000000008002308                TEST_MUX_72HC153N
 .text.main     0x00000000080023ac       0x40 CMakeFiles/mux_74hc151n.elf.dir/Src/main.c.obj
                0x00000000080023ac                main
 .text.SystemClock_Config
                0x00000000080023ec       0x82 CMakeFiles/mux_74hc151n.elf.dir/Src/main.c.obj
                0x00000000080023ec                SystemClock_Config
 *fill*         0x000000000800246e        0x2 
 .text.HAL_GPIO_EXTI_Callback
                0x0000000008002470       0x44 CMakeFiles/mux_74hc151n.elf.dir/Src/main.c.obj
                0x0000000008002470                HAL_GPIO_EXTI_Callback
 .text.Error_Handler
                0x00000000080024b4        0xc CMakeFiles/mux_74hc151n.elf.dir/Src/main.c.obj
                0x00000000080024b4                Error_Handler
 .text.assert_failed
                0x00000000080024c0       0x14 CMakeFiles/mux_74hc151n.elf.dir/Src/main.c.obj
                0x00000000080024c0                assert_failed
 .text.HAL_MspInit
                0x00000000080024d4       0x44 CMakeFiles/mux_74hc151n.elf.dir/Src/stm32f3xx_hal_msp.c.obj
                0x00000000080024d4                HAL_MspInit
 .text.NMI_Handler
                0x0000000008002518        0xc CMakeFiles/mux_74hc151n.elf.dir/Src/stm32f3xx_it.c.obj
                0x0000000008002518                NMI_Handler
 .text.HardFault_Handler
                0x0000000008002524        0x6 CMakeFiles/mux_74hc151n.elf.dir/Src/stm32f3xx_it.c.obj
                0x0000000008002524                HardFault_Handler
 .text.MemManage_Handler
                0x000000000800252a        0x6 CMakeFiles/mux_74hc151n.elf.dir/Src/stm32f3xx_it.c.obj
                0x000000000800252a                MemManage_Handler
 .text.BusFault_Handler
                0x0000000008002530        0x6 CMakeFiles/mux_74hc151n.elf.dir/Src/stm32f3xx_it.c.obj
                0x0000000008002530                BusFault_Handler
 .text.UsageFault_Handler
                0x0000000008002536        0x6 CMakeFiles/mux_74hc151n.elf.dir/Src/stm32f3xx_it.c.obj
                0x0000000008002536                UsageFault_Handler
 .text.SVC_Handler
                0x000000000800253c        0xc CMakeFiles/mux_74hc151n.elf.dir/Src/stm32f3xx_it.c.obj
                0x000000000800253c                SVC_Handler
 .text.DebugMon_Handler
                0x0000000008002548        0xc CMakeFiles/mux_74hc151n.elf.dir/Src/stm32f3xx_it.c.obj
                0x0000000008002548                DebugMon_Handler
 .text.PendSV_Handler
                0x0000000008002554        0xc CMakeFiles/mux_74hc151n.elf.dir/Src/stm32f3xx_it.c.obj
                0x0000000008002554                PendSV_Handler
 .text.SysTick_Handler
                0x0000000008002560        0xc CMakeFiles/mux_74hc151n.elf.dir/Src/stm32f3xx_it.c.obj
                0x0000000008002560                SysTick_Handler
 .text.EXTI0_IRQHandler
                0x000000000800256c        0xe CMakeFiles/mux_74hc151n.elf.dir/Src/stm32f3xx_it.c.obj
                0x000000000800256c                EXTI0_IRQHandler
 *fill*         0x000000000800257a        0x2 
 .text.SystemInit
                0x000000000800257c       0x18 CMakeFiles/mux_74hc151n.elf.dir/Src/system_stm32f3xx.c.obj
                0x000000000800257c                SystemInit
 .text.Reset_Handler
                0x0000000008002594       0x50 CMakeFiles/mux_74hc151n.elf.dir/startup/startup_stm32f303xc.s.obj
                0x0000000008002594                Reset_Handler
 .text.Default_Handler
                0x00000000080025e4        0x2 CMakeFiles/mux_74hc151n.elf.dir/startup/startup_stm32f303xc.s.obj
                0x00000000080025e4                RTC_Alarm_IRQHandler
                0x00000000080025e4                TIM8_TRG_COM_IRQHandler
                0x00000000080025e4                TIM8_CC_IRQHandler
                0x00000000080025e4                TIM1_CC_IRQHandler
                0x00000000080025e4                USB_HP_IRQHandler
                0x00000000080025e4                PVD_IRQHandler
                0x00000000080025e4                TAMP_STAMP_IRQHandler
                0x00000000080025e4                EXTI3_IRQHandler
                0x00000000080025e4                USB_HP_CAN_TX_IRQHandler
                0x00000000080025e4                I2C2_EV_IRQHandler
                0x00000000080025e4                FPU_IRQHandler
                0x00000000080025e4                TIM1_UP_TIM16_IRQHandler
                0x00000000080025e4                ADC1_2_IRQHandler
                0x00000000080025e4                SPI1_IRQHandler
                0x00000000080025e4                CAN_SCE_IRQHandler
                0x00000000080025e4                TIM6_DAC_IRQHandler
                0x00000000080025e4                TIM8_UP_IRQHandler
                0x00000000080025e4                DMA2_Channel2_IRQHandler
                0x00000000080025e4                DMA1_Channel4_IRQHandler
                0x00000000080025e4                USART3_IRQHandler
                0x00000000080025e4                DMA1_Channel7_IRQHandler
                0x00000000080025e4                UART5_IRQHandler
                0x00000000080025e4                ADC3_IRQHandler
                0x00000000080025e4                TIM4_IRQHandler
                0x00000000080025e4                CAN_RX1_IRQHandler
                0x00000000080025e4                DMA2_Channel1_IRQHandler
                0x00000000080025e4                I2C1_EV_IRQHandler
                0x00000000080025e4                DMA1_Channel6_IRQHandler
                0x00000000080025e4                UART4_IRQHandler
                0x00000000080025e4                DMA2_Channel4_IRQHandler
                0x00000000080025e4                TIM3_IRQHandler
                0x00000000080025e4                RCC_IRQHandler
                0x00000000080025e4                DMA1_Channel1_IRQHandler
                0x00000000080025e4                Default_Handler
                0x00000000080025e4                USBWakeUp_RMP_IRQHandler
                0x00000000080025e4                EXTI15_10_IRQHandler
                0x00000000080025e4                TIM7_IRQHandler
                0x00000000080025e4                EXTI9_5_IRQHandler
                0x00000000080025e4                RTC_WKUP_IRQHandler
                0x00000000080025e4                SPI2_IRQHandler
                0x00000000080025e4                USB_LP_CAN_RX0_IRQHandler
                0x00000000080025e4                DMA2_Channel5_IRQHandler
                0x00000000080025e4                DMA1_Channel5_IRQHandler
                0x00000000080025e4                USB_LP_IRQHandler
                0x00000000080025e4                EXTI4_IRQHandler
                0x00000000080025e4                TIM1_TRG_COM_TIM17_IRQHandler
                0x00000000080025e4                DMA1_Channel3_IRQHandler
                0x00000000080025e4                ADC4_IRQHandler
                0x00000000080025e4                WWDG_IRQHandler
                0x00000000080025e4                TIM2_IRQHandler
                0x00000000080025e4                COMP7_IRQHandler
                0x00000000080025e4                COMP1_2_3_IRQHandler
                0x00000000080025e4                EXTI1_IRQHandler
                0x00000000080025e4                USART2_IRQHandler
                0x00000000080025e4                COMP4_5_6_IRQHandler
                0x00000000080025e4                I2C2_ER_IRQHandler
                0x00000000080025e4                DMA1_Channel2_IRQHandler
                0x00000000080025e4                TIM8_BRK_IRQHandler
                0x00000000080025e4                FLASH_IRQHandler
                0x00000000080025e4                USART1_IRQHandler
                0x00000000080025e4                SPI3_IRQHandler
                0x00000000080025e4                I2C1_ER_IRQHandler
                0x00000000080025e4                USBWakeUp_IRQHandler
                0x00000000080025e4                DMA2_Channel3_IRQHandler
                0x00000000080025e4                EXTI2_TSC_IRQHandler
                0x00000000080025e4                TIM1_BRK_TIM15_IRQHandler
 *fill*         0x00000000080025e6        0x2 
 .text.__libc_init_array
                0x00000000080025e8       0x48 /usr/lib/gcc/arm-none-eabi/9.2.0/../../../../arm-none-eabi/lib/thumb/v7e-m/nofp/libg_nano.a(lib_a-init.o)
                0x00000000080025e8                __libc_init_array
 .text.memset   0x0000000008002630       0x10 /usr/lib/gcc/arm-none-eabi/9.2.0/../../../../arm-none-eabi/lib/thumb/v7e-m/nofp/libg_nano.a(lib_a-memset.o)
                0x0000000008002630                memset
 *(.glue_7)
 .glue_7        0x0000000008002640        0x0 linker stubs
 *(.glue_7t)
 .glue_7t       0x0000000008002640        0x0 linker stubs
 *(.eh_frame)
 .eh_frame      0x0000000008002640        0x0 /usr/lib/gcc/arm-none-eabi/9.2.0/thumb/v7e-m/nofp/crtbegin.o
 *(.init)
 .init          0x0000000008002640        0x4 /usr/lib/gcc/arm-none-eabi/9.2.0/thumb/v7e-m/nofp/crti.o
                0x0000000008002640                _init
 .init          0x0000000008002644        0x8 /usr/lib/gcc/arm-none-eabi/9.2.0/thumb/v7e-m/nofp/crtn.o
 *(.fini)
 .fini          0x000000000800264c        0x4 /usr/lib/gcc/arm-none-eabi/9.2.0/thumb/v7e-m/nofp/crti.o
                0x000000000800264c                _fini
 .fini          0x0000000008002650        0x8 /usr/lib/gcc/arm-none-eabi/9.2.0/thumb/v7e-m/nofp/crtn.o
                0x0000000008002658                . = ALIGN (0x4)
                0x0000000008002658                _etext = .

.vfp11_veneer   0x0000000008002658        0x0
 .vfp11_veneer  0x0000000008002658        0x0 linker stubs

.v4_bx          0x0000000008002658        0x0
 .v4_bx         0x0000000008002658        0x0 linker stubs

.iplt           0x0000000008002658        0x0
 .iplt          0x0000000008002658        0x0 /usr/lib/gcc/arm-none-eabi/9.2.0/thumb/v7e-m/nofp/crtbegin.o

.rodata         0x0000000008002658      0x154
                0x0000000008002658                . = ALIGN (0x4)
 *(.rodata)
 .rodata        0x0000000008002658       0x62 CMakeFiles/mux_74hc151n.elf.dir/Drivers/STM32F3xx_HAL_Driver/Src/stm32f3xx_hal_cortex.c.obj
 *fill*         0x00000000080026ba        0x2 
 .rodata        0x00000000080026bc       0x60 CMakeFiles/mux_74hc151n.elf.dir/Drivers/STM32F3xx_HAL_Driver/Src/stm32f3xx_hal_gpio.c.obj
 .rodata        0x000000000800271c       0x5f CMakeFiles/mux_74hc151n.elf.dir/Drivers/STM32F3xx_HAL_Driver/Src/stm32f3xx_hal_rcc.c.obj
 *(.rodata*)
 *fill*         0x000000000800277b        0x1 
 .rodata.aPLLMULFactorTable
                0x000000000800277c       0x10 CMakeFiles/mux_74hc151n.elf.dir/Drivers/STM32F3xx_HAL_Driver/Src/stm32f3xx_hal_rcc.c.obj
                0x000000000800277c                aPLLMULFactorTable
 .rodata.aPredivFactorTable
                0x000000000800278c       0x10 CMakeFiles/mux_74hc151n.elf.dir/Drivers/STM32F3xx_HAL_Driver/Src/stm32f3xx_hal_rcc.c.obj
                0x000000000800278c                aPredivFactorTable
 .rodata.AHBPrescTable
                0x000000000800279c       0x10 CMakeFiles/mux_74hc151n.elf.dir/Src/system_stm32f3xx.c.obj
                0x000000000800279c                AHBPrescTable
                0x00000000080027ac                . = ALIGN (0x4)

.rel.dyn        0x00000000080027ac        0x0
 .rel.iplt      0x00000000080027ac        0x0 /usr/lib/gcc/arm-none-eabi/9.2.0/thumb/v7e-m/nofp/crtbegin.o

.ARM.extab
 *(.ARM.extab* .gnu.linkonce.armextab.*)

.ARM            0x00000000080027ac        0x0
                0x00000000080027ac                __exidx_start = .
 *(.ARM.exidx*)
                0x00000000080027ac                __exidx_end = .

.preinit_array  0x00000000080027ac        0x0
                0x00000000080027ac                PROVIDE (__preinit_array_start = .)
 *(.preinit_array*)
                0x00000000080027ac                PROVIDE (__preinit_array_end = .)

.init_array     0x00000000080027ac        0x4
                0x00000000080027ac                PROVIDE (__init_array_start = .)
 *(SORT_BY_NAME(.init_array.*))
 *(.init_array*)
 .init_array    0x00000000080027ac        0x4 /usr/lib/gcc/arm-none-eabi/9.2.0/thumb/v7e-m/nofp/crtbegin.o
                0x00000000080027b0                PROVIDE (__init_array_end = .)

.fini_array     0x00000000080027b0        0x4
                0x00000000080027b0                PROVIDE (__fini_array_start = .)
 *(SORT_BY_NAME(.fini_array.*))
 *(.fini_array*)
 .fini_array    0x00000000080027b0        0x4 /usr/lib/gcc/arm-none-eabi/9.2.0/thumb/v7e-m/nofp/crtbegin.o
                0x00000000080027b4                PROVIDE (__fini_array_end = .)
                0x00000000080027b4                _sidata = LOADADDR (.data)

.data           0x0000000020000000        0xc load address 0x00000000080027b4
                0x0000000020000000                . = ALIGN (0x4)
                0x0000000020000000                _sdata = .
 *(.data)
 *(.data*)
 .data.uwTickPrio
                0x0000000020000000        0x4 CMakeFiles/mux_74hc151n.elf.dir/Drivers/STM32F3xx_HAL_Driver/Src/stm32f3xx_hal.c.obj
                0x0000000020000000                uwTickPrio
 .data.uwTickFreq
                0x0000000020000004        0x1 CMakeFiles/mux_74hc151n.elf.dir/Drivers/STM32F3xx_HAL_Driver/Src/stm32f3xx_hal.c.obj
                0x0000000020000004                uwTickFreq
 *fill*         0x0000000020000005        0x3 
 .data.SystemCoreClock
                0x0000000020000008        0x4 CMakeFiles/mux_74hc151n.elf.dir/Src/system_stm32f3xx.c.obj
                0x0000000020000008                SystemCoreClock
                0x000000002000000c                . = ALIGN (0x4)
                0x000000002000000c                _edata = .
                0x00000000080027c0                _siccmram = LOADADDR (.ccmram)

.igot.plt       0x000000002000000c        0x0 load address 0x00000000080027c0
 .igot.plt      0x000000002000000c        0x0 /usr/lib/gcc/arm-none-eabi/9.2.0/thumb/v7e-m/nofp/crtbegin.o

.ccmram         0x0000000010000000        0x0 load address 0x00000000080027c0
                0x0000000010000000                . = ALIGN (0x4)
                0x0000000010000000                _sccmram = .
 *(.ccmram)
 *(.ccmram*)
                0x0000000010000000                . = ALIGN (0x4)
                0x0000000010000000                _eccmram = .
                0x0000000010000000                . = ALIGN (0x4)

.bss            0x000000002000000c       0x28
                0x000000002000000c                _sbss = .
                0x000000002000000c                __bss_start__ = _sbss
 *(.bss)
 *(.bss*)
 .bss.completed.8891
                0x000000002000000c        0x1 /usr/lib/gcc/arm-none-eabi/9.2.0/thumb/v7e-m/nofp/crtbegin.o
 *fill*         0x000000002000000d        0x3 
 .bss.object.8896
                0x0000000020000010       0x18 /usr/lib/gcc/arm-none-eabi/9.2.0/thumb/v7e-m/nofp/crtbegin.o
 .bss.uwTick    0x0000000020000028        0x4 CMakeFiles/mux_74hc151n.elf.dir/Drivers/STM32F3xx_HAL_Driver/Src/stm32f3xx_hal.c.obj
                0x0000000020000028                uwTick
 .bss.TEST_ITERATION
                0x000000002000002c        0x1 CMakeFiles/mux_74hc151n.elf.dir/Src/main.c.obj
                0x000000002000002c                TEST_ITERATION
 *fill*         0x000000002000002d        0x3 
 .bss.last_change_tick.6249
                0x0000000020000030        0x4 CMakeFiles/mux_74hc151n.elf.dir/Src/main.c.obj
 *(COMMON)
                0x0000000020000034                . = ALIGN (0x4)
                0x0000000020000034                _ebss = .
                0x0000000020000034                __bss_end__ = _ebss

._user_heap_stack
                0x0000000020000034      0x604
                0x0000000020000038                . = ALIGN (0x8)
 *fill*         0x0000000020000034        0x4 
                0x0000000020000038                PROVIDE (end = .)
                [!provide]                        PROVIDE (_end = .)
                0x0000000020000238                . = (. + _Min_Heap_Size)
 *fill*         0x0000000020000038      0x200 
                0x0000000020000638                . = (. + _Min_Stack_Size)
 *fill*         0x0000000020000238      0x400 
                0x0000000020000638                . = ALIGN (0x8)

/DISCARD/
 libc.a(*)
 libm.a(*)
 libgcc.a(*)

.ARM.attributes
                0x0000000000000000       0x2a
 *(.ARM.attributes)
 .ARM.attributes
                0x0000000000000000       0x1e /usr/lib/gcc/arm-none-eabi/9.2.0/thumb/v7e-m/nofp/crti.o
 .ARM.attributes
                0x000000000000001e       0x2e /usr/lib/gcc/arm-none-eabi/9.2.0/thumb/v7e-m/nofp/crtbegin.o
 .ARM.attributes
                0x000000000000004c       0x2e CMakeFiles/mux_74hc151n.elf.dir/Drivers/STM32F3xx_HAL_Driver/Src/stm32f3xx_hal.c.obj
 .ARM.attributes
                0x000000000000007a       0x2e CMakeFiles/mux_74hc151n.elf.dir/Drivers/STM32F3xx_HAL_Driver/Src/stm32f3xx_hal_cortex.c.obj
 .ARM.attributes
                0x00000000000000a8       0x2e CMakeFiles/mux_74hc151n.elf.dir/Drivers/STM32F3xx_HAL_Driver/Src/stm32f3xx_hal_gpio.c.obj
 .ARM.attributes
                0x00000000000000d6       0x2e CMakeFiles/mux_74hc151n.elf.dir/Drivers/STM32F3xx_HAL_Driver/Src/stm32f3xx_hal_rcc.c.obj
 .ARM.attributes
                0x0000000000000104       0x2e CMakeFiles/mux_74hc151n.elf.dir/Src/gpio.c.obj
 .ARM.attributes
                0x0000000000000132       0x2e CMakeFiles/mux_74hc151n.elf.dir/Src/main.c.obj
 .ARM.attributes
                0x0000000000000160       0x2e CMakeFiles/mux_74hc151n.elf.dir/Src/stm32f3xx_hal_msp.c.obj
 .ARM.attributes
                0x000000000000018e       0x2e CMakeFiles/mux_74hc151n.elf.dir/Src/stm32f3xx_it.c.obj
 .ARM.attributes
                0x00000000000001bc       0x2e CMakeFiles/mux_74hc151n.elf.dir/Src/system_stm32f3xx.c.obj
 .ARM.attributes
                0x00000000000001ea       0x21 CMakeFiles/mux_74hc151n.elf.dir/startup/startup_stm32f303xc.s.obj
 .ARM.attributes
                0x000000000000020b       0x2e /usr/lib/gcc/arm-none-eabi/9.2.0/../../../../arm-none-eabi/lib/thumb/v7e-m/nofp/libg_nano.a(lib_a-init.o)
 .ARM.attributes
                0x0000000000000239       0x2e /usr/lib/gcc/arm-none-eabi/9.2.0/../../../../arm-none-eabi/lib/thumb/v7e-m/nofp/libg_nano.a(lib_a-memset.o)
 .ARM.attributes
                0x0000000000000267       0x1e /usr/lib/gcc/arm-none-eabi/9.2.0/thumb/v7e-m/nofp/crtn.o
OUTPUT(mux_74hc151n.elf elf32-littlearm)

.debug_info     0x0000000000000000     0x4891
 .debug_info    0x0000000000000000      0x832 CMakeFiles/mux_74hc151n.elf.dir/Drivers/STM32F3xx_HAL_Driver/Src/stm32f3xx_hal.c.obj
 .debug_info    0x0000000000000832      0xe51 CMakeFiles/mux_74hc151n.elf.dir/Drivers/STM32F3xx_HAL_Driver/Src/stm32f3xx_hal_cortex.c.obj
 .debug_info    0x0000000000001683      0x75e CMakeFiles/mux_74hc151n.elf.dir/Drivers/STM32F3xx_HAL_Driver/Src/stm32f3xx_hal_gpio.c.obj
 .debug_info    0x0000000000001de1     0x15aa CMakeFiles/mux_74hc151n.elf.dir/Drivers/STM32F3xx_HAL_Driver/Src/stm32f3xx_hal_rcc.c.obj
 .debug_info    0x000000000000338b      0x5eb CMakeFiles/mux_74hc151n.elf.dir/Src/gpio.c.obj
 .debug_info    0x0000000000003976      0x598 CMakeFiles/mux_74hc151n.elf.dir/Src/main.c.obj
 .debug_info    0x0000000000003f0e      0x28e CMakeFiles/mux_74hc151n.elf.dir/Src/stm32f3xx_hal_msp.c.obj
 .debug_info    0x000000000000419c      0x244 CMakeFiles/mux_74hc151n.elf.dir/Src/stm32f3xx_it.c.obj
 .debug_info    0x00000000000043e0      0x48f CMakeFiles/mux_74hc151n.elf.dir/Src/system_stm32f3xx.c.obj
 .debug_info    0x000000000000486f       0x22 CMakeFiles/mux_74hc151n.elf.dir/startup/startup_stm32f303xc.s.obj

.debug_abbrev   0x0000000000000000     0x106d
 .debug_abbrev  0x0000000000000000      0x1ea CMakeFiles/mux_74hc151n.elf.dir/Drivers/STM32F3xx_HAL_Driver/Src/stm32f3xx_hal.c.obj
 .debug_abbrev  0x00000000000001ea      0x339 CMakeFiles/mux_74hc151n.elf.dir/Drivers/STM32F3xx_HAL_Driver/Src/stm32f3xx_hal_cortex.c.obj
 .debug_abbrev  0x0000000000000523      0x1e5 CMakeFiles/mux_74hc151n.elf.dir/Drivers/STM32F3xx_HAL_Driver/Src/stm32f3xx_hal_gpio.c.obj
 .debug_abbrev  0x0000000000000708      0x2c1 CMakeFiles/mux_74hc151n.elf.dir/Drivers/STM32F3xx_HAL_Driver/Src/stm32f3xx_hal_rcc.c.obj
 .debug_abbrev  0x00000000000009c9      0x154 CMakeFiles/mux_74hc151n.elf.dir/Src/gpio.c.obj
 .debug_abbrev  0x0000000000000b1d      0x213 CMakeFiles/mux_74hc151n.elf.dir/Src/main.c.obj
 .debug_abbrev  0x0000000000000d30      0x11a CMakeFiles/mux_74hc151n.elf.dir/Src/stm32f3xx_hal_msp.c.obj
 .debug_abbrev  0x0000000000000e4a       0xcf CMakeFiles/mux_74hc151n.elf.dir/Src/stm32f3xx_it.c.obj
 .debug_abbrev  0x0000000000000f19      0x142 CMakeFiles/mux_74hc151n.elf.dir/Src/system_stm32f3xx.c.obj
 .debug_abbrev  0x000000000000105b       0x12 CMakeFiles/mux_74hc151n.elf.dir/startup/startup_stm32f303xc.s.obj

.debug_aranges  0x0000000000000000      0x430
 .debug_aranges
                0x0000000000000000       0xe0 CMakeFiles/mux_74hc151n.elf.dir/Drivers/STM32F3xx_HAL_Driver/Src/stm32f3xx_hal.c.obj
 .debug_aranges
                0x00000000000000e0      0x118 CMakeFiles/mux_74hc151n.elf.dir/Drivers/STM32F3xx_HAL_Driver/Src/stm32f3xx_hal_cortex.c.obj
 .debug_aranges
                0x00000000000001f8       0x58 CMakeFiles/mux_74hc151n.elf.dir/Drivers/STM32F3xx_HAL_Driver/Src/stm32f3xx_hal_gpio.c.obj
 .debug_aranges
                0x0000000000000250       0x88 CMakeFiles/mux_74hc151n.elf.dir/Drivers/STM32F3xx_HAL_Driver/Src/stm32f3xx_hal_rcc.c.obj
 .debug_aranges
                0x00000000000002d8       0x20 CMakeFiles/mux_74hc151n.elf.dir/Src/gpio.c.obj
 .debug_aranges
                0x00000000000002f8       0x60 CMakeFiles/mux_74hc151n.elf.dir/Src/main.c.obj
 .debug_aranges
                0x0000000000000358       0x20 CMakeFiles/mux_74hc151n.elf.dir/Src/stm32f3xx_hal_msp.c.obj
 .debug_aranges
                0x0000000000000378       0x68 CMakeFiles/mux_74hc151n.elf.dir/Src/stm32f3xx_it.c.obj
 .debug_aranges
                0x00000000000003e0       0x28 CMakeFiles/mux_74hc151n.elf.dir/Src/system_stm32f3xx.c.obj
 .debug_aranges
                0x0000000000000408       0x28 CMakeFiles/mux_74hc151n.elf.dir/startup/startup_stm32f303xc.s.obj

.debug_ranges   0x0000000000000000      0x398
 .debug_ranges  0x0000000000000000       0xd0 CMakeFiles/mux_74hc151n.elf.dir/Drivers/STM32F3xx_HAL_Driver/Src/stm32f3xx_hal.c.obj
 .debug_ranges  0x00000000000000d0      0x108 CMakeFiles/mux_74hc151n.elf.dir/Drivers/STM32F3xx_HAL_Driver/Src/stm32f3xx_hal_cortex.c.obj
 .debug_ranges  0x00000000000001d8       0x48 CMakeFiles/mux_74hc151n.elf.dir/Drivers/STM32F3xx_HAL_Driver/Src/stm32f3xx_hal_gpio.c.obj
 .debug_ranges  0x0000000000000220       0x78 CMakeFiles/mux_74hc151n.elf.dir/Drivers/STM32F3xx_HAL_Driver/Src/stm32f3xx_hal_rcc.c.obj
 .debug_ranges  0x0000000000000298       0x10 CMakeFiles/mux_74hc151n.elf.dir/Src/gpio.c.obj
 .debug_ranges  0x00000000000002a8       0x50 CMakeFiles/mux_74hc151n.elf.dir/Src/main.c.obj
 .debug_ranges  0x00000000000002f8       0x10 CMakeFiles/mux_74hc151n.elf.dir/Src/stm32f3xx_hal_msp.c.obj
 .debug_ranges  0x0000000000000308       0x58 CMakeFiles/mux_74hc151n.elf.dir/Src/stm32f3xx_it.c.obj
 .debug_ranges  0x0000000000000360       0x18 CMakeFiles/mux_74hc151n.elf.dir/Src/system_stm32f3xx.c.obj
 .debug_ranges  0x0000000000000378       0x20 CMakeFiles/mux_74hc151n.elf.dir/startup/startup_stm32f303xc.s.obj

.debug_line     0x0000000000000000     0x3516
 .debug_line    0x0000000000000000      0x4ea CMakeFiles/mux_74hc151n.elf.dir/Drivers/STM32F3xx_HAL_Driver/Src/stm32f3xx_hal.c.obj
 .debug_line    0x00000000000004ea      0x95d CMakeFiles/mux_74hc151n.elf.dir/Drivers/STM32F3xx_HAL_Driver/Src/stm32f3xx_hal_cortex.c.obj
 .debug_line    0x0000000000000e47      0x7ba CMakeFiles/mux_74hc151n.elf.dir/Drivers/STM32F3xx_HAL_Driver/Src/stm32f3xx_hal_gpio.c.obj
 .debug_line    0x0000000000001601     0x10c9 CMakeFiles/mux_74hc151n.elf.dir/Drivers/STM32F3xx_HAL_Driver/Src/stm32f3xx_hal_rcc.c.obj
 .debug_line    0x00000000000026ca      0x261 CMakeFiles/mux_74hc151n.elf.dir/Src/gpio.c.obj
 .debug_line    0x000000000000292b      0x401 CMakeFiles/mux_74hc151n.elf.dir/Src/main.c.obj
 .debug_line    0x0000000000002d2c      0x205 CMakeFiles/mux_74hc151n.elf.dir/Src/stm32f3xx_hal_msp.c.obj
 .debug_line    0x0000000000002f31      0x2b6 CMakeFiles/mux_74hc151n.elf.dir/Src/stm32f3xx_it.c.obj
 .debug_line    0x00000000000031e7      0x28a CMakeFiles/mux_74hc151n.elf.dir/Src/system_stm32f3xx.c.obj
 .debug_line    0x0000000000003471       0xa5 CMakeFiles/mux_74hc151n.elf.dir/startup/startup_stm32f303xc.s.obj

.debug_str      0x0000000000000000     0x1761
 .debug_str     0x0000000000000000      0x970 CMakeFiles/mux_74hc151n.elf.dir/Drivers/STM32F3xx_HAL_Driver/Src/stm32f3xx_hal.c.obj
                                        0x9d4 (size before relaxing)
 .debug_str     0x0000000000000970      0x55c CMakeFiles/mux_74hc151n.elf.dir/Drivers/STM32F3xx_HAL_Driver/Src/stm32f3xx_hal_cortex.c.obj
                                        0xc54 (size before relaxing)
 .debug_str     0x0000000000000ecc      0x20f CMakeFiles/mux_74hc151n.elf.dir/Drivers/STM32F3xx_HAL_Driver/Src/stm32f3xx_hal_gpio.c.obj
                                        0x52f (size before relaxing)
 .debug_str     0x00000000000010db      0x359 CMakeFiles/mux_74hc151n.elf.dir/Drivers/STM32F3xx_HAL_Driver/Src/stm32f3xx_hal_rcc.c.obj
                                        0x70c (size before relaxing)
 .debug_str     0x0000000000001434       0x52 CMakeFiles/mux_74hc151n.elf.dir/Src/gpio.c.obj
                                        0x7ca (size before relaxing)
 .debug_str     0x0000000000001486       0xe4 CMakeFiles/mux_74hc151n.elf.dir/Src/main.c.obj
                                        0x50c (size before relaxing)
 .debug_str     0x000000000000156a       0x42 CMakeFiles/mux_74hc151n.elf.dir/Src/stm32f3xx_hal_msp.c.obj
                                        0x307 (size before relaxing)
 .debug_str     0x00000000000015ac       0xde CMakeFiles/mux_74hc151n.elf.dir/Src/stm32f3xx_it.c.obj
                                        0x351 (size before relaxing)
 .debug_str     0x000000000000168a       0x81 CMakeFiles/mux_74hc151n.elf.dir/Src/system_stm32f3xx.c.obj
                                        0x391 (size before relaxing)
 .debug_str     0x000000000000170b       0x56 CMakeFiles/mux_74hc151n.elf.dir/startup/startup_stm32f303xc.s.obj
                                         0x92 (size before relaxing)

.comment        0x0000000000000000       0x1d
 .comment       0x0000000000000000       0x1d CMakeFiles/mux_74hc151n.elf.dir/Drivers/STM32F3xx_HAL_Driver/Src/stm32f3xx_hal.c.obj
                                         0x1e (size before relaxing)
 .comment       0x000000000000001d       0x1e CMakeFiles/mux_74hc151n.elf.dir/Drivers/STM32F3xx_HAL_Driver/Src/stm32f3xx_hal_cortex.c.obj
 .comment       0x000000000000001d       0x1e CMakeFiles/mux_74hc151n.elf.dir/Drivers/STM32F3xx_HAL_Driver/Src/stm32f3xx_hal_gpio.c.obj
 .comment       0x000000000000001d       0x1e CMakeFiles/mux_74hc151n.elf.dir/Drivers/STM32F3xx_HAL_Driver/Src/stm32f3xx_hal_rcc.c.obj
 .comment       0x000000000000001d       0x1e CMakeFiles/mux_74hc151n.elf.dir/Src/gpio.c.obj
 .comment       0x000000000000001d       0x1e CMakeFiles/mux_74hc151n.elf.dir/Src/main.c.obj
 .comment       0x000000000000001d       0x1e CMakeFiles/mux_74hc151n.elf.dir/Src/stm32f3xx_hal_msp.c.obj
 .comment       0x000000000000001d       0x1e CMakeFiles/mux_74hc151n.elf.dir/Src/stm32f3xx_it.c.obj
 .comment       0x000000000000001d       0x1e CMakeFiles/mux_74hc151n.elf.dir/Src/system_stm32f3xx.c.obj

.debug_frame    0x0000000000000000      0xe94
 .debug_frame   0x0000000000000000      0x334 CMakeFiles/mux_74hc151n.elf.dir/Drivers/STM32F3xx_HAL_Driver/Src/stm32f3xx_hal.c.obj
 .debug_frame   0x0000000000000334      0x494 CMakeFiles/mux_74hc151n.elf.dir/Drivers/STM32F3xx_HAL_Driver/Src/stm32f3xx_hal_cortex.c.obj
 .debug_frame   0x00000000000007c8      0x138 CMakeFiles/mux_74hc151n.elf.dir/Drivers/STM32F3xx_HAL_Driver/Src/stm32f3xx_hal_gpio.c.obj
 .debug_frame   0x0000000000000900      0x20c CMakeFiles/mux_74hc151n.elf.dir/Drivers/STM32F3xx_HAL_Driver/Src/stm32f3xx_hal_rcc.c.obj
 .debug_frame   0x0000000000000b0c       0x34 CMakeFiles/mux_74hc151n.elf.dir/Src/gpio.c.obj
 .debug_frame   0x0000000000000b40      0x150 CMakeFiles/mux_74hc151n.elf.dir/Src/main.c.obj
 .debug_frame   0x0000000000000c90       0x38 CMakeFiles/mux_74hc151n.elf.dir/Src/stm32f3xx_hal_msp.c.obj
 .debug_frame   0x0000000000000cc8      0x128 CMakeFiles/mux_74hc151n.elf.dir/Src/stm32f3xx_it.c.obj
 .debug_frame   0x0000000000000df0       0x58 CMakeFiles/mux_74hc151n.elf.dir/Src/system_stm32f3xx.c.obj
 .debug_frame   0x0000000000000e48       0x2c /usr/lib/gcc/arm-none-eabi/9.2.0/../../../../arm-none-eabi/lib/thumb/v7e-m/nofp/libg_nano.a(lib_a-init.o)
 .debug_frame   0x0000000000000e74       0x20 /usr/lib/gcc/arm-none-eabi/9.2.0/../../../../arm-none-eabi/lib/thumb/v7e-m/nofp/libg_nano.a(lib_a-memset.o)
