Archive member included to satisfy reference by file (symbol)

/usr/lib/gcc/arm-none-eabi/9.2.0/../../../../arm-none-eabi/lib/thumb/v7e-m/nofp/libg_nano.a(lib_a-atexit.o)
                              /usr/lib/gcc/arm-none-eabi/9.2.0/../../../../arm-none-eabi/lib/thumb/v7e-m/nofp/crt0.o (atexit)
/usr/lib/gcc/arm-none-eabi/9.2.0/../../../../arm-none-eabi/lib/thumb/v7e-m/nofp/libg_nano.a(lib_a-errno.o)
                              CMakeFiles/servo.elf.dir/Src/syscalls.c.obj (__errno)
/usr/lib/gcc/arm-none-eabi/9.2.0/../../../../arm-none-eabi/lib/thumb/v7e-m/nofp/libg_nano.a(lib_a-exit.o)
                              /usr/lib/gcc/arm-none-eabi/9.2.0/../../../../arm-none-eabi/lib/thumb/v7e-m/nofp/crt0.o (exit)
/usr/lib/gcc/arm-none-eabi/9.2.0/../../../../arm-none-eabi/lib/thumb/v7e-m/nofp/libg_nano.a(lib_a-fini.o)
                              /usr/lib/gcc/arm-none-eabi/9.2.0/../../../../arm-none-eabi/lib/thumb/v7e-m/nofp/crt0.o (__libc_fini_array)
/usr/lib/gcc/arm-none-eabi/9.2.0/../../../../arm-none-eabi/lib/thumb/v7e-m/nofp/libg_nano.a(lib_a-impure.o)
                              /usr/lib/gcc/arm-none-eabi/9.2.0/../../../../arm-none-eabi/lib/thumb/v7e-m/nofp/libg_nano.a(lib_a-exit.o) (_global_impure_ptr)
/usr/lib/gcc/arm-none-eabi/9.2.0/../../../../arm-none-eabi/lib/thumb/v7e-m/nofp/libg_nano.a(lib_a-init.o)
                              /usr/lib/gcc/arm-none-eabi/9.2.0/../../../../arm-none-eabi/lib/thumb/v7e-m/nofp/crt0.o (__libc_init_array)
/usr/lib/gcc/arm-none-eabi/9.2.0/../../../../arm-none-eabi/lib/thumb/v7e-m/nofp/libg_nano.a(lib_a-memset.o)
                              /usr/lib/gcc/arm-none-eabi/9.2.0/../../../../arm-none-eabi/lib/thumb/v7e-m/nofp/crt0.o (memset)
/usr/lib/gcc/arm-none-eabi/9.2.0/../../../../arm-none-eabi/lib/thumb/v7e-m/nofp/libg_nano.a(lib_a-__atexit.o)
                              /usr/lib/gcc/arm-none-eabi/9.2.0/../../../../arm-none-eabi/lib/thumb/v7e-m/nofp/libg_nano.a(lib_a-atexit.o) (__register_exitproc)
/usr/lib/gcc/arm-none-eabi/9.2.0/../../../../arm-none-eabi/lib/thumb/v7e-m/nofp/libg_nano.a(lib_a-__call_atexit.o)
                              /usr/lib/gcc/arm-none-eabi/9.2.0/../../../../arm-none-eabi/lib/thumb/v7e-m/nofp/libg_nano.a(lib_a-__atexit.o) (__call_exitprocs)
/usr/lib/gcc/arm-none-eabi/9.2.0/../../../../arm-none-eabi/lib/thumb/v7e-m/nofp/libg_nano.a(lib_a-lock.o)
                              /usr/lib/gcc/arm-none-eabi/9.2.0/../../../../arm-none-eabi/lib/thumb/v7e-m/nofp/libg_nano.a(lib_a-__atexit.o) (__retarget_lock_acquire_recursive)

Allocating common symbols
Common symbol       size              file

__lock___atexit_recursive_mutex
                    0x1               /usr/lib/gcc/arm-none-eabi/9.2.0/../../../../arm-none-eabi/lib/thumb/v7e-m/nofp/libg_nano.a(lib_a-lock.o)
__lock___arc4random_mutex
                    0x1               /usr/lib/gcc/arm-none-eabi/9.2.0/../../../../arm-none-eabi/lib/thumb/v7e-m/nofp/libg_nano.a(lib_a-lock.o)
__lock___env_recursive_mutex
                    0x1               /usr/lib/gcc/arm-none-eabi/9.2.0/../../../../arm-none-eabi/lib/thumb/v7e-m/nofp/libg_nano.a(lib_a-lock.o)
__lock___sinit_recursive_mutex
                    0x1               /usr/lib/gcc/arm-none-eabi/9.2.0/../../../../arm-none-eabi/lib/thumb/v7e-m/nofp/libg_nano.a(lib_a-lock.o)
__lock___malloc_recursive_mutex
                    0x1               /usr/lib/gcc/arm-none-eabi/9.2.0/../../../../arm-none-eabi/lib/thumb/v7e-m/nofp/libg_nano.a(lib_a-lock.o)
__lock___at_quick_exit_mutex
                    0x1               /usr/lib/gcc/arm-none-eabi/9.2.0/../../../../arm-none-eabi/lib/thumb/v7e-m/nofp/libg_nano.a(lib_a-lock.o)
__lock___dd_hash_mutex
                    0x1               /usr/lib/gcc/arm-none-eabi/9.2.0/../../../../arm-none-eabi/lib/thumb/v7e-m/nofp/libg_nano.a(lib_a-lock.o)
__lock___tz_mutex   0x1               /usr/lib/gcc/arm-none-eabi/9.2.0/../../../../arm-none-eabi/lib/thumb/v7e-m/nofp/libg_nano.a(lib_a-lock.o)
__lock___sfp_recursive_mutex
                    0x1               /usr/lib/gcc/arm-none-eabi/9.2.0/../../../../arm-none-eabi/lib/thumb/v7e-m/nofp/libg_nano.a(lib_a-lock.o)

Discarded input sections

 .text          0x0000000000000000        0x0 /usr/lib/gcc/arm-none-eabi/9.2.0/thumb/v7e-m/nofp/crti.o
 .data          0x0000000000000000        0x0 /usr/lib/gcc/arm-none-eabi/9.2.0/thumb/v7e-m/nofp/crti.o
 .bss           0x0000000000000000        0x0 /usr/lib/gcc/arm-none-eabi/9.2.0/thumb/v7e-m/nofp/crti.o
 .text          0x0000000000000000        0x0 /usr/lib/gcc/arm-none-eabi/9.2.0/thumb/v7e-m/nofp/crtbegin.o
 .data          0x0000000000000000        0x0 /usr/lib/gcc/arm-none-eabi/9.2.0/thumb/v7e-m/nofp/crtbegin.o
 .bss           0x0000000000000000        0x0 /usr/lib/gcc/arm-none-eabi/9.2.0/thumb/v7e-m/nofp/crtbegin.o
 .data.__dso_handle
                0x0000000000000000        0x4 /usr/lib/gcc/arm-none-eabi/9.2.0/thumb/v7e-m/nofp/crtbegin.o
[...]
Memory Configuration

Name             Origin             Length             Attributes
RAM              0x0000000020000000 0x000000000000a000 xrw
CCMRAM           0x0000000010000000 0x0000000000002000 rw
FLASH            0x0000000008000000 0x0000000000040000 xr
*default*        0x0000000000000000 0xffffffffffffffff

Linker script and memory map

LOAD /usr/lib/gcc/arm-none-eabi/9.2.0/thumb/v7e-m/nofp/crti.o
LOAD /usr/lib/gcc/arm-none-eabi/9.2.0/thumb/v7e-m/nofp/crtbegin.o
LOAD /usr/lib/gcc/arm-none-eabi/9.2.0/../../../../arm-none-eabi/lib/thumb/v7e-m/nofp/crt0.o
LOAD CMakeFiles/servo.elf.dir/Drivers/STM32F3xx_HAL_Driver/Src/stm32f3xx_hal.c.obj
LOAD CMakeFiles/servo.elf.dir/Drivers/STM32F3xx_HAL_Driver/Src/stm32f3xx_hal_cortex.c.obj
LOAD CMakeFiles/servo.elf.dir/Drivers/STM32F3xx_HAL_Driver/Src/stm32f3xx_hal_dma.c.obj
LOAD CMakeFiles/servo.elf.dir/Drivers/STM32F3xx_HAL_Driver/Src/stm32f3xx_hal_exti.c.obj
LOAD CMakeFiles/servo.elf.dir/Drivers/STM32F3xx_HAL_Driver/Src/stm32f3xx_hal_flash.c.obj
LOAD CMakeFiles/servo.elf.dir/Drivers/STM32F3xx_HAL_Driver/Src/stm32f3xx_hal_flash_ex.c.obj
LOAD CMakeFiles/servo.elf.dir/Drivers/STM32F3xx_HAL_Driver/Src/stm32f3xx_hal_gpio.c.obj
LOAD CMakeFiles/servo.elf.dir/Drivers/STM32F3xx_HAL_Driver/Src/stm32f3xx_hal_i2c.c.obj
LOAD CMakeFiles/servo.elf.dir/Drivers/STM32F3xx_HAL_Driver/Src/stm32f3xx_hal_i2c_ex.c.obj
LOAD CMakeFiles/servo.elf.dir/Drivers/STM32F3xx_HAL_Driver/Src/stm32f3xx_hal_pwr.c.obj
LOAD CMakeFiles/servo.elf.dir/Drivers/STM32F3xx_HAL_Driver/Src/stm32f3xx_hal_pwr_ex.c.obj
LOAD CMakeFiles/servo.elf.dir/Drivers/STM32F3xx_HAL_Driver/Src/stm32f3xx_hal_rcc.c.obj
LOAD CMakeFiles/servo.elf.dir/Drivers/STM32F3xx_HAL_Driver/Src/stm32f3xx_hal_rcc_ex.c.obj
LOAD CMakeFiles/servo.elf.dir/Drivers/STM32F3xx_HAL_Driver/Src/stm32f3xx_hal_tim.c.obj
LOAD CMakeFiles/servo.elf.dir/Drivers/STM32F3xx_HAL_Driver/Src/stm32f3xx_hal_tim_ex.c.obj
LOAD CMakeFiles/servo.elf.dir/Src/gpio.c.obj
LOAD CMakeFiles/servo.elf.dir/Src/main.c.obj
LOAD CMakeFiles/servo.elf.dir/Src/stm32f3xx_hal_msp.c.obj
LOAD CMakeFiles/servo.elf.dir/Src/stm32f3xx_it.c.obj
LOAD CMakeFiles/servo.elf.dir/Src/sys.c.obj
LOAD CMakeFiles/servo.elf.dir/Src/syscalls.c.obj
LOAD CMakeFiles/servo.elf.dir/Src/system_stm32f3xx.c.obj
LOAD CMakeFiles/servo.elf.dir/Src/tim.c.obj
LOAD CMakeFiles/servo.elf.dir/startup/startup_stm32f303xc.s.obj
START GROUP
LOAD /usr/lib/gcc/arm-none-eabi/9.2.0/thumb/v7e-m/nofp/libgcc.a
LOAD /usr/lib/gcc/arm-none-eabi/9.2.0/../../../../arm-none-eabi/lib/thumb/v7e-m/nofp/libg_nano.a
LOAD /usr/lib/gcc/arm-none-eabi/9.2.0/../../../../arm-none-eabi/lib/thumb/v7e-m/nofp/libc_nano.a
END GROUP
START GROUP
LOAD /usr/lib/gcc/arm-none-eabi/9.2.0/thumb/v7e-m/nofp/libgcc.a
LOAD /usr/lib/gcc/arm-none-eabi/9.2.0/../../../../arm-none-eabi/lib/thumb/v7e-m/nofp/libc_nano.a
LOAD /usr/lib/gcc/arm-none-eabi/9.2.0/../../../../arm-none-eabi/lib/thumb/v7e-m/nofp/libnosys.a
END GROUP
START GROUP
LOAD /usr/lib/gcc/arm-none-eabi/9.2.0/thumb/v7e-m/nofp/libgcc.a
LOAD /usr/lib/gcc/arm-none-eabi/9.2.0/../../../../arm-none-eabi/lib/thumb/v7e-m/nofp/libc_nano.a
LOAD /usr/lib/gcc/arm-none-eabi/9.2.0/../../../../arm-none-eabi/lib/thumb/v7e-m/nofp/libnosys.a
END GROUP
LOAD /usr/lib/gcc/arm-none-eabi/9.2.0/thumb/v7e-m/nofp/crtend.o
LOAD /usr/lib/gcc/arm-none-eabi/9.2.0/thumb/v7e-m/nofp/crtn.o
                0x000000002000a000                _estack = 0x2000a000
                0x0000000000000200                _Min_Heap_Size = 0x200
                0x0000000000000400                _Min_Stack_Size = 0x400

.isr_vector     0x0000000008000000      0x188
                0x0000000008000000                . = ALIGN (0x4)
 *(.isr_vector)
 .isr_vector    0x0000000008000000      0x188 CMakeFiles/servo.elf.dir/startup/startup_stm32f303xc.s.obj
                0x0000000008000000                g_pfnVectors
                0x0000000008000188                . = ALIGN (0x4)

.text           0x0000000008000188     0x468c
                0x0000000008000188                . = ALIGN (0x4)
 *(.text)
 *(.text*)
 .text.__do_global_dtors_aux
                0x0000000008000188       0x24 /usr/lib/gcc/arm-none-eabi/9.2.0/thumb/v7e-m/nofp/crtbegin.o
 .text.frame_dummy
                0x00000000080001ac       0x1c /usr/lib/gcc/arm-none-eabi/9.2.0/thumb/v7e-m/nofp/crtbegin.o
 .text.HAL_Init
                0x00000000080001c8       0x2c CMakeFiles/servo.elf.dir/Drivers/STM32F3xx_HAL_Driver/Src/stm32f3xx_hal.c.obj
                0x00000000080001c8                HAL_Init
 .text.HAL_InitTick
                0x00000000080001f4       0x60 CMakeFiles/servo.elf.dir/Drivers/STM32F3xx_HAL_Driver/Src/stm32f3xx_hal.c.obj
                0x00000000080001f4                HAL_InitTick
 .text.HAL_IncTick
                0x0000000008000254       0x24 CMakeFiles/servo.elf.dir/Drivers/STM32F3xx_HAL_Driver/Src/stm32f3xx_hal.c.obj
                0x0000000008000254                HAL_IncTick
 .text.HAL_GetTick
                0x0000000008000278       0x14 CMakeFiles/servo.elf.dir/Drivers/STM32F3xx_HAL_Driver/Src/stm32f3xx_hal.c.obj
                0x0000000008000278                HAL_GetTick
 .text.HAL_Delay
                0x000000000800028c       0x48 CMakeFiles/servo.elf.dir/Drivers/STM32F3xx_HAL_Driver/Src/stm32f3xx_hal.c.obj
                0x000000000800028c                HAL_Delay
 .text.__NVIC_SetPriorityGrouping
                0x00000000080002d4       0x48 CMakeFiles/servo.elf.dir/Drivers/STM32F3xx_HAL_Driver/Src/stm32f3xx_hal_cortex.c.obj
 .text.__NVIC_GetPriorityGrouping
                0x000000000800031c       0x1c CMakeFiles/servo.elf.dir/Drivers/STM32F3xx_HAL_Driver/Src/stm32f3xx_hal_cortex.c.obj
 .text.__NVIC_SetPriority
                0x0000000008000338       0x54 CMakeFiles/servo.elf.dir/Drivers/STM32F3xx_HAL_Driver/Src/stm32f3xx_hal_cortex.c.obj
 .text.NVIC_EncodePriority
                0x000000000800038c       0x64 CMakeFiles/servo.elf.dir/Drivers/STM32F3xx_HAL_Driver/Src/stm32f3xx_hal_cortex.c.obj
 .text.SysTick_Config
                0x00000000080003f0       0x44 CMakeFiles/servo.elf.dir/Drivers/STM32F3xx_HAL_Driver/Src/stm32f3xx_hal_cortex.c.obj
 .text.HAL_NVIC_SetPriorityGrouping
                0x0000000008000434       0x40 CMakeFiles/servo.elf.dir/Drivers/STM32F3xx_HAL_Driver/Src/stm32f3xx_hal_cortex.c.obj
                0x0000000008000434                HAL_NVIC_SetPriorityGrouping
 .text.HAL_NVIC_SetPriority
                0x0000000008000474       0x58 CMakeFiles/servo.elf.dir/Drivers/STM32F3xx_HAL_Driver/Src/stm32f3xx_hal_cortex.c.obj
                0x0000000008000474                HAL_NVIC_SetPriority
 .text.HAL_SYSTICK_Config
                0x00000000080004cc       0x18 CMakeFiles/servo.elf.dir/Drivers/STM32F3xx_HAL_Driver/Src/stm32f3xx_hal_cortex.c.obj
                0x00000000080004cc                HAL_SYSTICK_Config
 .text.HAL_GPIO_Init
                0x00000000080004e4      0x494 CMakeFiles/servo.elf.dir/Drivers/STM32F3xx_HAL_Driver/Src/stm32f3xx_hal_gpio.c.obj
                0x00000000080004e4                HAL_GPIO_Init
 .text.HAL_RCC_OscConfig
                0x0000000008000978     0x1018 CMakeFiles/servo.elf.dir/Drivers/STM32F3xx_HAL_Driver/Src/stm32f3xx_hal_rcc.c.obj
                0x0000000008000978                HAL_RCC_OscConfig
 .text.HAL_RCC_ClockConfig
                0x0000000008001990      0x440 CMakeFiles/servo.elf.dir/Drivers/STM32F3xx_HAL_Driver/Src/stm32f3xx_hal_rcc.c.obj
                0x0000000008001990                HAL_RCC_ClockConfig
 .text.HAL_RCC_GetSysClockFreq
                0x0000000008001dd0       0xd0 CMakeFiles/servo.elf.dir/Drivers/STM32F3xx_HAL_Driver/Src/stm32f3xx_hal_rcc.c.obj
                0x0000000008001dd0                HAL_RCC_GetSysClockFreq
 .text.HAL_RCCEx_PeriphCLKConfig
                0x0000000008001ea0      0x64c CMakeFiles/servo.elf.dir/Drivers/STM32F3xx_HAL_Driver/Src/stm32f3xx_hal_rcc_ex.c.obj
                0x0000000008001ea0                HAL_RCCEx_PeriphCLKConfig
 .text.HAL_TIM_Base_Init
                0x00000000080024ec      0x160 CMakeFiles/servo.elf.dir/Drivers/STM32F3xx_HAL_Driver/Src/stm32f3xx_hal_tim.c.obj
                0x00000000080024ec                HAL_TIM_Base_Init
 .text.HAL_TIM_PWM_Init
                0x000000000800264c      0x160 CMakeFiles/servo.elf.dir/Drivers/STM32F3xx_HAL_Driver/Src/stm32f3xx_hal_tim.c.obj
                0x000000000800264c                HAL_TIM_PWM_Init
 .text.HAL_TIM_PWM_MspInit
                0x00000000080027ac       0x12 CMakeFiles/servo.elf.dir/Drivers/STM32F3xx_HAL_Driver/Src/stm32f3xx_hal_tim.c.obj
                0x00000000080027ac                HAL_TIM_PWM_MspInit
 *fill*         0x00000000080027be        0x2 
 .text.HAL_TIM_PWM_Start
                0x00000000080027c0      0x1c0 CMakeFiles/servo.elf.dir/Drivers/STM32F3xx_HAL_Driver/Src/stm32f3xx_hal_tim.c.obj
                0x00000000080027c0                HAL_TIM_PWM_Start
 .text.HAL_TIM_PWM_ConfigChannel
                0x0000000008002980      0x474 CMakeFiles/servo.elf.dir/Drivers/STM32F3xx_HAL_Driver/Src/stm32f3xx_hal_tim.c.obj
                0x0000000008002980                HAL_TIM_PWM_ConfigChannel
 .text.HAL_TIM_ConfigClockSource
                0x0000000008002df4      0x630 CMakeFiles/servo.elf.dir/Drivers/STM32F3xx_HAL_Driver/Src/stm32f3xx_hal_tim.c.obj
                0x0000000008002df4                HAL_TIM_ConfigClockSource
 .text.TIM_Base_SetConfig
                0x0000000008003424      0x11c CMakeFiles/servo.elf.dir/Drivers/STM32F3xx_HAL_Driver/Src/stm32f3xx_hal_tim.c.obj
                0x0000000008003424                TIM_Base_SetConfig
 .text.TIM_OC1_SetConfig
                0x0000000008003540      0x174 CMakeFiles/servo.elf.dir/Drivers/STM32F3xx_HAL_Driver/Src/stm32f3xx_hal_tim.c.obj
 .text.TIM_OC2_SetConfig
                0x00000000080036b4      0x164 CMakeFiles/servo.elf.dir/Drivers/STM32F3xx_HAL_Driver/Src/stm32f3xx_hal_tim.c.obj
                0x00000000080036b4                TIM_OC2_SetConfig
 .text.TIM_OC3_SetConfig
                0x0000000008003818      0x164 CMakeFiles/servo.elf.dir/Drivers/STM32F3xx_HAL_Driver/Src/stm32f3xx_hal_tim.c.obj
 .text.TIM_OC4_SetConfig
                0x000000000800397c       0xf0 CMakeFiles/servo.elf.dir/Drivers/STM32F3xx_HAL_Driver/Src/stm32f3xx_hal_tim.c.obj
 .text.TIM_OC5_SetConfig
                0x0000000008003a6c       0xc8 CMakeFiles/servo.elf.dir/Drivers/STM32F3xx_HAL_Driver/Src/stm32f3xx_hal_tim.c.obj
 .text.TIM_OC6_SetConfig
                0x0000000008003b34       0xc8 CMakeFiles/servo.elf.dir/Drivers/STM32F3xx_HAL_Driver/Src/stm32f3xx_hal_tim.c.obj
 .text.TIM_TI1_ConfigInputStage
                0x0000000008003bfc       0x5c CMakeFiles/servo.elf.dir/Drivers/STM32F3xx_HAL_Driver/Src/stm32f3xx_hal_tim.c.obj
 .text.TIM_TI2_ConfigInputStage
                0x0000000008003c58       0x5e CMakeFiles/servo.elf.dir/Drivers/STM32F3xx_HAL_Driver/Src/stm32f3xx_hal_tim.c.obj
 .text.TIM_ITRx_SetConfig
                0x0000000008003cb6       0x34 CMakeFiles/servo.elf.dir/Drivers/STM32F3xx_HAL_Driver/Src/stm32f3xx_hal_tim.c.obj
 .text.TIM_ETR_SetConfig
                0x0000000008003cea       0x3e CMakeFiles/servo.elf.dir/Drivers/STM32F3xx_HAL_Driver/Src/stm32f3xx_hal_tim.c.obj
                0x0000000008003cea                TIM_ETR_SetConfig
 .text.TIM_CCxChannelCmd
                0x0000000008003d28       0xe4 CMakeFiles/servo.elf.dir/Drivers/STM32F3xx_HAL_Driver/Src/stm32f3xx_hal_tim.c.obj
                0x0000000008003d28                TIM_CCxChannelCmd
 .text.HAL_TIMEx_MasterConfigSynchronization
                0x0000000008003e0c      0x278 CMakeFiles/servo.elf.dir/Drivers/STM32F3xx_HAL_Driver/Src/stm32f3xx_hal_tim_ex.c.obj
                0x0000000008003e0c                HAL_TIMEx_MasterConfigSynchronization
 .text.HAL_TIMEx_ConfigBreakDeadTime
                0x0000000008004084      0x270 CMakeFiles/servo.elf.dir/Drivers/STM32F3xx_HAL_Driver/Src/stm32f3xx_hal_tim_ex.c.obj
                0x0000000008004084                HAL_TIMEx_ConfigBreakDeadTime
 .text.MX_GPIO_Init
                0x00000000080042f4       0x44 CMakeFiles/servo.elf.dir/Src/gpio.c.obj
                0x00000000080042f4                MX_GPIO_Init
 .text.main     0x0000000008004338       0x7c CMakeFiles/servo.elf.dir/Src/main.c.obj
                0x0000000008004338                main
 .text.SystemClock_Config
                0x00000000080043b4       0xae CMakeFiles/servo.elf.dir/Src/main.c.obj
                0x00000000080043b4                SystemClock_Config
 .text.Error_Handler
                0x0000000008004462        0xc CMakeFiles/servo.elf.dir/Src/main.c.obj
                0x0000000008004462                Error_Handler
 .text.assert_failed
                0x000000000800446e       0x14 CMakeFiles/servo.elf.dir/Src/main.c.obj
                0x000000000800446e                assert_failed
 *fill*         0x0000000008004482        0x2 
 .text.HAL_MspInit
                0x0000000008004484       0x44 CMakeFiles/servo.elf.dir/Src/stm32f3xx_hal_msp.c.obj
                0x0000000008004484                HAL_MspInit
 .text.NMI_Handler
                0x00000000080044c8        0xc CMakeFiles/servo.elf.dir/Src/stm32f3xx_it.c.obj
                0x00000000080044c8                NMI_Handler
 .text.HardFault_Handler
                0x00000000080044d4        0x6 CMakeFiles/servo.elf.dir/Src/stm32f3xx_it.c.obj
                0x00000000080044d4                HardFault_Handler
 .text.MemManage_Handler
                0x00000000080044da        0x6 CMakeFiles/servo.elf.dir/Src/stm32f3xx_it.c.obj
                0x00000000080044da                MemManage_Handler
 .text.BusFault_Handler
                0x00000000080044e0        0x6 CMakeFiles/servo.elf.dir/Src/stm32f3xx_it.c.obj
                0x00000000080044e0                BusFault_Handler
 .text.UsageFault_Handler
                0x00000000080044e6        0x6 CMakeFiles/servo.elf.dir/Src/stm32f3xx_it.c.obj
                0x00000000080044e6                UsageFault_Handler
 .text.SVC_Handler
                0x00000000080044ec        0xc CMakeFiles/servo.elf.dir/Src/stm32f3xx_it.c.obj
                0x00000000080044ec                SVC_Handler
 .text.DebugMon_Handler
                0x00000000080044f8        0xc CMakeFiles/servo.elf.dir/Src/stm32f3xx_it.c.obj
                0x00000000080044f8                DebugMon_Handler
 .text.PendSV_Handler
                0x0000000008004504        0xc CMakeFiles/servo.elf.dir/Src/stm32f3xx_it.c.obj
                0x0000000008004504                PendSV_Handler
 .text.SysTick_Handler
                0x0000000008004510        0xc CMakeFiles/servo.elf.dir/Src/stm32f3xx_it.c.obj
                0x0000000008004510                SysTick_Handler
 .text.SystemInit
                0x000000000800451c       0x18 CMakeFiles/servo.elf.dir/Src/system_stm32f3xx.c.obj
                0x000000000800451c                SystemInit
 .text.MX_TIM1_Init
                0x0000000008004534      0x170 CMakeFiles/servo.elf.dir/Src/tim.c.obj
                0x0000000008004534                MX_TIM1_Init
 .text.HAL_TIM_Base_MspInit
                0x00000000080046a4       0x3c CMakeFiles/servo.elf.dir/Src/tim.c.obj
                0x00000000080046a4                HAL_TIM_Base_MspInit
 .text.HAL_TIM_MspPostInit
                0x00000000080046e0       0x70 CMakeFiles/servo.elf.dir/Src/tim.c.obj
                0x00000000080046e0                HAL_TIM_MspPostInit
 .text.Reset_Handler
                0x0000000008004750       0x50 CMakeFiles/servo.elf.dir/startup/startup_stm32f303xc.s.obj
                0x0000000008004750                Reset_Handler
 .text.Default_Handler
                0x00000000080047a0        0x2 CMakeFiles/servo.elf.dir/startup/startup_stm32f303xc.s.obj
                0x00000000080047a0                RTC_Alarm_IRQHandler
                0x00000000080047a0                TIM8_TRG_COM_IRQHandler
                0x00000000080047a0                TIM8_CC_IRQHandler
                0x00000000080047a0                TIM1_CC_IRQHandler
                0x00000000080047a0                USB_HP_IRQHandler
                0x00000000080047a0                PVD_IRQHandler
                0x00000000080047a0                TAMP_STAMP_IRQHandler
                0x00000000080047a0                EXTI3_IRQHandler
                0x00000000080047a0                USB_HP_CAN_TX_IRQHandler
                0x00000000080047a0                EXTI0_IRQHandler
                0x00000000080047a0                I2C2_EV_IRQHandler
                0x00000000080047a0                FPU_IRQHandler
                0x00000000080047a0                TIM1_UP_TIM16_IRQHandler
                0x00000000080047a0                ADC1_2_IRQHandler
                0x00000000080047a0                SPI1_IRQHandler
                0x00000000080047a0                CAN_SCE_IRQHandler
                0x00000000080047a0                TIM6_DAC_IRQHandler
                0x00000000080047a0                TIM8_UP_IRQHandler
                0x00000000080047a0                DMA2_Channel2_IRQHandler
                0x00000000080047a0                DMA1_Channel4_IRQHandler
                0x00000000080047a0                USART3_IRQHandler
                0x00000000080047a0                DMA1_Channel7_IRQHandler
                0x00000000080047a0                UART5_IRQHandler
                0x00000000080047a0                ADC3_IRQHandler
                0x00000000080047a0                TIM4_IRQHandler
                0x00000000080047a0                CAN_RX1_IRQHandler
                0x00000000080047a0                DMA2_Channel1_IRQHandler
                0x00000000080047a0                I2C1_EV_IRQHandler
                0x00000000080047a0                DMA1_Channel6_IRQHandler
                0x00000000080047a0                UART4_IRQHandler
                0x00000000080047a0                DMA2_Channel4_IRQHandler
                0x00000000080047a0                TIM3_IRQHandler
                0x00000000080047a0                RCC_IRQHandler
                0x00000000080047a0                DMA1_Channel1_IRQHandler
                0x00000000080047a0                Default_Handler
                0x00000000080047a0                USBWakeUp_RMP_IRQHandler
                0x00000000080047a0                EXTI15_10_IRQHandler
                0x00000000080047a0                TIM7_IRQHandler
                0x00000000080047a0                EXTI9_5_IRQHandler
                0x00000000080047a0                RTC_WKUP_IRQHandler
                0x00000000080047a0                SPI2_IRQHandler
                0x00000000080047a0                USB_LP_CAN_RX0_IRQHandler
                0x00000000080047a0                DMA2_Channel5_IRQHandler
                0x00000000080047a0                DMA1_Channel5_IRQHandler
                0x00000000080047a0                USB_LP_IRQHandler
                0x00000000080047a0                EXTI4_IRQHandler
                0x00000000080047a0                TIM1_TRG_COM_TIM17_IRQHandler
                0x00000000080047a0                DMA1_Channel3_IRQHandler
                0x00000000080047a0                ADC4_IRQHandler
                0x00000000080047a0                WWDG_IRQHandler
                0x00000000080047a0                TIM2_IRQHandler
                0x00000000080047a0                COMP7_IRQHandler
                0x00000000080047a0                COMP1_2_3_IRQHandler
                0x00000000080047a0                EXTI1_IRQHandler
                0x00000000080047a0                USART2_IRQHandler
                0x00000000080047a0                COMP4_5_6_IRQHandler
                0x00000000080047a0                I2C2_ER_IRQHandler
                0x00000000080047a0                DMA1_Channel2_IRQHandler
                0x00000000080047a0                TIM8_BRK_IRQHandler
                0x00000000080047a0                FLASH_IRQHandler
                0x00000000080047a0                USART1_IRQHandler
                0x00000000080047a0                SPI3_IRQHandler
                0x00000000080047a0                I2C1_ER_IRQHandler
                0x00000000080047a0                USBWakeUp_IRQHandler
                0x00000000080047a0                DMA2_Channel3_IRQHandler
                0x00000000080047a0                EXTI2_TSC_IRQHandler
                0x00000000080047a0                TIM1_BRK_TIM15_IRQHandler
 *fill*         0x00000000080047a2        0x2 
 .text.__libc_init_array
                0x00000000080047a4       0x48 /usr/lib/gcc/arm-none-eabi/9.2.0/../../../../arm-none-eabi/lib/thumb/v7e-m/nofp/libg_nano.a(lib_a-init.o)
                0x00000000080047a4                __libc_init_array
 .text.memset   0x00000000080047ec       0x10 /usr/lib/gcc/arm-none-eabi/9.2.0/../../../../arm-none-eabi/lib/thumb/v7e-m/nofp/libg_nano.a(lib_a-memset.o)
                0x00000000080047ec                memset
 *(.glue_7)
 .glue_7        0x00000000080047fc        0x0 linker stubs
 *(.glue_7t)
 .glue_7t       0x00000000080047fc        0x0 linker stubs
 *(.eh_frame)
 .eh_frame      0x00000000080047fc        0x0 /usr/lib/gcc/arm-none-eabi/9.2.0/thumb/v7e-m/nofp/crtbegin.o
 *(.init)
 .init          0x00000000080047fc        0x4 /usr/lib/gcc/arm-none-eabi/9.2.0/thumb/v7e-m/nofp/crti.o
                0x00000000080047fc                _init
 .init          0x0000000008004800        0x8 /usr/lib/gcc/arm-none-eabi/9.2.0/thumb/v7e-m/nofp/crtn.o
 *(.fini)
 .fini          0x0000000008004808        0x4 /usr/lib/gcc/arm-none-eabi/9.2.0/thumb/v7e-m/nofp/crti.o
                0x0000000008004808                _fini
 .fini          0x000000000800480c        0x8 /usr/lib/gcc/arm-none-eabi/9.2.0/thumb/v7e-m/nofp/crtn.o
                0x0000000008004814                . = ALIGN (0x4)
                0x0000000008004814                _etext = .

.vfp11_veneer   0x0000000008004814        0x0
 .vfp11_veneer  0x0000000008004814        0x0 linker stubs

.v4_bx          0x0000000008004814        0x0
 .v4_bx         0x0000000008004814        0x0 linker stubs

.iplt           0x0000000008004814        0x0
 .iplt          0x0000000008004814        0x0 /usr/lib/gcc/arm-none-eabi/9.2.0/thumb/v7e-m/nofp/crtbegin.o

.rodata         0x0000000008004814      0x26c
                0x0000000008004814                . = ALIGN (0x4)
 *(.rodata)
 .rodata        0x0000000008004814       0x5a CMakeFiles/servo.elf.dir/Drivers/STM32F3xx_HAL_Driver/Src/stm32f3xx_hal_cortex.c.obj
 *fill*         0x000000000800486e        0x2 
 .rodata        0x0000000008004870       0x58 CMakeFiles/servo.elf.dir/Drivers/STM32F3xx_HAL_Driver/Src/stm32f3xx_hal_gpio.c.obj
 .rodata        0x00000000080048c8       0x57 CMakeFiles/servo.elf.dir/Drivers/STM32F3xx_HAL_Driver/Src/stm32f3xx_hal_rcc.c.obj
 *fill*         0x000000000800491f        0x1 
 .rodata        0x0000000008004920       0x7c CMakeFiles/servo.elf.dir/Drivers/STM32F3xx_HAL_Driver/Src/stm32f3xx_hal_rcc_ex.c.obj
 .rodata        0x000000000800499c       0x57 CMakeFiles/servo.elf.dir/Drivers/STM32F3xx_HAL_Driver/Src/stm32f3xx_hal_tim.c.obj
 *fill*         0x00000000080049f3        0x1 
 .rodata        0x00000000080049f4       0x5a CMakeFiles/servo.elf.dir/Drivers/STM32F3xx_HAL_Driver/Src/stm32f3xx_hal_tim_ex.c.obj
 *(.rodata*)
 *fill*         0x0000000008004a4e        0x2 
 .rodata.aPLLMULFactorTable
                0x0000000008004a50       0x10 CMakeFiles/servo.elf.dir/Drivers/STM32F3xx_HAL_Driver/Src/stm32f3xx_hal_rcc.c.obj
                0x0000000008004a50                aPLLMULFactorTable
 .rodata.aPredivFactorTable
                0x0000000008004a60       0x10 CMakeFiles/servo.elf.dir/Drivers/STM32F3xx_HAL_Driver/Src/stm32f3xx_hal_rcc.c.obj
                0x0000000008004a60                aPredivFactorTable
 .rodata.AHBPrescTable
                0x0000000008004a70       0x10 CMakeFiles/servo.elf.dir/Src/system_stm32f3xx.c.obj
                0x0000000008004a70                AHBPrescTable
                0x0000000008004a80                . = ALIGN (0x4)

.rel.dyn        0x0000000008004a80        0x0
 .rel.iplt      0x0000000008004a80        0x0 /usr/lib/gcc/arm-none-eabi/9.2.0/thumb/v7e-m/nofp/crtbegin.o

.ARM.extab
 *(.ARM.extab* .gnu.linkonce.armextab.*)

.ARM            0x0000000008004a80        0x0
                0x0000000008004a80                __exidx_start = .
 *(.ARM.exidx*)
                0x0000000008004a80                __exidx_end = .

.preinit_array  0x0000000008004a80        0x0
                0x0000000008004a80                PROVIDE (__preinit_array_start = .)
 *(.preinit_array*)
                0x0000000008004a80                PROVIDE (__preinit_array_end = .)

.init_array     0x0000000008004a80        0x4
                0x0000000008004a80                PROVIDE (__init_array_start = .)
 *(SORT_BY_NAME(.init_array.*))
 *(.init_array*)
 .init_array    0x0000000008004a80        0x4 /usr/lib/gcc/arm-none-eabi/9.2.0/thumb/v7e-m/nofp/crtbegin.o
                0x0000000008004a84                PROVIDE (__init_array_end = .)

.fini_array     0x0000000008004a84        0x4
                0x0000000008004a84                PROVIDE (__fini_array_start = .)
 *(SORT_BY_NAME(.fini_array.*))
 *(.fini_array*)
 .fini_array    0x0000000008004a84        0x4 /usr/lib/gcc/arm-none-eabi/9.2.0/thumb/v7e-m/nofp/crtbegin.o
                0x0000000008004a88                PROVIDE (__fini_array_end = .)
                0x0000000008004a88                _sidata = LOADADDR (.data)

.data           0x0000000020000000        0xc load address 0x0000000008004a88
                0x0000000020000000                . = ALIGN (0x4)
                0x0000000020000000                _sdata = .
 *(.data)
 *(.data*)
 .data.uwTickPrio
                0x0000000020000000        0x4 CMakeFiles/servo.elf.dir/Drivers/STM32F3xx_HAL_Driver/Src/stm32f3xx_hal.c.obj
                0x0000000020000000                uwTickPrio
 .data.uwTickFreq
                0x0000000020000004        0x1 CMakeFiles/servo.elf.dir/Drivers/STM32F3xx_HAL_Driver/Src/stm32f3xx_hal.c.obj
                0x0000000020000004                uwTickFreq
 *fill*         0x0000000020000005        0x3 
 .data.SystemCoreClock
                0x0000000020000008        0x4 CMakeFiles/servo.elf.dir/Src/system_stm32f3xx.c.obj
                0x0000000020000008                SystemCoreClock
                0x000000002000000c                . = ALIGN (0x4)
                0x000000002000000c                _edata = .
                0x0000000008004a94                _siccmram = LOADADDR (.ccmram)

.igot.plt       0x000000002000000c        0x0 load address 0x0000000008004a94
 .igot.plt      0x000000002000000c        0x0 /usr/lib/gcc/arm-none-eabi/9.2.0/thumb/v7e-m/nofp/crtbegin.o

.ccmram         0x0000000010000000        0x0 load address 0x0000000008004a94
                0x0000000010000000                . = ALIGN (0x4)
                0x0000000010000000                _sccmram = .
 *(.ccmram)
 *(.ccmram*)
                0x0000000010000000                . = ALIGN (0x4)
                0x0000000010000000                _eccmram = .
                0x0000000010000000                . = ALIGN (0x4)

.bss            0x000000002000000c       0x60
                0x000000002000000c                _sbss = .
                0x000000002000000c                __bss_start__ = _sbss
 *(.bss)
 *(.bss*)
 .bss.completed.8891
                0x000000002000000c        0x1 /usr/lib/gcc/arm-none-eabi/9.2.0/thumb/v7e-m/nofp/crtbegin.o
 *fill*         0x000000002000000d        0x3 
 .bss.object.8896
                0x0000000020000010       0x18 /usr/lib/gcc/arm-none-eabi/9.2.0/thumb/v7e-m/nofp/crtbegin.o
 .bss.uwTick    0x0000000020000028        0x4 CMakeFiles/servo.elf.dir/Drivers/STM32F3xx_HAL_Driver/Src/stm32f3xx_hal.c.obj
                0x0000000020000028                uwTick
 .bss.htim1     0x000000002000002c       0x40 CMakeFiles/servo.elf.dir/Src/tim.c.obj
                0x000000002000002c                htim1
 *(COMMON)
                0x000000002000006c                . = ALIGN (0x4)
                0x000000002000006c                _ebss = .
                0x000000002000006c                __bss_end__ = _ebss

._user_heap_stack
                0x000000002000006c      0x604
                0x0000000020000070                . = ALIGN (0x8)
 *fill*         0x000000002000006c        0x4 
                0x0000000020000070                PROVIDE (end = .)
                [!provide]                        PROVIDE (_end = .)
                0x0000000020000270                . = (. + _Min_Heap_Size)
 *fill*         0x0000000020000070      0x200 
                0x0000000020000670                . = (. + _Min_Stack_Size)
 *fill*         0x0000000020000270      0x400 
                0x0000000020000670                . = ALIGN (0x8)

/DISCARD/
 libc.a(*)
 libm.a(*)
 libgcc.a(*)

.ARM.attributes
                0x0000000000000000       0x2a
 *(.ARM.attributes)
 .ARM.attributes
                0x0000000000000000       0x1e /usr/lib/gcc/arm-none-eabi/9.2.0/thumb/v7e-m/nofp/crti.o
 .ARM.attributes
                0x000000000000001e       0x2e /usr/lib/gcc/arm-none-eabi/9.2.0/thumb/v7e-m/nofp/crtbegin.o
 .ARM.attributes
                0x000000000000004c       0x2e CMakeFiles/servo.elf.dir/Drivers/STM32F3xx_HAL_Driver/Src/stm32f3xx_hal.c.obj
 .ARM.attributes
                0x000000000000007a       0x2e CMakeFiles/servo.elf.dir/Drivers/STM32F3xx_HAL_Driver/Src/stm32f3xx_hal_cortex.c.obj
 .ARM.attributes
                0x00000000000000a8       0x2e CMakeFiles/servo.elf.dir/Drivers/STM32F3xx_HAL_Driver/Src/stm32f3xx_hal_gpio.c.obj
 .ARM.attributes
                0x00000000000000d6       0x2e CMakeFiles/servo.elf.dir/Drivers/STM32F3xx_HAL_Driver/Src/stm32f3xx_hal_rcc.c.obj
 .ARM.attributes
                0x0000000000000104       0x2e CMakeFiles/servo.elf.dir/Drivers/STM32F3xx_HAL_Driver/Src/stm32f3xx_hal_rcc_ex.c.obj
 .ARM.attributes
                0x0000000000000132       0x2e CMakeFiles/servo.elf.dir/Drivers/STM32F3xx_HAL_Driver/Src/stm32f3xx_hal_tim.c.obj
 .ARM.attributes
                0x0000000000000160       0x2e CMakeFiles/servo.elf.dir/Drivers/STM32F3xx_HAL_Driver/Src/stm32f3xx_hal_tim_ex.c.obj
 .ARM.attributes
                0x000000000000018e       0x2e CMakeFiles/servo.elf.dir/Src/gpio.c.obj
 .ARM.attributes
                0x00000000000001bc       0x2e CMakeFiles/servo.elf.dir/Src/main.c.obj
 .ARM.attributes
                0x00000000000001ea       0x2e CMakeFiles/servo.elf.dir/Src/stm32f3xx_hal_msp.c.obj
 .ARM.attributes
                0x0000000000000218       0x2e CMakeFiles/servo.elf.dir/Src/stm32f3xx_it.c.obj
 .ARM.attributes
                0x0000000000000246       0x2e CMakeFiles/servo.elf.dir/Src/system_stm32f3xx.c.obj
 .ARM.attributes
                0x0000000000000274       0x2e CMakeFiles/servo.elf.dir/Src/tim.c.obj
 .ARM.attributes
                0x00000000000002a2       0x21 CMakeFiles/servo.elf.dir/startup/startup_stm32f303xc.s.obj
 .ARM.attributes
                0x00000000000002c3       0x2e /usr/lib/gcc/arm-none-eabi/9.2.0/../../../../arm-none-eabi/lib/thumb/v7e-m/nofp/libg_nano.a(lib_a-init.o)
 .ARM.attributes
                0x00000000000002f1       0x2e /usr/lib/gcc/arm-none-eabi/9.2.0/../../../../arm-none-eabi/lib/thumb/v7e-m/nofp/libg_nano.a(lib_a-memset.o)
 .ARM.attributes
                0x000000000000031f       0x1e /usr/lib/gcc/arm-none-eabi/9.2.0/thumb/v7e-m/nofp/crtn.o
OUTPUT(servo.elf elf32-littlearm)

.debug_info     0x0000000000000000     0x9644
 .debug_info    0x0000000000000000      0x832 CMakeFiles/servo.elf.dir/Drivers/STM32F3xx_HAL_Driver/Src/stm32f3xx_hal.c.obj
 .debug_info    0x0000000000000832      0xe51 CMakeFiles/servo.elf.dir/Drivers/STM32F3xx_HAL_Driver/Src/stm32f3xx_hal_cortex.c.obj
 .debug_info    0x0000000000001683      0x75e CMakeFiles/servo.elf.dir/Drivers/STM32F3xx_HAL_Driver/Src/stm32f3xx_hal_gpio.c.obj
 .debug_info    0x0000000000001de1     0x15aa CMakeFiles/servo.elf.dir/Drivers/STM32F3xx_HAL_Driver/Src/stm32f3xx_hal_rcc.c.obj
 .debug_info    0x000000000000338b      0x6b3 CMakeFiles/servo.elf.dir/Drivers/STM32F3xx_HAL_Driver/Src/stm32f3xx_hal_rcc_ex.c.obj
 .debug_info    0x0000000000003a3e     0x2879 CMakeFiles/servo.elf.dir/Drivers/STM32F3xx_HAL_Driver/Src/stm32f3xx_hal_tim.c.obj
 .debug_info    0x00000000000062b7     0x12db CMakeFiles/servo.elf.dir/Drivers/STM32F3xx_HAL_Driver/Src/stm32f3xx_hal_tim_ex.c.obj
 .debug_info    0x0000000000007592      0x28e CMakeFiles/servo.elf.dir/Src/gpio.c.obj
 .debug_info    0x0000000000007820      0x967 CMakeFiles/servo.elf.dir/Src/main.c.obj
 .debug_info    0x0000000000008187      0x28e CMakeFiles/servo.elf.dir/Src/stm32f3xx_hal_msp.c.obj
 .debug_info    0x0000000000008415      0x21a CMakeFiles/servo.elf.dir/Src/stm32f3xx_it.c.obj
 .debug_info    0x000000000000862f      0x48f CMakeFiles/servo.elf.dir/Src/system_stm32f3xx.c.obj
 .debug_info    0x0000000000008abe      0xb64 CMakeFiles/servo.elf.dir/Src/tim.c.obj
 .debug_info    0x0000000000009622       0x22 CMakeFiles/servo.elf.dir/startup/startup_stm32f303xc.s.obj

.debug_abbrev   0x0000000000000000     0x18b3
 .debug_abbrev  0x0000000000000000      0x1ea CMakeFiles/servo.elf.dir/Drivers/STM32F3xx_HAL_Driver/Src/stm32f3xx_hal.c.obj
 .debug_abbrev  0x00000000000001ea      0x339 CMakeFiles/servo.elf.dir/Drivers/STM32F3xx_HAL_Driver/Src/stm32f3xx_hal_cortex.c.obj
 .debug_abbrev  0x0000000000000523      0x1e5 CMakeFiles/servo.elf.dir/Drivers/STM32F3xx_HAL_Driver/Src/stm32f3xx_hal_gpio.c.obj
 .debug_abbrev  0x0000000000000708      0x2c1 CMakeFiles/servo.elf.dir/Drivers/STM32F3xx_HAL_Driver/Src/stm32f3xx_hal_rcc.c.obj
 .debug_abbrev  0x00000000000009c9      0x244 CMakeFiles/servo.elf.dir/Drivers/STM32F3xx_HAL_Driver/Src/stm32f3xx_hal_rcc_ex.c.obj
 .debug_abbrev  0x0000000000000c0d      0x25b CMakeFiles/servo.elf.dir/Drivers/STM32F3xx_HAL_Driver/Src/stm32f3xx_hal_tim.c.obj
 .debug_abbrev  0x0000000000000e68      0x249 CMakeFiles/servo.elf.dir/Drivers/STM32F3xx_HAL_Driver/Src/stm32f3xx_hal_tim_ex.c.obj
 .debug_abbrev  0x00000000000010b1      0x11a CMakeFiles/servo.elf.dir/Src/gpio.c.obj
 .debug_abbrev  0x00000000000011cb      0x1cf CMakeFiles/servo.elf.dir/Src/main.c.obj
 .debug_abbrev  0x000000000000139a      0x11a CMakeFiles/servo.elf.dir/Src/stm32f3xx_hal_msp.c.obj
 .debug_abbrev  0x00000000000014b4       0xcf CMakeFiles/servo.elf.dir/Src/stm32f3xx_it.c.obj
 .debug_abbrev  0x0000000000001583      0x142 CMakeFiles/servo.elf.dir/Src/system_stm32f3xx.c.obj
 .debug_abbrev  0x00000000000016c5      0x1dc CMakeFiles/servo.elf.dir/Src/tim.c.obj
 .debug_abbrev  0x00000000000018a1       0x12 CMakeFiles/servo.elf.dir/startup/startup_stm32f303xc.s.obj

.debug_aranges  0x0000000000000000      0x998
 .debug_aranges
                0x0000000000000000       0xe0 CMakeFiles/servo.elf.dir/Drivers/STM32F3xx_HAL_Driver/Src/stm32f3xx_hal.c.obj
 .debug_aranges
                0x00000000000000e0      0x118 CMakeFiles/servo.elf.dir/Drivers/STM32F3xx_HAL_Driver/Src/stm32f3xx_hal_cortex.c.obj
 .debug_aranges
                0x00000000000001f8       0x58 CMakeFiles/servo.elf.dir/Drivers/STM32F3xx_HAL_Driver/Src/stm32f3xx_hal_gpio.c.obj
 .debug_aranges
                0x0000000000000250       0x88 CMakeFiles/servo.elf.dir/Drivers/STM32F3xx_HAL_Driver/Src/stm32f3xx_hal_rcc.c.obj
 .debug_aranges
                0x00000000000002d8       0x38 CMakeFiles/servo.elf.dir/Drivers/STM32F3xx_HAL_Driver/Src/stm32f3xx_hal_rcc_ex.c.obj
 .debug_aranges
                0x0000000000000310      0x3c8 CMakeFiles/servo.elf.dir/Drivers/STM32F3xx_HAL_Driver/Src/stm32f3xx_hal_tim.c.obj
 .debug_aranges
                0x00000000000006d8      0x160 CMakeFiles/servo.elf.dir/Drivers/STM32F3xx_HAL_Driver/Src/stm32f3xx_hal_tim_ex.c.obj
 .debug_aranges
                0x0000000000000838       0x20 CMakeFiles/servo.elf.dir/Src/gpio.c.obj
 .debug_aranges
                0x0000000000000858       0x38 CMakeFiles/servo.elf.dir/Src/main.c.obj
 .debug_aranges
                0x0000000000000890       0x20 CMakeFiles/servo.elf.dir/Src/stm32f3xx_hal_msp.c.obj
 .debug_aranges
                0x00000000000008b0       0x60 CMakeFiles/servo.elf.dir/Src/stm32f3xx_it.c.obj
 .debug_aranges
                0x0000000000000910       0x28 CMakeFiles/servo.elf.dir/Src/system_stm32f3xx.c.obj
 .debug_aranges
                0x0000000000000938       0x38 CMakeFiles/servo.elf.dir/Src/tim.c.obj
 .debug_aranges
                0x0000000000000970       0x28 CMakeFiles/servo.elf.dir/startup/startup_stm32f303xc.s.obj

.debug_ranges   0x0000000000000000      0x8c0
 .debug_ranges  0x0000000000000000       0xd0 CMakeFiles/servo.elf.dir/Drivers/STM32F3xx_HAL_Driver/Src/stm32f3xx_hal.c.obj
 .debug_ranges  0x00000000000000d0      0x108 CMakeFiles/servo.elf.dir/Drivers/STM32F3xx_HAL_Driver/Src/stm32f3xx_hal_cortex.c.obj
 .debug_ranges  0x00000000000001d8       0x48 CMakeFiles/servo.elf.dir/Drivers/STM32F3xx_HAL_Driver/Src/stm32f3xx_hal_gpio.c.obj
 .debug_ranges  0x0000000000000220       0x78 CMakeFiles/servo.elf.dir/Drivers/STM32F3xx_HAL_Driver/Src/stm32f3xx_hal_rcc.c.obj
 .debug_ranges  0x0000000000000298       0x28 CMakeFiles/servo.elf.dir/Drivers/STM32F3xx_HAL_Driver/Src/stm32f3xx_hal_rcc_ex.c.obj
 .debug_ranges  0x00000000000002c0      0x3b8 CMakeFiles/servo.elf.dir/Drivers/STM32F3xx_HAL_Driver/Src/stm32f3xx_hal_tim.c.obj
 .debug_ranges  0x0000000000000678      0x150 CMakeFiles/servo.elf.dir/Drivers/STM32F3xx_HAL_Driver/Src/stm32f3xx_hal_tim_ex.c.obj
 .debug_ranges  0x00000000000007c8       0x10 CMakeFiles/servo.elf.dir/Src/gpio.c.obj
 .debug_ranges  0x00000000000007d8       0x28 CMakeFiles/servo.elf.dir/Src/main.c.obj
 .debug_ranges  0x0000000000000800       0x10 CMakeFiles/servo.elf.dir/Src/stm32f3xx_hal_msp.c.obj
 .debug_ranges  0x0000000000000810       0x50 CMakeFiles/servo.elf.dir/Src/stm32f3xx_it.c.obj
 .debug_ranges  0x0000000000000860       0x18 CMakeFiles/servo.elf.dir/Src/system_stm32f3xx.c.obj
 .debug_ranges  0x0000000000000878       0x28 CMakeFiles/servo.elf.dir/Src/tim.c.obj
 .debug_ranges  0x00000000000008a0       0x20 CMakeFiles/servo.elf.dir/startup/startup_stm32f303xc.s.obj

.debug_line     0x0000000000000000     0x9d8d
 .debug_line    0x0000000000000000      0x4ca CMakeFiles/servo.elf.dir/Drivers/STM32F3xx_HAL_Driver/Src/stm32f3xx_hal.c.obj
 .debug_line    0x00000000000004ca      0x93d CMakeFiles/servo.elf.dir/Drivers/STM32F3xx_HAL_Driver/Src/stm32f3xx_hal_cortex.c.obj
 .debug_line    0x0000000000000e07      0x79a CMakeFiles/servo.elf.dir/Drivers/STM32F3xx_HAL_Driver/Src/stm32f3xx_hal_gpio.c.obj
 .debug_line    0x00000000000015a1     0x10a9 CMakeFiles/servo.elf.dir/Drivers/STM32F3xx_HAL_Driver/Src/stm32f3xx_hal_rcc.c.obj
 .debug_line    0x000000000000264a      0x9c6 CMakeFiles/servo.elf.dir/Drivers/STM32F3xx_HAL_Driver/Src/stm32f3xx_hal_rcc_ex.c.obj
 .debug_line    0x0000000000003010     0x4783 CMakeFiles/servo.elf.dir/Drivers/STM32F3xx_HAL_Driver/Src/stm32f3xx_hal_tim.c.obj
 .debug_line    0x0000000000007793     0x15ca CMakeFiles/servo.elf.dir/Drivers/STM32F3xx_HAL_Driver/Src/stm32f3xx_hal_tim_ex.c.obj
 .debug_line    0x0000000000008d5d      0x1d7 CMakeFiles/servo.elf.dir/Src/gpio.c.obj
 .debug_line    0x0000000000008f34      0x389 CMakeFiles/servo.elf.dir/Src/main.c.obj
 .debug_line    0x00000000000092bd      0x1e5 CMakeFiles/servo.elf.dir/Src/stm32f3xx_hal_msp.c.obj
 .debug_line    0x00000000000094a2      0x27e CMakeFiles/servo.elf.dir/Src/stm32f3xx_it.c.obj
 .debug_line    0x0000000000009720      0x26a CMakeFiles/servo.elf.dir/Src/system_stm32f3xx.c.obj
 .debug_line    0x000000000000998a      0x366 CMakeFiles/servo.elf.dir/Src/tim.c.obj
 .debug_line    0x0000000000009cf0       0x9d CMakeFiles/servo.elf.dir/startup/startup_stm32f303xc.s.obj

.debug_str      0x0000000000000000     0x318b
 .debug_str     0x0000000000000000      0x960 CMakeFiles/servo.elf.dir/Drivers/STM32F3xx_HAL_Driver/Src/stm32f3xx_hal.c.obj
                                        0x9c4 (size before relaxing)
 .debug_str     0x0000000000000960      0x548 CMakeFiles/servo.elf.dir/Drivers/STM32F3xx_HAL_Driver/Src/stm32f3xx_hal_cortex.c.obj
                                        0xc44 (size before relaxing)
 .debug_str     0x0000000000000ea8      0x207 CMakeFiles/servo.elf.dir/Drivers/STM32F3xx_HAL_Driver/Src/stm32f3xx_hal_gpio.c.obj
                                        0x51f (size before relaxing)
 .debug_str     0x00000000000010af      0x351 CMakeFiles/servo.elf.dir/Drivers/STM32F3xx_HAL_Driver/Src/stm32f3xx_hal_rcc.c.obj
                                        0x6fc (size before relaxing)
 .debug_str     0x0000000000001400      0x24e CMakeFiles/servo.elf.dir/Drivers/STM32F3xx_HAL_Driver/Src/stm32f3xx_hal_rcc_ex.c.obj
                                        0x5b8 (size before relaxing)
 .debug_str     0x000000000000164e     0x1247 CMakeFiles/servo.elf.dir/Drivers/STM32F3xx_HAL_Driver/Src/stm32f3xx_hal_tim.c.obj
                                       0x1587 (size before relaxing)
 .debug_str     0x0000000000002895      0x60f CMakeFiles/servo.elf.dir/Drivers/STM32F3xx_HAL_Driver/Src/stm32f3xx_hal_tim_ex.c.obj
                                        0xd8e (size before relaxing)
 .debug_str     0x0000000000002ea4       0x3a CMakeFiles/servo.elf.dir/Src/gpio.c.obj
                                        0x2eb (size before relaxing)
 .debug_str     0x0000000000002ede       0x71 CMakeFiles/servo.elf.dir/Src/main.c.obj
                                        0x93f (size before relaxing)
 .debug_str     0x0000000000002f4f       0x3a CMakeFiles/servo.elf.dir/Src/stm32f3xx_hal_msp.c.obj
                                        0x2f7 (size before relaxing)
 .debug_str     0x0000000000002f89       0xc5 CMakeFiles/servo.elf.dir/Src/stm32f3xx_it.c.obj
                                        0x31c (size before relaxing)
 .debug_str     0x000000000000304e       0x6f CMakeFiles/servo.elf.dir/Src/system_stm32f3xx.c.obj
                                        0x381 (size before relaxing)
 .debug_str     0x00000000000030bd       0x80 CMakeFiles/servo.elf.dir/Src/tim.c.obj
                                        0x9c7 (size before relaxing)
 .debug_str     0x000000000000313d       0x4e CMakeFiles/servo.elf.dir/startup/startup_stm32f303xc.s.obj
                                         0x82 (size before relaxing)

.comment        0x0000000000000000       0x1d
 .comment       0x0000000000000000       0x1d CMakeFiles/servo.elf.dir/Drivers/STM32F3xx_HAL_Driver/Src/stm32f3xx_hal.c.obj
                                         0x1e (size before relaxing)
 .comment       0x000000000000001d       0x1e CMakeFiles/servo.elf.dir/Drivers/STM32F3xx_HAL_Driver/Src/stm32f3xx_hal_cortex.c.obj
 .comment       0x000000000000001d       0x1e CMakeFiles/servo.elf.dir/Drivers/STM32F3xx_HAL_Driver/Src/stm32f3xx_hal_gpio.c.obj
 .comment       0x000000000000001d       0x1e CMakeFiles/servo.elf.dir/Drivers/STM32F3xx_HAL_Driver/Src/stm32f3xx_hal_rcc.c.obj
 .comment       0x000000000000001d       0x1e CMakeFiles/servo.elf.dir/Drivers/STM32F3xx_HAL_Driver/Src/stm32f3xx_hal_rcc_ex.c.obj
 .comment       0x000000000000001d       0x1e CMakeFiles/servo.elf.dir/Drivers/STM32F3xx_HAL_Driver/Src/stm32f3xx_hal_tim.c.obj
 .comment       0x000000000000001d       0x1e CMakeFiles/servo.elf.dir/Drivers/STM32F3xx_HAL_Driver/Src/stm32f3xx_hal_tim_ex.c.obj
 .comment       0x000000000000001d       0x1e CMakeFiles/servo.elf.dir/Src/gpio.c.obj
 .comment       0x000000000000001d       0x1e CMakeFiles/servo.elf.dir/Src/main.c.obj
 .comment       0x000000000000001d       0x1e CMakeFiles/servo.elf.dir/Src/stm32f3xx_hal_msp.c.obj
 .comment       0x000000000000001d       0x1e CMakeFiles/servo.elf.dir/Src/stm32f3xx_it.c.obj
 .comment       0x000000000000001d       0x1e CMakeFiles/servo.elf.dir/Src/system_stm32f3xx.c.obj
 .comment       0x000000000000001d       0x1e CMakeFiles/servo.elf.dir/Src/tim.c.obj

.debug_frame    0x0000000000000000     0x26c0
 .debug_frame   0x0000000000000000      0x334 CMakeFiles/servo.elf.dir/Drivers/STM32F3xx_HAL_Driver/Src/stm32f3xx_hal.c.obj
 .debug_frame   0x0000000000000334      0x494 CMakeFiles/servo.elf.dir/Drivers/STM32F3xx_HAL_Driver/Src/stm32f3xx_hal_cortex.c.obj
 .debug_frame   0x00000000000007c8      0x138 CMakeFiles/servo.elf.dir/Drivers/STM32F3xx_HAL_Driver/Src/stm32f3xx_hal_gpio.c.obj
 .debug_frame   0x0000000000000900      0x20c CMakeFiles/servo.elf.dir/Drivers/STM32F3xx_HAL_Driver/Src/stm32f3xx_hal_rcc.c.obj
 .debug_frame   0x0000000000000b0c       0xb4 CMakeFiles/servo.elf.dir/Drivers/STM32F3xx_HAL_Driver/Src/stm32f3xx_hal_rcc_ex.c.obj
 .debug_frame   0x0000000000000bc0     0x119c CMakeFiles/servo.elf.dir/Drivers/STM32F3xx_HAL_Driver/Src/stm32f3xx_hal_tim.c.obj
 .debug_frame   0x0000000000001d5c      0x600 CMakeFiles/servo.elf.dir/Drivers/STM32F3xx_HAL_Driver/Src/stm32f3xx_hal_tim_ex.c.obj
 .debug_frame   0x000000000000235c       0x38 CMakeFiles/servo.elf.dir/Src/gpio.c.obj
 .debug_frame   0x0000000000002394       0x9c CMakeFiles/servo.elf.dir/Src/main.c.obj
 .debug_frame   0x0000000000002430       0x38 CMakeFiles/servo.elf.dir/Src/stm32f3xx_hal_msp.c.obj
 .debug_frame   0x0000000000002468      0x10c CMakeFiles/servo.elf.dir/Src/stm32f3xx_it.c.obj
 .debug_frame   0x0000000000002574       0x58 CMakeFiles/servo.elf.dir/Src/system_stm32f3xx.c.obj
 .debug_frame   0x00000000000025cc       0xa8 CMakeFiles/servo.elf.dir/Src/tim.c.obj
 .debug_frame   0x0000000000002674       0x2c /usr/lib/gcc/arm-none-eabi/9.2.0/../../../../arm-none-eabi/lib/thumb/v7e-m/nofp/libg_nano.a(lib_a-init.o)
 .debug_frame   0x00000000000026a0       0x20 /usr/lib/gcc/arm-none-eabi/9.2.0/../../../../arm-none-eabi/lib/thumb/v7e-m/nofp/libg_nano.a(lib_a-memset.o)
