Archive member included to satisfy reference by file (symbol)

/usr/lib/gcc/arm-none-eabi/9.2.0/thumb/v7e-m/nofp/libgcc.a(_arm_muldf3.o)
                              CMakeFiles/lab_7_i2c.elf.dir/Src/main.c.obj (__aeabi_dmul)
/usr/lib/gcc/arm-none-eabi/9.2.0/thumb/v7e-m/nofp/libgcc.a(_arm_mulsf3.o)
                              CMakeFiles/lab_7_i2c.elf.dir/Src/l3gd20.c.obj (__aeabi_fmul)
/usr/lib/gcc/arm-none-eabi/9.2.0/thumb/v7e-m/nofp/libgcc.a(_arm_addsubdf3.o)
                              CMakeFiles/lab_7_i2c.elf.dir/Src/main.c.obj (__aeabi_dsub)
/usr/lib/gcc/arm-none-eabi/9.2.0/thumb/v7e-m/nofp/libgcc.a(_arm_muldivdf3.o)
                              CMakeFiles/lab_7_i2c.elf.dir/Src/main.c.obj (__aeabi_ddiv)
/usr/lib/gcc/arm-none-eabi/9.2.0/thumb/v7e-m/nofp/libgcc.a(_arm_cmpdf2.o)
                              CMakeFiles/lab_7_i2c.elf.dir/Src/main.c.obj (__aeabi_dcmplt)
/usr/lib/gcc/arm-none-eabi/9.2.0/thumb/v7e-m/nofp/libgcc.a(_arm_fixdfsi.o)
                              CMakeFiles/lab_7_i2c.elf.dir/Src/main.c.obj (__aeabi_d2iz)
/usr/lib/gcc/arm-none-eabi/9.2.0/thumb/v7e-m/nofp/libgcc.a(_arm_addsubsf3.o)
                              CMakeFiles/lab_7_i2c.elf.dir/Src/lsm303dlhc.c.obj (__aeabi_ui2f)
/usr/lib/gcc/arm-none-eabi/9.2.0/thumb/v7e-m/nofp/libgcc.a(_arm_fixsfsi.o)
                              CMakeFiles/lab_7_i2c.elf.dir/Src/lsm303dlhc.c.obj (__aeabi_f2iz)
/usr/lib/gcc/arm-none-eabi/9.2.0/../../../../arm-none-eabi/lib/thumb/v7e-m/nofp/libg_nano.a(lib_a-atexit.o)
                              /usr/lib/gcc/arm-none-eabi/9.2.0/../../../../arm-none-eabi/lib/thumb/v7e-m/nofp/crt0.o (atexit)
/usr/lib/gcc/arm-none-eabi/9.2.0/../../../../arm-none-eabi/lib/thumb/v7e-m/nofp/libg_nano.a(lib_a-errno.o)
                              CMakeFiles/lab_7_i2c.elf.dir/Src/syscalls.c.obj (__errno)
/usr/lib/gcc/arm-none-eabi/9.2.0/../../../../arm-none-eabi/lib/thumb/v7e-m/nofp/libg_nano.a(lib_a-exit.o)
                              /usr/lib/gcc/arm-none-eabi/9.2.0/../../../../arm-none-eabi/lib/thumb/v7e-m/nofp/crt0.o (exit)
/usr/lib/gcc/arm-none-eabi/9.2.0/../../../../arm-none-eabi/lib/thumb/v7e-m/nofp/libg_nano.a(lib_a-fini.o)
                              /usr/lib/gcc/arm-none-eabi/9.2.0/../../../../arm-none-eabi/lib/thumb/v7e-m/nofp/crt0.o (__libc_fini_array)
/usr/lib/gcc/arm-none-eabi/9.2.0/../../../../arm-none-eabi/lib/thumb/v7e-m/nofp/libg_nano.a(lib_a-impure.o)
                              /usr/lib/gcc/arm-none-eabi/9.2.0/../../../../arm-none-eabi/lib/thumb/v7e-m/nofp/libg_nano.a(lib_a-exit.o) (_global_impure_ptr)
/usr/lib/gcc/arm-none-eabi/9.2.0/../../../../arm-none-eabi/lib/thumb/v7e-m/nofp/libg_nano.a(lib_a-init.o)
                              /usr/lib/gcc/arm-none-eabi/9.2.0/../../../../arm-none-eabi/lib/thumb/v7e-m/nofp/crt0.o (__libc_init_array)
/usr/lib/gcc/arm-none-eabi/9.2.0/../../../../arm-none-eabi/lib/thumb/v7e-m/nofp/libg_nano.a(lib_a-memset.o)
                              /usr/lib/gcc/arm-none-eabi/9.2.0/../../../../arm-none-eabi/lib/thumb/v7e-m/nofp/crt0.o (memset)
/usr/lib/gcc/arm-none-eabi/9.2.0/../../../../arm-none-eabi/lib/thumb/v7e-m/nofp/libg_nano.a(lib_a-sprintf.o)
                              CMakeFiles/lab_7_i2c.elf.dir/Src/main.c.obj (sprintf)
/usr/lib/gcc/arm-none-eabi/9.2.0/../../../../arm-none-eabi/lib/thumb/v7e-m/nofp/libg_nano.a(lib_a-strlen.o)
                              CMakeFiles/lab_7_i2c.elf.dir/Src/main.c.obj (strlen)
/usr/lib/gcc/arm-none-eabi/9.2.0/../../../../arm-none-eabi/lib/thumb/v7e-m/nofp/libg_nano.a(lib_a-__atexit.o)
                              /usr/lib/gcc/arm-none-eabi/9.2.0/../../../../arm-none-eabi/lib/thumb/v7e-m/nofp/libg_nano.a(lib_a-atexit.o) (__register_exitproc)
/usr/lib/gcc/arm-none-eabi/9.2.0/../../../../arm-none-eabi/lib/thumb/v7e-m/nofp/libg_nano.a(lib_a-__call_atexit.o)
                              /usr/lib/gcc/arm-none-eabi/9.2.0/../../../../arm-none-eabi/lib/thumb/v7e-m/nofp/libg_nano.a(lib_a-__atexit.o) (__call_exitprocs)
/usr/lib/gcc/arm-none-eabi/9.2.0/../../../../arm-none-eabi/lib/thumb/v7e-m/nofp/libg_nano.a(lib_a-lock.o)
                              /usr/lib/gcc/arm-none-eabi/9.2.0/../../../../arm-none-eabi/lib/thumb/v7e-m/nofp/libg_nano.a(lib_a-__atexit.o) (__retarget_lock_acquire_recursive)
/usr/lib/gcc/arm-none-eabi/9.2.0/../../../../arm-none-eabi/lib/thumb/v7e-m/nofp/libg_nano.a(lib_a-nano-svfprintf.o)
                              /usr/lib/gcc/arm-none-eabi/9.2.0/../../../../arm-none-eabi/lib/thumb/v7e-m/nofp/libg_nano.a(lib_a-sprintf.o) (_svfprintf_r)
/usr/lib/gcc/arm-none-eabi/9.2.0/../../../../arm-none-eabi/lib/thumb/v7e-m/nofp/libg_nano.a(lib_a-nano-vfprintf_i.o)
                              /usr/lib/gcc/arm-none-eabi/9.2.0/../../../../arm-none-eabi/lib/thumb/v7e-m/nofp/libg_nano.a(lib_a-nano-svfprintf.o) (_printf_i)
/usr/lib/gcc/arm-none-eabi/9.2.0/../../../../arm-none-eabi/lib/thumb/v7e-m/nofp/libg_nano.a(lib_a-memchr.o)
[...]
Memory Configuration

Name             Origin             Length             Attributes
RAM              0x0000000020000000 0x000000000000a000 xrw
CCMRAM           0x0000000010000000 0x0000000000002000 rw
FLASH            0x0000000008000000 0x0000000000040000 xr
*default*        0x0000000000000000 0xffffffffffffffff

Linker script and memory map

LOAD /usr/lib/gcc/arm-none-eabi/9.2.0/thumb/v7e-m/nofp/crti.o
LOAD /usr/lib/gcc/arm-none-eabi/9.2.0/thumb/v7e-m/nofp/crtbegin.o
LOAD /usr/lib/gcc/arm-none-eabi/9.2.0/../../../../arm-none-eabi/lib/thumb/v7e-m/nofp/crt0.o
LOAD CMakeFiles/lab_7_i2c.elf.dir/Drivers/STM32F3xx_HAL_Driver/Src/stm32f3xx_hal.c.obj
LOAD CMakeFiles/lab_7_i2c.elf.dir/Drivers/STM32F3xx_HAL_Driver/Src/stm32f3xx_hal_cortex.c.obj
LOAD CMakeFiles/lab_7_i2c.elf.dir/Drivers/STM32F3xx_HAL_Driver/Src/stm32f3xx_hal_dma.c.obj
LOAD CMakeFiles/lab_7_i2c.elf.dir/Drivers/STM32F3xx_HAL_Driver/Src/stm32f3xx_hal_exti.c.obj
LOAD CMakeFiles/lab_7_i2c.elf.dir/Drivers/STM32F3xx_HAL_Driver/Src/stm32f3xx_hal_flash.c.obj
LOAD CMakeFiles/lab_7_i2c.elf.dir/Drivers/STM32F3xx_HAL_Driver/Src/stm32f3xx_hal_flash_ex.c.obj
LOAD CMakeFiles/lab_7_i2c.elf.dir/Drivers/STM32F3xx_HAL_Driver/Src/stm32f3xx_hal_gpio.c.obj
LOAD CMakeFiles/lab_7_i2c.elf.dir/Drivers/STM32F3xx_HAL_Driver/Src/stm32f3xx_hal_i2c.c.obj
LOAD CMakeFiles/lab_7_i2c.elf.dir/Drivers/STM32F3xx_HAL_Driver/Src/stm32f3xx_hal_i2c_ex.c.obj
LOAD CMakeFiles/lab_7_i2c.elf.dir/Drivers/STM32F3xx_HAL_Driver/Src/stm32f3xx_hal_pwr.c.obj
LOAD CMakeFiles/lab_7_i2c.elf.dir/Drivers/STM32F3xx_HAL_Driver/Src/stm32f3xx_hal_pwr_ex.c.obj
LOAD CMakeFiles/lab_7_i2c.elf.dir/Drivers/STM32F3xx_HAL_Driver/Src/stm32f3xx_hal_rcc.c.obj
LOAD CMakeFiles/lab_7_i2c.elf.dir/Drivers/STM32F3xx_HAL_Driver/Src/stm32f3xx_hal_rcc_ex.c.obj
LOAD CMakeFiles/lab_7_i2c.elf.dir/Drivers/STM32F3xx_HAL_Driver/Src/stm32f3xx_hal_spi.c.obj
LOAD CMakeFiles/lab_7_i2c.elf.dir/Drivers/STM32F3xx_HAL_Driver/Src/stm32f3xx_hal_spi_ex.c.obj
LOAD CMakeFiles/lab_7_i2c.elf.dir/Drivers/STM32F3xx_HAL_Driver/Src/stm32f3xx_hal_tim.c.obj
LOAD CMakeFiles/lab_7_i2c.elf.dir/Drivers/STM32F3xx_HAL_Driver/Src/stm32f3xx_hal_tim_ex.c.obj
LOAD CMakeFiles/lab_7_i2c.elf.dir/Drivers/STM32F3xx_HAL_Driver/Src/stm32f3xx_hal_uart.c.obj
LOAD CMakeFiles/lab_7_i2c.elf.dir/Drivers/STM32F3xx_HAL_Driver/Src/stm32f3xx_hal_uart_ex.c.obj
LOAD CMakeFiles/lab_7_i2c.elf.dir/Src/gpio.c.obj
LOAD CMakeFiles/lab_7_i2c.elf.dir/Src/i2c.c.obj
LOAD CMakeFiles/lab_7_i2c.elf.dir/Src/l3gd20.c.obj
LOAD CMakeFiles/lab_7_i2c.elf.dir/Src/lsm303dlhc.c.obj
LOAD CMakeFiles/lab_7_i2c.elf.dir/Src/main.c.obj
LOAD CMakeFiles/lab_7_i2c.elf.dir/Src/spi.c.obj
LOAD CMakeFiles/lab_7_i2c.elf.dir/Src/stm32f3_discovery.c.obj
LOAD CMakeFiles/lab_7_i2c.elf.dir/Src/stm32f3_discovery_accelerometer.c.obj
LOAD CMakeFiles/lab_7_i2c.elf.dir/Src/stm32f3_discovery_gyroscope.c.obj
LOAD CMakeFiles/lab_7_i2c.elf.dir/Src/stm32f3xx_hal_msp.c.obj
LOAD CMakeFiles/lab_7_i2c.elf.dir/Src/stm32f3xx_it.c.obj
LOAD CMakeFiles/lab_7_i2c.elf.dir/Src/sys.c.obj
LOAD CMakeFiles/lab_7_i2c.elf.dir/Src/syscalls.c.obj
LOAD CMakeFiles/lab_7_i2c.elf.dir/Src/system_stm32f3xx.c.obj
LOAD CMakeFiles/lab_7_i2c.elf.dir/Src/usart.c.obj
LOAD CMakeFiles/lab_7_i2c.elf.dir/startup/startup_stm32f303xc.s.obj
START GROUP
LOAD /usr/lib/gcc/arm-none-eabi/9.2.0/thumb/v7e-m/nofp/libgcc.a
LOAD /usr/lib/gcc/arm-none-eabi/9.2.0/../../../../arm-none-eabi/lib/thumb/v7e-m/nofp/libg_nano.a
LOAD /usr/lib/gcc/arm-none-eabi/9.2.0/../../../../arm-none-eabi/lib/thumb/v7e-m/nofp/libc_nano.a
END GROUP
START GROUP
LOAD /usr/lib/gcc/arm-none-eabi/9.2.0/thumb/v7e-m/nofp/libgcc.a
LOAD /usr/lib/gcc/arm-none-eabi/9.2.0/../../../../arm-none-eabi/lib/thumb/v7e-m/nofp/libc_nano.a
LOAD /usr/lib/gcc/arm-none-eabi/9.2.0/../../../../arm-none-eabi/lib/thumb/v7e-m/nofp/libnosys.a
END GROUP
START GROUP
LOAD /usr/lib/gcc/arm-none-eabi/9.2.0/thumb/v7e-m/nofp/libgcc.a
LOAD /usr/lib/gcc/arm-none-eabi/9.2.0/../../../../arm-none-eabi/lib/thumb/v7e-m/nofp/libc_nano.a
LOAD /usr/lib/gcc/arm-none-eabi/9.2.0/../../../../arm-none-eabi/lib/thumb/v7e-m/nofp/libnosys.a
END GROUP
LOAD /usr/lib/gcc/arm-none-eabi/9.2.0/thumb/v7e-m/nofp/crtend.o
LOAD /usr/lib/gcc/arm-none-eabi/9.2.0/thumb/v7e-m/nofp/crtn.o
                0x000000002000a000                _estack = 0x2000a000
                0x0000000000000200                _Min_Heap_Size = 0x200
                0x0000000000000400                _Min_Stack_Size = 0x400

.isr_vector     0x0000000008000000      0x188
                0x0000000008000000                . = ALIGN (0x4)
 *(.isr_vector)
 .isr_vector    0x0000000008000000      0x188 CMakeFiles/lab_7_i2c.elf.dir/startup/startup_stm32f303xc.s.obj
                0x0000000008000000                g_pfnVectors
                0x0000000008000188                . = ALIGN (0x4)

.text           0x0000000008000190     0x86a4
                0x0000000008000190                . = ALIGN (0x4)
 *(.text)
 .text          0x0000000008000190      0x168 /usr/lib/gcc/arm-none-eabi/9.2.0/thumb/v7e-m/nofp/libgcc.a(_arm_mulsf3.o)
                0x0000000008000190                __mulsf3
                0x0000000008000190                __aeabi_fmul
 .text          0x00000000080002f8      0x378 /usr/lib/gcc/arm-none-eabi/9.2.0/thumb/v7e-m/nofp/libgcc.a(_arm_addsubdf3.o)
                0x00000000080002f8                __aeabi_drsub
                0x0000000008000300                __aeabi_dsub
                0x0000000008000300                __subdf3
                0x0000000008000304                __adddf3
                0x0000000008000304                __aeabi_dadd
                0x000000000800057c                __aeabi_ui2d
                0x000000000800057c                __floatunsidf
                0x000000000800059c                __floatsidf
                0x000000000800059c                __aeabi_i2d
                0x00000000080005c0                __extendsfdf2
                0x00000000080005c0                __aeabi_f2d
                0x0000000008000604                __aeabi_ul2d
                0x0000000008000604                __floatundidf
                0x0000000008000614                __floatdidf
                0x0000000008000614                __aeabi_l2d
 .text          0x0000000008000670      0x424 /usr/lib/gcc/arm-none-eabi/9.2.0/thumb/v7e-m/nofp/libgcc.a(_arm_muldivdf3.o)
                0x0000000008000670                __aeabi_dmul
                0x0000000008000670                __muldf3
                0x00000000080008c4                __aeabi_ddiv
                0x00000000080008c4                __divdf3
 .text          0x0000000008000a94      0x110 /usr/lib/gcc/arm-none-eabi/9.2.0/thumb/v7e-m/nofp/libgcc.a(_arm_cmpdf2.o)
                0x0000000008000a94                __gtdf2
                0x0000000008000a94                __gedf2
                0x0000000008000a9c                __ltdf2
                0x0000000008000a9c                __ledf2
                0x0000000008000aa4                __cmpdf2
                0x0000000008000aa4                __eqdf2
                0x0000000008000aa4                __nedf2
                0x0000000008000b20                __aeabi_cdrcmple
                0x0000000008000b30                __aeabi_cdcmple
                0x0000000008000b30                __aeabi_cdcmpeq
                0x0000000008000b40                __aeabi_dcmpeq
                0x0000000008000b54                __aeabi_dcmplt
                0x0000000008000b68                __aeabi_dcmple
                0x0000000008000b7c                __aeabi_dcmpge
                0x0000000008000b90                __aeabi_dcmpgt
 .text          0x0000000008000ba4       0x50 /usr/lib/gcc/arm-none-eabi/9.2.0/thumb/v7e-m/nofp/libgcc.a(_arm_fixdfsi.o)
                0x0000000008000ba4                __fixdfsi
                0x0000000008000ba4                __aeabi_d2iz
 .text          0x0000000008000bf4      0x21c /usr/lib/gcc/arm-none-eabi/9.2.0/thumb/v7e-m/nofp/libgcc.a(_arm_addsubsf3.o)
                0x0000000008000bf4                __aeabi_frsub
                0x0000000008000bfc                __subsf3
                0x0000000008000bfc                __aeabi_fsub
                0x0000000008000c00                __aeabi_fadd
                0x0000000008000c00                __addsf3
                0x0000000008000d60                __aeabi_ui2f
                0x0000000008000d60                __floatunsisf
                0x0000000008000d68                __aeabi_i2f
                0x0000000008000d68                __floatsisf
                0x0000000008000d84                __floatundisf
                0x0000000008000d84                __aeabi_ul2f
                0x0000000008000d94                __floatdisf
                0x0000000008000d94                __aeabi_l2f
 .text          0x0000000008000e10       0x4c /usr/lib/gcc/arm-none-eabi/9.2.0/thumb/v7e-m/nofp/libgcc.a(_arm_fixsfsi.o)
                0x0000000008000e10                __fixsfsi
                0x0000000008000e10                __aeabi_f2iz
 .text          0x0000000008000e5c       0x10 /usr/lib/gcc/arm-none-eabi/9.2.0/../../../../arm-none-eabi/lib/thumb/v7e-m/nofp/libg_nano.a(lib_a-strlen.o)
                0x0000000008000e5c                strlen
 *fill*         0x0000000008000e6c        0x4 
 .text          0x0000000008000e70       0xa0 /usr/lib/gcc/arm-none-eabi/9.2.0/../../../../arm-none-eabi/lib/thumb/v7e-m/nofp/libg_nano.a(lib_a-memchr.o)
                0x0000000008000e70                memchr
 .text          0x0000000008000f10       0x2c /usr/lib/gcc/arm-none-eabi/9.2.0/thumb/v7e-m/nofp/libgcc.a(_arm_unorddf2.o)
                0x0000000008000f10                __aeabi_dcmpun
                0x0000000008000f10                __unorddf2
 *(.text*)
 .text.__do_global_dtors_aux
                0x0000000008000f3c       0x24 /usr/lib/gcc/arm-none-eabi/9.2.0/thumb/v7e-m/nofp/crtbegin.o
 .text.frame_dummy
                0x0000000008000f60       0x1c /usr/lib/gcc/arm-none-eabi/9.2.0/thumb/v7e-m/nofp/crtbegin.o
 .text.HAL_Init
                0x0000000008000f7c       0x2c CMakeFiles/lab_7_i2c.elf.dir/Drivers/STM32F3xx_HAL_Driver/Src/stm32f3xx_hal.c.obj
                0x0000000008000f7c                HAL_Init
 .text.HAL_InitTick
                0x0000000008000fa8       0x60 CMakeFiles/lab_7_i2c.elf.dir/Drivers/STM32F3xx_HAL_Driver/Src/stm32f3xx_hal.c.obj
                0x0000000008000fa8                HAL_InitTick
 .text.HAL_IncTick
                0x0000000008001008       0x24 CMakeFiles/lab_7_i2c.elf.dir/Drivers/STM32F3xx_HAL_Driver/Src/stm32f3xx_hal.c.obj
                0x0000000008001008                HAL_IncTick
 .text.HAL_GetTick
                0x000000000800102c       0x14 CMakeFiles/lab_7_i2c.elf.dir/Drivers/STM32F3xx_HAL_Driver/Src/stm32f3xx_hal.c.obj
                0x000000000800102c                HAL_GetTick
 .text.HAL_Delay
                0x0000000008001040       0x48 CMakeFiles/lab_7_i2c.elf.dir/Drivers/STM32F3xx_HAL_Driver/Src/stm32f3xx_hal.c.obj
                0x0000000008001040                HAL_Delay
 .text.__NVIC_SetPriorityGrouping
                0x0000000008001088       0x48 CMakeFiles/lab_7_i2c.elf.dir/Drivers/STM32F3xx_HAL_Driver/Src/stm32f3xx_hal_cortex.c.obj
 .text.__NVIC_GetPriorityGrouping
                0x00000000080010d0       0x1c CMakeFiles/lab_7_i2c.elf.dir/Drivers/STM32F3xx_HAL_Driver/Src/stm32f3xx_hal_cortex.c.obj
 .text.__NVIC_EnableIRQ
                0x00000000080010ec       0x38 CMakeFiles/lab_7_i2c.elf.dir/Drivers/STM32F3xx_HAL_Driver/Src/stm32f3xx_hal_cortex.c.obj
 .text.__NVIC_SetPriority
                0x0000000008001124       0x54 CMakeFiles/lab_7_i2c.elf.dir/Drivers/STM32F3xx_HAL_Driver/Src/stm32f3xx_hal_cortex.c.obj
 .text.NVIC_EncodePriority
                0x0000000008001178       0x64 CMakeFiles/lab_7_i2c.elf.dir/Drivers/STM32F3xx_HAL_Driver/Src/stm32f3xx_hal_cortex.c.obj
 .text.SysTick_Config
                0x00000000080011dc       0x44 CMakeFiles/lab_7_i2c.elf.dir/Drivers/STM32F3xx_HAL_Driver/Src/stm32f3xx_hal_cortex.c.obj
 .text.HAL_NVIC_SetPriorityGrouping
                0x0000000008001220       0x40 CMakeFiles/lab_7_i2c.elf.dir/Drivers/STM32F3xx_HAL_Driver/Src/stm32f3xx_hal_cortex.c.obj
                0x0000000008001220                HAL_NVIC_SetPriorityGrouping
 .text.HAL_NVIC_SetPriority
                0x0000000008001260       0x58 CMakeFiles/lab_7_i2c.elf.dir/Drivers/STM32F3xx_HAL_Driver/Src/stm32f3xx_hal_cortex.c.obj
                0x0000000008001260                HAL_NVIC_SetPriority
 .text.HAL_NVIC_EnableIRQ
                0x00000000080012b8       0x30 CMakeFiles/lab_7_i2c.elf.dir/Drivers/STM32F3xx_HAL_Driver/Src/stm32f3xx_hal_cortex.c.obj
                0x00000000080012b8                HAL_NVIC_EnableIRQ
 .text.HAL_SYSTICK_Config
                0x00000000080012e8       0x18 CMakeFiles/lab_7_i2c.elf.dir/Drivers/STM32F3xx_HAL_Driver/Src/stm32f3xx_hal_cortex.c.obj
                0x00000000080012e8                HAL_SYSTICK_Config
 .text.HAL_DMA_Abort_IT
                0x0000000008001300       0x7c CMakeFiles/lab_7_i2c.elf.dir/Drivers/STM32F3xx_HAL_Driver/Src/stm32f3xx_hal_dma.c.obj
                0x0000000008001300                HAL_DMA_Abort_IT
 .text.HAL_GPIO_Init
                0x000000000800137c      0x494 CMakeFiles/lab_7_i2c.elf.dir/Drivers/STM32F3xx_HAL_Driver/Src/stm32f3xx_hal_gpio.c.obj
                0x000000000800137c                HAL_GPIO_Init
 .text.HAL_GPIO_DeInit
                0x0000000008001810      0x214 CMakeFiles/lab_7_i2c.elf.dir/Drivers/STM32F3xx_HAL_Driver/Src/stm32f3xx_hal_gpio.c.obj
                0x0000000008001810                HAL_GPIO_DeInit
 .text.HAL_GPIO_WritePin
                0x0000000008001a24       0x60 CMakeFiles/lab_7_i2c.elf.dir/Drivers/STM32F3xx_HAL_Driver/Src/stm32f3xx_hal_gpio.c.obj
                0x0000000008001a24                HAL_GPIO_WritePin
 .text.HAL_GPIO_TogglePin
                0x0000000008001a84       0x50 CMakeFiles/lab_7_i2c.elf.dir/Drivers/STM32F3xx_HAL_Driver/Src/stm32f3xx_hal_gpio.c.obj
                0x0000000008001a84                HAL_GPIO_TogglePin
 .text.HAL_GPIO_EXTI_IRQHandler
                0x0000000008001ad4       0x30 CMakeFiles/lab_7_i2c.elf.dir/Drivers/STM32F3xx_HAL_Driver/Src/stm32f3xx_hal_gpio.c.obj
                0x0000000008001ad4                HAL_GPIO_EXTI_IRQHandler
 .text.HAL_I2C_Init
                0x0000000008001b04      0x228 CMakeFiles/lab_7_i2c.elf.dir/Drivers/STM32F3xx_HAL_Driver/Src/stm32f3xx_hal_i2c.c.obj
                0x0000000008001b04                HAL_I2C_Init
 .text.HAL_I2C_DeInit
                0x0000000008001d2c       0x88 CMakeFiles/lab_7_i2c.elf.dir/Drivers/STM32F3xx_HAL_Driver/Src/stm32f3xx_hal_i2c.c.obj
                0x0000000008001d2c                HAL_I2C_DeInit
 .text.HAL_I2C_Mem_Write
                0x0000000008001db4      0x244 CMakeFiles/lab_7_i2c.elf.dir/Drivers/STM32F3xx_HAL_Driver/Src/stm32f3xx_hal_i2c.c.obj
                0x0000000008001db4                HAL_I2C_Mem_Write
 .text.HAL_I2C_Mem_Read
                0x0000000008001ff8      0x250 CMakeFiles/lab_7_i2c.elf.dir/Drivers/STM32F3xx_HAL_Driver/Src/stm32f3xx_hal_i2c.c.obj
                0x0000000008001ff8                HAL_I2C_Mem_Read
 .text.HAL_I2C_GetState
                0x0000000008002248       0x1a CMakeFiles/lab_7_i2c.elf.dir/Drivers/STM32F3xx_HAL_Driver/Src/stm32f3xx_hal_i2c.c.obj
                0x0000000008002248                HAL_I2C_GetState
 *fill*         0x0000000008002262        0x2 
 .text.I2C_RequestMemoryWrite
                0x0000000008002264       0xa8 CMakeFiles/lab_7_i2c.elf.dir/Drivers/STM32F3xx_HAL_Driver/Src/stm32f3xx_hal_i2c.c.obj
 .text.I2C_RequestMemoryRead
                0x000000000800230c       0xa8 CMakeFiles/lab_7_i2c.elf.dir/Drivers/STM32F3xx_HAL_Driver/Src/stm32f3xx_hal_i2c.c.obj
 .text.I2C_Flush_TXDR
                0x00000000080023b4       0x46 CMakeFiles/lab_7_i2c.elf.dir/Drivers/STM32F3xx_HAL_Driver/Src/stm32f3xx_hal_i2c.c.obj
 .text.I2C_WaitOnFlagUntilTimeout
                0x00000000080023fa       0x80 CMakeFiles/lab_7_i2c.elf.dir/Drivers/STM32F3xx_HAL_Driver/Src/stm32f3xx_hal_i2c.c.obj
 .text.I2C_WaitOnTXISFlagUntilTimeout
                0x000000000800247a       0x80 CMakeFiles/lab_7_i2c.elf.dir/Drivers/STM32F3xx_HAL_Driver/Src/stm32f3xx_hal_i2c.c.obj
 .text.I2C_WaitOnSTOPFlagUntilTimeout
                0x00000000080024fa       0x78 CMakeFiles/lab_7_i2c.elf.dir/Drivers/STM32F3xx_HAL_Driver/Src/stm32f3xx_hal_i2c.c.obj
 *fill*         0x0000000008002572        0x2 
 .text.I2C_IsAcknowledgeFailed
                0x0000000008002574       0xcc CMakeFiles/lab_7_i2c.elf.dir/Drivers/STM32F3xx_HAL_Driver/Src/stm32f3xx_hal_i2c.c.obj
 .text.I2C_TransferConfig
                0x0000000008002640       0xd4 CMakeFiles/lab_7_i2c.elf.dir/Drivers/STM32F3xx_HAL_Driver/Src/stm32f3xx_hal_i2c.c.obj
 .text.HAL_I2CEx_ConfigAnalogFilter
                0x0000000008002714       0xd0 CMakeFiles/lab_7_i2c.elf.dir/Drivers/STM32F3xx_HAL_Driver/Src/stm32f3xx_hal_i2c_ex.c.obj
                0x0000000008002714                HAL_I2CEx_ConfigAnalogFilter
 .text.HAL_I2CEx_ConfigDigitalFilter
                0x00000000080027e4       0xcc CMakeFiles/lab_7_i2c.elf.dir/Drivers/STM32F3xx_HAL_Driver/Src/stm32f3xx_hal_i2c_ex.c.obj
                0x00000000080027e4                HAL_I2CEx_ConfigDigitalFilter
 .text.HAL_RCC_OscConfig
                0x00000000080028b0     0x1018 CMakeFiles/lab_7_i2c.elf.dir/Drivers/STM32F3xx_HAL_Driver/Src/stm32f3xx_hal_rcc.c.obj
                0x00000000080028b0                HAL_RCC_OscConfig
 .text.HAL_RCC_ClockConfig
                0x00000000080038c8      0x440 CMakeFiles/lab_7_i2c.elf.dir/Drivers/STM32F3xx_HAL_Driver/Src/stm32f3xx_hal_rcc.c.obj
                0x00000000080038c8                HAL_RCC_ClockConfig
 .text.HAL_RCC_GetSysClockFreq
                0x0000000008003d08       0xd0 CMakeFiles/lab_7_i2c.elf.dir/Drivers/STM32F3xx_HAL_Driver/Src/stm32f3xx_hal_rcc.c.obj
                0x0000000008003d08                HAL_RCC_GetSysClockFreq
 .text.HAL_RCC_GetHCLKFreq
                0x0000000008003dd8       0x14 CMakeFiles/lab_7_i2c.elf.dir/Drivers/STM32F3xx_HAL_Driver/Src/stm32f3xx_hal_rcc.c.obj
                0x0000000008003dd8                HAL_RCC_GetHCLKFreq
 .text.HAL_RCC_GetPCLK1Freq
                0x0000000008003dec       0x44 CMakeFiles/lab_7_i2c.elf.dir/Drivers/STM32F3xx_HAL_Driver/Src/stm32f3xx_hal_rcc.c.obj
                0x0000000008003dec                HAL_RCC_GetPCLK1Freq
 .text.HAL_RCC_GetPCLK2Freq
                0x0000000008003e30       0x44 CMakeFiles/lab_7_i2c.elf.dir/Drivers/STM32F3xx_HAL_Driver/Src/stm32f3xx_hal_rcc.c.obj
                0x0000000008003e30                HAL_RCC_GetPCLK2Freq
 .text.HAL_RCCEx_PeriphCLKConfig
                0x0000000008003e74      0x64c CMakeFiles/lab_7_i2c.elf.dir/Drivers/STM32F3xx_HAL_Driver/Src/stm32f3xx_hal_rcc_ex.c.obj
                0x0000000008003e74                HAL_RCCEx_PeriphCLKConfig
 .text.HAL_SPI_Init
                0x00000000080044c0      0x324 CMakeFiles/lab_7_i2c.elf.dir/Drivers/STM32F3xx_HAL_Driver/Src/stm32f3xx_hal_spi.c.obj
                0x00000000080044c0                HAL_SPI_Init
 .text.HAL_SPI_DeInit
                0x00000000080047e4       0x88 CMakeFiles/lab_7_i2c.elf.dir/Drivers/STM32F3xx_HAL_Driver/Src/stm32f3xx_hal_spi.c.obj
                0x00000000080047e4                HAL_SPI_DeInit
 .text.HAL_SPI_TransmitReceive
                0x000000000800486c      0x43c CMakeFiles/lab_7_i2c.elf.dir/Drivers/STM32F3xx_HAL_Driver/Src/stm32f3xx_hal_spi.c.obj
                0x000000000800486c                HAL_SPI_TransmitReceive
 .text.HAL_SPI_GetState
                0x0000000008004ca8       0x1a CMakeFiles/lab_7_i2c.elf.dir/Drivers/STM32F3xx_HAL_Driver/Src/stm32f3xx_hal_spi.c.obj
                0x0000000008004ca8                HAL_SPI_GetState
 .text.SPI_WaitFlagStateUntilTimeout
                0x0000000008004cc2       0xd4 CMakeFiles/lab_7_i2c.elf.dir/Drivers/STM32F3xx_HAL_Driver/Src/stm32f3xx_hal_spi.c.obj
 .text.SPI_WaitFifoStateUntilTimeout
                0x0000000008004d96       0xda CMakeFiles/lab_7_i2c.elf.dir/Drivers/STM32F3xx_HAL_Driver/Src/stm32f3xx_hal_spi.c.obj
 .text.SPI_EndRxTxTransaction
                0x0000000008004e70       0x8c CMakeFiles/lab_7_i2c.elf.dir/Drivers/STM32F3xx_HAL_Driver/Src/stm32f3xx_hal_spi.c.obj
 .text.HAL_UART_Init
                0x0000000008004efc      0x124 CMakeFiles/lab_7_i2c.elf.dir/Drivers/STM32F3xx_HAL_Driver/Src/stm32f3xx_hal_uart.c.obj
                0x0000000008004efc                HAL_UART_Init
 .text.HAL_UART_Transmit
                0x0000000008005020      0x126 CMakeFiles/lab_7_i2c.elf.dir/Drivers/STM32F3xx_HAL_Driver/Src/stm32f3xx_hal_uart.c.obj
                0x0000000008005020                HAL_UART_Transmit
 *fill*         0x0000000008005146        0x2 
 .text.HAL_UART_Receive_IT
                0x0000000008005148      0x118 CMakeFiles/lab_7_i2c.elf.dir/Drivers/STM32F3xx_HAL_Driver/Src/stm32f3xx_hal_uart.c.obj
                0x0000000008005148                HAL_UART_Receive_IT
 .text.HAL_UART_IRQHandler
                0x0000000008005260      0x288 CMakeFiles/lab_7_i2c.elf.dir/Drivers/STM32F3xx_HAL_Driver/Src/stm32f3xx_hal_uart.c.obj
                0x0000000008005260                HAL_UART_IRQHandler
 .text.HAL_UART_TxCpltCallback
                0x00000000080054e8       0x12 CMakeFiles/lab_7_i2c.elf.dir/Drivers/STM32F3xx_HAL_Driver/Src/stm32f3xx_hal_uart.c.obj
                0x00000000080054e8                HAL_UART_TxCpltCallback
 .text.HAL_UART_ErrorCallback
                0x00000000080054fa       0x12 CMakeFiles/lab_7_i2c.elf.dir/Drivers/STM32F3xx_HAL_Driver/Src/stm32f3xx_hal_uart.c.obj
                0x00000000080054fa                HAL_UART_ErrorCallback
 .text.UART_SetConfig
                0x000000000800550c      0x554 CMakeFiles/lab_7_i2c.elf.dir/Drivers/STM32F3xx_HAL_Driver/Src/stm32f3xx_hal_uart.c.obj
                0x000000000800550c                UART_SetConfig
 .text.UART_AdvFeatureConfig
                0x0000000008005a60      0x29c CMakeFiles/lab_7_i2c.elf.dir/Drivers/STM32F3xx_HAL_Driver/Src/stm32f3xx_hal_uart.c.obj
                0x0000000008005a60                UART_AdvFeatureConfig
 .text.UART_CheckIdleState
                0x0000000008005cfc       0x8a CMakeFiles/lab_7_i2c.elf.dir/Drivers/STM32F3xx_HAL_Driver/Src/stm32f3xx_hal_uart.c.obj
                0x0000000008005cfc                UART_CheckIdleState
 .text.UART_WaitOnFlagUntilTimeout
                0x0000000008005d86       0xf6 CMakeFiles/lab_7_i2c.elf.dir/Drivers/STM32F3xx_HAL_Driver/Src/stm32f3xx_hal_uart.c.obj
                0x0000000008005d86                UART_WaitOnFlagUntilTimeout
 .text.UART_EndRxTransfer
                0x0000000008005e7c       0x3e CMakeFiles/lab_7_i2c.elf.dir/Drivers/STM32F3xx_HAL_Driver/Src/stm32f3xx_hal_uart.c.obj
 .text.UART_DMAAbortOnError
                0x0000000008005eba       0x2c CMakeFiles/lab_7_i2c.elf.dir/Drivers/STM32F3xx_HAL_Driver/Src/stm32f3xx_hal_uart.c.obj
 .text.UART_EndTransmit_IT
                0x0000000008005ee6       0x32 CMakeFiles/lab_7_i2c.elf.dir/Drivers/STM32F3xx_HAL_Driver/Src/stm32f3xx_hal_uart.c.obj
 .text.UART_RxISR_8BIT
                0x0000000008005f18       0xa6 CMakeFiles/lab_7_i2c.elf.dir/Drivers/STM32F3xx_HAL_Driver/Src/stm32f3xx_hal_uart.c.obj
 .text.UART_RxISR_16BIT
                0x0000000008005fbe       0xa6 CMakeFiles/lab_7_i2c.elf.dir/Drivers/STM32F3xx_HAL_Driver/Src/stm32f3xx_hal_uart.c.obj
 .text.HAL_UARTEx_WakeupCallback
                0x0000000008006064       0x12 CMakeFiles/lab_7_i2c.elf.dir/Drivers/STM32F3xx_HAL_Driver/Src/stm32f3xx_hal_uart_ex.c.obj
                0x0000000008006064                HAL_UARTEx_WakeupCallback
 *fill*         0x0000000008006076        0x2 
 .text.MX_GPIO_Init
                0x0000000008006078       0xe0 CMakeFiles/lab_7_i2c.elf.dir/Src/gpio.c.obj
                0x0000000008006078                MX_GPIO_Init
 .text.MX_I2C1_Init
                0x0000000008006158       0x80 CMakeFiles/lab_7_i2c.elf.dir/Src/i2c.c.obj
                0x0000000008006158                MX_I2C1_Init
 .text.HAL_I2C_MspInit
                0x00000000080061d8       0x88 CMakeFiles/lab_7_i2c.elf.dir/Src/i2c.c.obj
                0x00000000080061d8                HAL_I2C_MspInit
 .text.HAL_I2C_MspDeInit
                0x0000000008006260       0x3c CMakeFiles/lab_7_i2c.elf.dir/Src/i2c.c.obj
                0x0000000008006260                HAL_I2C_MspDeInit
 .text.L3GD20_Init
                0x000000000800629c       0x46 CMakeFiles/lab_7_i2c.elf.dir/Src/l3gd20.c.obj
                0x000000000800629c                L3GD20_Init
 .text.L3GD20_DeInit
                0x00000000080062e2        0xc CMakeFiles/lab_7_i2c.elf.dir/Src/l3gd20.c.obj
                0x00000000080062e2                L3GD20_DeInit
 .text.L3GD20_ReadID
                0x00000000080062ee       0x20 CMakeFiles/lab_7_i2c.elf.dir/Src/l3gd20.c.obj
                0x00000000080062ee                L3GD20_ReadID
 .text.L3GD20_RebootCmd
                0x000000000800630e       0x30 CMakeFiles/lab_7_i2c.elf.dir/Src/l3gd20.c.obj
                0x000000000800630e                L3GD20_RebootCmd
 .text.L3GD20_LowPower
                0x000000000800633e       0x2a CMakeFiles/lab_7_i2c.elf.dir/Src/l3gd20.c.obj
                0x000000000800633e                L3GD20_LowPower
 .text.L3GD20_INT1InterruptConfig
                0x0000000008006368       0x86 CMakeFiles/lab_7_i2c.elf.dir/Src/l3gd20.c.obj
                0x0000000008006368                L3GD20_INT1InterruptConfig
 .text.L3GD20_EnableIT
                0x00000000080063ee       0x64 CMakeFiles/lab_7_i2c.elf.dir/Src/l3gd20.c.obj
                0x00000000080063ee                L3GD20_EnableIT
 .text.L3GD20_DisableIT
                0x0000000008006452       0x58 CMakeFiles/lab_7_i2c.elf.dir/Src/l3gd20.c.obj
                0x0000000008006452                L3GD20_DisableIT
 .text.L3GD20_FilterConfig
                0x00000000080064aa       0x42 CMakeFiles/lab_7_i2c.elf.dir/Src/l3gd20.c.obj
                0x00000000080064aa                L3GD20_FilterConfig
 .text.L3GD20_FilterCmd
                0x00000000080064ec       0x42 CMakeFiles/lab_7_i2c.elf.dir/Src/l3gd20.c.obj
                0x00000000080064ec                L3GD20_FilterCmd
 *fill*         0x000000000800652e        0x2 
 .text.L3GD20_ReadXYZAngRate
                0x0000000008006530      0x160 CMakeFiles/lab_7_i2c.elf.dir/Src/l3gd20.c.obj
                0x0000000008006530                L3GD20_ReadXYZAngRate
 .text.LSM303DLHC_AccInit
                0x0000000008006690       0x3a CMakeFiles/lab_7_i2c.elf.dir/Src/lsm303dlhc.c.obj
                0x0000000008006690                LSM303DLHC_AccInit
 .text.LSM303DLHC_AccDeInit
                0x00000000080066ca        0xc CMakeFiles/lab_7_i2c.elf.dir/Src/lsm303dlhc.c.obj
                0x00000000080066ca                LSM303DLHC_AccDeInit
 .text.LSM303DLHC_AccReadID
                0x00000000080066d6       0x24 CMakeFiles/lab_7_i2c.elf.dir/Src/lsm303dlhc.c.obj
                0x00000000080066d6                LSM303DLHC_AccReadID
 .text.LSM303DLHC_AccRebootCmd
                0x00000000080066fa       0x2e CMakeFiles/lab_7_i2c.elf.dir/Src/lsm303dlhc.c.obj
                0x00000000080066fa                LSM303DLHC_AccRebootCmd
 .text.LSM303DLHC_AccFilterConfig
                0x0000000008006728       0x3a CMakeFiles/lab_7_i2c.elf.dir/Src/lsm303dlhc.c.obj
                0x0000000008006728                LSM303DLHC_AccFilterConfig
 .text.LSM303DLHC_AccFilterCmd
                0x0000000008006762       0x3a CMakeFiles/lab_7_i2c.elf.dir/Src/lsm303dlhc.c.obj
                0x0000000008006762                LSM303DLHC_AccFilterCmd
 .text.LSM303DLHC_AccReadXYZ
                0x000000000800679c      0x1b8 CMakeFiles/lab_7_i2c.elf.dir/Src/lsm303dlhc.c.obj
                0x000000000800679c                LSM303DLHC_AccReadXYZ
 .text.LSM303DLHC_AccFilterClickCmd
                0x0000000008006954       0x3e CMakeFiles/lab_7_i2c.elf.dir/Src/lsm303dlhc.c.obj
                0x0000000008006954                LSM303DLHC_AccFilterClickCmd
 .text.LSM303DLHC_AccIT1Enable
                0x0000000008006992       0x36 CMakeFiles/lab_7_i2c.elf.dir/Src/lsm303dlhc.c.obj
                0x0000000008006992                LSM303DLHC_AccIT1Enable
 .text.LSM303DLHC_AccClickITEnable
                0x00000000080069c8       0x72 CMakeFiles/lab_7_i2c.elf.dir/Src/lsm303dlhc.c.obj
                0x00000000080069c8                LSM303DLHC_AccClickITEnable
 .text.LSM303DLHC_AccZClickITConfig
                0x0000000008006a3a       0x1e CMakeFiles/lab_7_i2c.elf.dir/Src/lsm303dlhc.c.obj
                0x0000000008006a3a                LSM303DLHC_AccZClickITConfig
 .text.print_float
                0x0000000008006a58       0xc4 CMakeFiles/lab_7_i2c.elf.dir/Src/main.c.obj
                0x0000000008006a58                print_float
 .text.print_xyz
                0x0000000008006b1c      0x15c CMakeFiles/lab_7_i2c.elf.dir/Src/main.c.obj
                0x0000000008006b1c                print_xyz
 .text.main     0x0000000008006c78      0x3b4 CMakeFiles/lab_7_i2c.elf.dir/Src/main.c.obj
                0x0000000008006c78                main
 .text.SystemClock_Config
                0x000000000800702c       0xb0 CMakeFiles/lab_7_i2c.elf.dir/Src/main.c.obj
                0x000000000800702c                SystemClock_Config
 .text.HAL_GPIO_EXTI_Callback
                0x00000000080070dc       0x48 CMakeFiles/lab_7_i2c.elf.dir/Src/main.c.obj
                0x00000000080070dc                HAL_GPIO_EXTI_Callback
 .text.HAL_UART_RxCpltCallback
                0x0000000008007124       0x48 CMakeFiles/lab_7_i2c.elf.dir/Src/main.c.obj
                0x0000000008007124                HAL_UART_RxCpltCallback
 .text.Error_Handler
                0x000000000800716c        0xc CMakeFiles/lab_7_i2c.elf.dir/Src/main.c.obj
                0x000000000800716c                Error_Handler
 .text.assert_failed
                0x0000000008007178       0x14 CMakeFiles/lab_7_i2c.elf.dir/Src/main.c.obj
                0x0000000008007178                assert_failed
 .text.MX_SPI1_Init
                0x000000000800718c       0x7c CMakeFiles/lab_7_i2c.elf.dir/Src/spi.c.obj
                0x000000000800718c                MX_SPI1_Init
 .text.HAL_SPI_MspInit
                0x0000000008007208       0x84 CMakeFiles/lab_7_i2c.elf.dir/Src/spi.c.obj
                0x0000000008007208                HAL_SPI_MspInit
 .text.HAL_SPI_MspDeInit
                0x000000000800728c       0x38 CMakeFiles/lab_7_i2c.elf.dir/Src/spi.c.obj
                0x000000000800728c                HAL_SPI_MspDeInit
 .text.I2Cx_MspInit
                0x00000000080072c4       0x68 CMakeFiles/lab_7_i2c.elf.dir/Src/stm32f3_discovery.c.obj
 .text.I2Cx_Init
                0x000000000800732c       0x54 CMakeFiles/lab_7_i2c.elf.dir/Src/stm32f3_discovery.c.obj
 .text.I2Cx_WriteData
                0x0000000008007380       0x50 CMakeFiles/lab_7_i2c.elf.dir/Src/stm32f3_discovery.c.obj
 .text.I2Cx_ReadData
                0x00000000080073d0       0x58 CMakeFiles/lab_7_i2c.elf.dir/Src/stm32f3_discovery.c.obj
 .text.I2Cx_Error
                0x0000000008007428       0x18 CMakeFiles/lab_7_i2c.elf.dir/Src/stm32f3_discovery.c.obj
 .text.SPIx_Init
                0x0000000008007440       0x78 CMakeFiles/lab_7_i2c.elf.dir/Src/stm32f3_discovery.c.obj
 .text.SPIx_WriteRead
                0x00000000080074b8       0x40 CMakeFiles/lab_7_i2c.elf.dir/Src/stm32f3_discovery.c.obj
 .text.SPIx_Error
                0x00000000080074f8       0x18 CMakeFiles/lab_7_i2c.elf.dir/Src/stm32f3_discovery.c.obj
 .text.SPIx_MspInit
                0x0000000008007510       0x68 CMakeFiles/lab_7_i2c.elf.dir/Src/stm32f3_discovery.c.obj
 .text.GYRO_IO_Init
                0x0000000008007578       0x8c CMakeFiles/lab_7_i2c.elf.dir/Src/stm32f3_discovery.c.obj
                0x0000000008007578                GYRO_IO_Init
 .text.GYRO_IO_Write
                0x0000000008007604       0x64 CMakeFiles/lab_7_i2c.elf.dir/Src/stm32f3_discovery.c.obj
                0x0000000008007604                GYRO_IO_Write
 .text.GYRO_IO_Read
                0x0000000008007668       0x74 CMakeFiles/lab_7_i2c.elf.dir/Src/stm32f3_discovery.c.obj
                0x0000000008007668                GYRO_IO_Read
 .text.COMPASSACCELERO_IO_Init
                0x00000000080076dc       0x94 CMakeFiles/lab_7_i2c.elf.dir/Src/stm32f3_discovery.c.obj
                0x00000000080076dc                COMPASSACCELERO_IO_Init
 .text.COMPASSACCELERO_IO_ITConfig
                0x0000000008007770       0x5c CMakeFiles/lab_7_i2c.elf.dir/Src/stm32f3_discovery.c.obj
                0x0000000008007770                COMPASSACCELERO_IO_ITConfig
 .text.COMPASSACCELERO_IO_Write
                0x00000000080077cc       0x26 CMakeFiles/lab_7_i2c.elf.dir/Src/stm32f3_discovery.c.obj
                0x00000000080077cc                COMPASSACCELERO_IO_Write
 .text.COMPASSACCELERO_IO_Read
                0x00000000080077f2       0x26 CMakeFiles/lab_7_i2c.elf.dir/Src/stm32f3_discovery.c.obj
                0x00000000080077f2                COMPASSACCELERO_IO_Read
 .text.BSP_ACCELERO_Init
                0x0000000008007818       0xd0 CMakeFiles/lab_7_i2c.elf.dir/Src/stm32f3_discovery_accelerometer.c.obj
                0x0000000008007818                BSP_ACCELERO_Init
 .text.BSP_ACCELERO_GetXYZ
                0x00000000080078e8       0x28 CMakeFiles/lab_7_i2c.elf.dir/Src/stm32f3_discovery_accelerometer.c.obj
                0x00000000080078e8                BSP_ACCELERO_GetXYZ
 .text.BSP_GYRO_Init
                0x0000000008007910       0xcc CMakeFiles/lab_7_i2c.elf.dir/Src/stm32f3_discovery_gyroscope.c.obj
                0x0000000008007910                BSP_GYRO_Init
 .text.BSP_GYRO_GetXYZ
                0x00000000080079dc       0x28 CMakeFiles/lab_7_i2c.elf.dir/Src/stm32f3_discovery_gyroscope.c.obj
                0x00000000080079dc                BSP_GYRO_GetXYZ
 .text.HAL_MspInit
                0x0000000008007a04       0x44 CMakeFiles/lab_7_i2c.elf.dir/Src/stm32f3xx_hal_msp.c.obj
                0x0000000008007a04                HAL_MspInit
 .text.NMI_Handler
                0x0000000008007a48        0xc CMakeFiles/lab_7_i2c.elf.dir/Src/stm32f3xx_it.c.obj
                0x0000000008007a48                NMI_Handler
 .text.HardFault_Handler
                0x0000000008007a54        0x6 CMakeFiles/lab_7_i2c.elf.dir/Src/stm32f3xx_it.c.obj
                0x0000000008007a54                HardFault_Handler
 .text.MemManage_Handler
                0x0000000008007a5a        0x6 CMakeFiles/lab_7_i2c.elf.dir/Src/stm32f3xx_it.c.obj
                0x0000000008007a5a                MemManage_Handler
 .text.BusFault_Handler
                0x0000000008007a60        0x6 CMakeFiles/lab_7_i2c.elf.dir/Src/stm32f3xx_it.c.obj
                0x0000000008007a60                BusFault_Handler
 .text.UsageFault_Handler
                0x0000000008007a66        0x6 CMakeFiles/lab_7_i2c.elf.dir/Src/stm32f3xx_it.c.obj
                0x0000000008007a66                UsageFault_Handler
 .text.SVC_Handler
                0x0000000008007a6c        0xc CMakeFiles/lab_7_i2c.elf.dir/Src/stm32f3xx_it.c.obj
                0x0000000008007a6c                SVC_Handler
 .text.DebugMon_Handler
                0x0000000008007a78        0xc CMakeFiles/lab_7_i2c.elf.dir/Src/stm32f3xx_it.c.obj
                0x0000000008007a78                DebugMon_Handler
 .text.PendSV_Handler
                0x0000000008007a84        0xc CMakeFiles/lab_7_i2c.elf.dir/Src/stm32f3xx_it.c.obj
                0x0000000008007a84                PendSV_Handler
 .text.SysTick_Handler
                0x0000000008007a90        0xc CMakeFiles/lab_7_i2c.elf.dir/Src/stm32f3xx_it.c.obj
                0x0000000008007a90                SysTick_Handler
 .text.EXTI0_IRQHandler
                0x0000000008007a9c        0xe CMakeFiles/lab_7_i2c.elf.dir/Src/stm32f3xx_it.c.obj
                0x0000000008007a9c                EXTI0_IRQHandler
 *fill*         0x0000000008007aaa        0x2 
 .text.USART1_IRQHandler
                0x0000000008007aac       0x14 CMakeFiles/lab_7_i2c.elf.dir/Src/stm32f3xx_it.c.obj
                0x0000000008007aac                USART1_IRQHandler
 .text._sbrk    0x0000000008007ac0       0x58 CMakeFiles/lab_7_i2c.elf.dir/Src/syscalls.c.obj
                0x0000000008007ac0                _sbrk
 .text.SystemInit
                0x0000000008007b18       0x18 CMakeFiles/lab_7_i2c.elf.dir/Src/system_stm32f3xx.c.obj
                0x0000000008007b18                SystemInit
 .text.MX_USART1_UART_Init
                0x0000000008007b30       0x60 CMakeFiles/lab_7_i2c.elf.dir/Src/usart.c.obj
                0x0000000008007b30                MX_USART1_UART_Init
 .text.HAL_UART_MspInit
                0x0000000008007b90       0x98 CMakeFiles/lab_7_i2c.elf.dir/Src/usart.c.obj
                0x0000000008007b90                HAL_UART_MspInit
 .text.Reset_Handler
                0x0000000008007c28       0x50 CMakeFiles/lab_7_i2c.elf.dir/startup/startup_stm32f303xc.s.obj
                0x0000000008007c28                Reset_Handler
 .text.Default_Handler
                0x0000000008007c78        0x2 CMakeFiles/lab_7_i2c.elf.dir/startup/startup_stm32f303xc.s.obj
                0x0000000008007c78                RTC_Alarm_IRQHandler
                0x0000000008007c78                TIM8_TRG_COM_IRQHandler
                0x0000000008007c78                TIM8_CC_IRQHandler
                0x0000000008007c78                TIM1_CC_IRQHandler
                0x0000000008007c78                USB_HP_IRQHandler
                0x0000000008007c78                PVD_IRQHandler
                0x0000000008007c78                TAMP_STAMP_IRQHandler
                0x0000000008007c78                EXTI3_IRQHandler
                0x0000000008007c78                USB_HP_CAN_TX_IRQHandler
                0x0000000008007c78                I2C2_EV_IRQHandler
                0x0000000008007c78                FPU_IRQHandler
                0x0000000008007c78                TIM1_UP_TIM16_IRQHandler
                0x0000000008007c78                ADC1_2_IRQHandler
                0x0000000008007c78                SPI1_IRQHandler
                0x0000000008007c78                CAN_SCE_IRQHandler
                0x0000000008007c78                TIM6_DAC_IRQHandler
                0x0000000008007c78                TIM8_UP_IRQHandler
                0x0000000008007c78                DMA2_Channel2_IRQHandler
                0x0000000008007c78                DMA1_Channel4_IRQHandler
                0x0000000008007c78                USART3_IRQHandler
                0x0000000008007c78                DMA1_Channel7_IRQHandler
                0x0000000008007c78                UART5_IRQHandler
                0x0000000008007c78                ADC3_IRQHandler
                0x0000000008007c78                TIM4_IRQHandler
                0x0000000008007c78                CAN_RX1_IRQHandler
                0x0000000008007c78                DMA2_Channel1_IRQHandler
                0x0000000008007c78                I2C1_EV_IRQHandler
                0x0000000008007c78                DMA1_Channel6_IRQHandler
                0x0000000008007c78                UART4_IRQHandler
                0x0000000008007c78                DMA2_Channel4_IRQHandler
                0x0000000008007c78                TIM3_IRQHandler
                0x0000000008007c78                RCC_IRQHandler
                0x0000000008007c78                DMA1_Channel1_IRQHandler
                0x0000000008007c78                Default_Handler
                0x0000000008007c78                USBWakeUp_RMP_IRQHandler
                0x0000000008007c78                EXTI15_10_IRQHandler
                0x0000000008007c78                TIM7_IRQHandler
                0x0000000008007c78                EXTI9_5_IRQHandler
                0x0000000008007c78                RTC_WKUP_IRQHandler
                0x0000000008007c78                SPI2_IRQHandler
                0x0000000008007c78                USB_LP_CAN_RX0_IRQHandler
                0x0000000008007c78                DMA2_Channel5_IRQHandler
                0x0000000008007c78                DMA1_Channel5_IRQHandler
                0x0000000008007c78                USB_LP_IRQHandler
                0x0000000008007c78                EXTI4_IRQHandler
                0x0000000008007c78                TIM1_TRG_COM_TIM17_IRQHandler
                0x0000000008007c78                DMA1_Channel3_IRQHandler
                0x0000000008007c78                ADC4_IRQHandler
                0x0000000008007c78                WWDG_IRQHandler
                0x0000000008007c78                TIM2_IRQHandler
                0x0000000008007c78                COMP7_IRQHandler
                0x0000000008007c78                COMP1_2_3_IRQHandler
                0x0000000008007c78                EXTI1_IRQHandler
                0x0000000008007c78                USART2_IRQHandler
                0x0000000008007c78                COMP4_5_6_IRQHandler
                0x0000000008007c78                I2C2_ER_IRQHandler
                0x0000000008007c78                DMA1_Channel2_IRQHandler
                0x0000000008007c78                TIM8_BRK_IRQHandler
                0x0000000008007c78                FLASH_IRQHandler
                0x0000000008007c78                SPI3_IRQHandler
                0x0000000008007c78                I2C1_ER_IRQHandler
                0x0000000008007c78                USBWakeUp_IRQHandler
                0x0000000008007c78                DMA2_Channel3_IRQHandler
                0x0000000008007c78                EXTI2_TSC_IRQHandler
                0x0000000008007c78                TIM1_BRK_TIM15_IRQHandler
 *fill*         0x0000000008007c7a        0x2 
 .text.__errno  0x0000000008007c7c        0xc /usr/lib/gcc/arm-none-eabi/9.2.0/../../../../arm-none-eabi/lib/thumb/v7e-m/nofp/libg_nano.a(lib_a-errno.o)
                0x0000000008007c7c                __errno
 .text.__libc_init_array
                0x0000000008007c88       0x48 /usr/lib/gcc/arm-none-eabi/9.2.0/../../../../arm-none-eabi/lib/thumb/v7e-m/nofp/libg_nano.a(lib_a-init.o)
                0x0000000008007c88                __libc_init_array
 .text.memset   0x0000000008007cd0       0x10 /usr/lib/gcc/arm-none-eabi/9.2.0/../../../../arm-none-eabi/lib/thumb/v7e-m/nofp/libg_nano.a(lib_a-memset.o)
                0x0000000008007cd0                memset
 .text.sprintf  0x0000000008007ce0       0x40 /usr/lib/gcc/arm-none-eabi/9.2.0/../../../../arm-none-eabi/lib/thumb/v7e-m/nofp/libg_nano.a(lib_a-sprintf.o)
                0x0000000008007ce0                sprintf
                0x0000000008007ce0                siprintf
 .text.__retarget_lock_acquire_recursive
                0x0000000008007d20        0x2 /usr/lib/gcc/arm-none-eabi/9.2.0/../../../../arm-none-eabi/lib/thumb/v7e-m/nofp/libg_nano.a(lib_a-lock.o)
                0x0000000008007d20                __retarget_lock_acquire_recursive
 .text.__retarget_lock_release_recursive
                0x0000000008007d22        0x2 /usr/lib/gcc/arm-none-eabi/9.2.0/../../../../arm-none-eabi/lib/thumb/v7e-m/nofp/libg_nano.a(lib_a-lock.o)
                0x0000000008007d22                __retarget_lock_release_recursive
 .text.__ssputs_r
                0x0000000008007d24       0xb6 /usr/lib/gcc/arm-none-eabi/9.2.0/../../../../arm-none-eabi/lib/thumb/v7e-m/nofp/libg_nano.a(lib_a-nano-svfprintf.o)
                0x0000000008007d24                __ssputs_r
 *fill*         0x0000000008007dda        0x2 
 .text._svfprintf_r
                0x0000000008007ddc      0x200 /usr/lib/gcc/arm-none-eabi/9.2.0/../../../../arm-none-eabi/lib/thumb/v7e-m/nofp/libg_nano.a(lib_a-nano-svfprintf.o)
                0x0000000008007ddc                _svfprintf_r
                0x0000000008007ddc                _svfiprintf_r
 .text._printf_common
                0x0000000008007fdc       0xda /usr/lib/gcc/arm-none-eabi/9.2.0/../../../../arm-none-eabi/lib/thumb/v7e-m/nofp/libg_nano.a(lib_a-nano-vfprintf_i.o)
                0x0000000008007fdc                _printf_common
 *fill*         0x00000000080080b6        0x2 
 .text._printf_i
                0x00000000080080b8      0x24c /usr/lib/gcc/arm-none-eabi/9.2.0/../../../../arm-none-eabi/lib/thumb/v7e-m/nofp/libg_nano.a(lib_a-nano-vfprintf_i.o)
                0x00000000080080b8                _printf_i
 .text.memcpy   0x0000000008008304       0x1c /usr/lib/gcc/arm-none-eabi/9.2.0/../../../../arm-none-eabi/lib/thumb/v7e-m/nofp/libg_nano.a(lib_a-memcpy-stub.o)
                0x0000000008008304                memcpy
 .text.memmove  0x0000000008008320       0x34 /usr/lib/gcc/arm-none-eabi/9.2.0/../../../../arm-none-eabi/lib/thumb/v7e-m/nofp/libg_nano.a(lib_a-memmove.o)
                0x0000000008008320                memmove
 .text._free_r  0x0000000008008354       0x9c /usr/lib/gcc/arm-none-eabi/9.2.0/../../../../arm-none-eabi/lib/thumb/v7e-m/nofp/libg_nano.a(lib_a-nano-freer.o)
                0x0000000008008354                _free_r
 .text._malloc_r
                0x00000000080083f0       0xb4 /usr/lib/gcc/arm-none-eabi/9.2.0/../../../../arm-none-eabi/lib/thumb/v7e-m/nofp/libg_nano.a(lib_a-nano-mallocr.o)
                0x00000000080083f0                _malloc_r
 .text._realloc_r
                0x00000000080084a4       0x4c /usr/lib/gcc/arm-none-eabi/9.2.0/../../../../arm-none-eabi/lib/thumb/v7e-m/nofp/libg_nano.a(lib_a-nano-reallocr.o)
                0x00000000080084a4                _realloc_r
 .text._sbrk_r  0x00000000080084f0       0x20 /usr/lib/gcc/arm-none-eabi/9.2.0/../../../../arm-none-eabi/lib/thumb/v7e-m/nofp/libg_nano.a(lib_a-sbrkr.o)
                0x00000000080084f0                _sbrk_r
 .text.__malloc_lock
                0x0000000008008510        0xc /usr/lib/gcc/arm-none-eabi/9.2.0/../../../../arm-none-eabi/lib/thumb/v7e-m/nofp/libg_nano.a(lib_a-mlock.o)
                0x0000000008008510                __malloc_lock
 .text.__malloc_unlock
                0x000000000800851c        0xc /usr/lib/gcc/arm-none-eabi/9.2.0/../../../../arm-none-eabi/lib/thumb/v7e-m/nofp/libg_nano.a(lib_a-mlock.o)
                0x000000000800851c                __malloc_unlock
 .text._malloc_usable_size_r
                0x0000000008008528       0x10 /usr/lib/gcc/arm-none-eabi/9.2.0/../../../../arm-none-eabi/lib/thumb/v7e-m/nofp/libg_nano.a(lib_a-nano-msizer.o)
                0x0000000008008528                _malloc_usable_size_r
 .text.fmax     0x0000000008008538       0x38 /usr/lib/gcc/arm-none-eabi/9.2.0/../../../../arm-none-eabi/lib/thumb/v7e-m/nofp/libm.a(lib_a-s_fmax.o)
                0x0000000008008538                fmax
 .text.__fpclassifyd
                0x0000000008008570       0x6c /usr/lib/gcc/arm-none-eabi/9.2.0/../../../../arm-none-eabi/lib/thumb/v7e-m/nofp/libm.a(lib_a-s_fpclassify.o)
                0x0000000008008570                __fpclassifyd
 .text.sqrt     0x00000000080085dc       0xc0 /usr/lib/gcc/arm-none-eabi/9.2.0/../../../../arm-none-eabi/lib/thumb/v7e-m/nofp/libm.a(lib_a-w_sqrt.o)
                0x00000000080085dc                sqrt
 .text.__ieee754_sqrt
                0x000000000800869c      0x17c /usr/lib/gcc/arm-none-eabi/9.2.0/../../../../arm-none-eabi/lib/thumb/v7e-m/nofp/libm.a(lib_a-e_sqrt.o)
                0x000000000800869c                __ieee754_sqrt
 .text.matherr  0x0000000008008818        0x4 /usr/lib/gcc/arm-none-eabi/9.2.0/../../../../arm-none-eabi/lib/thumb/v7e-m/nofp/libm.a(lib_a-s_matherr.o)
                0x0000000008008818                matherr
 *(.glue_7)
 .glue_7        0x000000000800881c        0x0 linker stubs
 *(.glue_7t)
 .glue_7t       0x000000000800881c        0x0 linker stubs
 *(.eh_frame)
 .eh_frame      0x000000000800881c        0x0 /usr/lib/gcc/arm-none-eabi/9.2.0/thumb/v7e-m/nofp/crtbegin.o
 *(.init)
 .init          0x000000000800881c        0x4 /usr/lib/gcc/arm-none-eabi/9.2.0/thumb/v7e-m/nofp/crti.o
                0x000000000800881c                _init
 .init          0x0000000008008820        0x8 /usr/lib/gcc/arm-none-eabi/9.2.0/thumb/v7e-m/nofp/crtn.o
 *(.fini)
 .fini          0x0000000008008828        0x4 /usr/lib/gcc/arm-none-eabi/9.2.0/thumb/v7e-m/nofp/crti.o
                0x0000000008008828                _fini
 .fini          0x000000000800882c        0x8 /usr/lib/gcc/arm-none-eabi/9.2.0/thumb/v7e-m/nofp/crtn.o
                0x0000000008008834                . = ALIGN (0x4)
                0x0000000008008834                _etext = .

.vfp11_veneer   0x0000000008008834        0x0
 .vfp11_veneer  0x0000000008008834        0x0 linker stubs

.v4_bx          0x0000000008008834        0x0
 .v4_bx         0x0000000008008834        0x0 linker stubs

.iplt           0x0000000008008834        0x0
 .iplt          0x0000000008008834        0x0 /usr/lib/gcc/arm-none-eabi/9.2.0/thumb/v7e-m/nofp/crtbegin.o

.rodata         0x0000000008008834      0x428
                0x0000000008008834                . = ALIGN (0x4)
 *(.rodata)
 .rodata        0x0000000008008834       0x5a CMakeFiles/lab_7_i2c.elf.dir/Drivers/STM32F3xx_HAL_Driver/Src/stm32f3xx_hal_cortex.c.obj
 *fill*         0x000000000800888e        0x2 
 .rodata        0x0000000008008890       0x58 CMakeFiles/lab_7_i2c.elf.dir/Drivers/STM32F3xx_HAL_Driver/Src/stm32f3xx_hal_gpio.c.obj
 .rodata        0x00000000080088e8       0x57 CMakeFiles/lab_7_i2c.elf.dir/Drivers/STM32F3xx_HAL_Driver/Src/stm32f3xx_hal_i2c.c.obj
 *fill*         0x000000000800893f        0x1 
 .rodata        0x0000000008008940       0x5a CMakeFiles/lab_7_i2c.elf.dir/Drivers/STM32F3xx_HAL_Driver/Src/stm32f3xx_hal_i2c_ex.c.obj
 *fill*         0x000000000800899a        0x2 
 .rodata        0x000000000800899c       0x57 CMakeFiles/lab_7_i2c.elf.dir/Drivers/STM32F3xx_HAL_Driver/Src/stm32f3xx_hal_rcc.c.obj
 *fill*         0x00000000080089f3        0x1 
 .rodata        0x00000000080089f4       0x7c CMakeFiles/lab_7_i2c.elf.dir/Drivers/STM32F3xx_HAL_Driver/Src/stm32f3xx_hal_rcc_ex.c.obj
 .rodata        0x0000000008008a70       0x57 CMakeFiles/lab_7_i2c.elf.dir/Drivers/STM32F3xx_HAL_Driver/Src/stm32f3xx_hal_spi.c.obj
 *fill*         0x0000000008008ac7        0x1 
 .rodata        0x0000000008008ac8       0x58 CMakeFiles/lab_7_i2c.elf.dir/Drivers/STM32F3xx_HAL_Driver/Src/stm32f3xx_hal_uart.c.obj
 .rodata        0x0000000008008b20       0xc8 CMakeFiles/lab_7_i2c.elf.dir/Src/main.c.obj
 *(.rodata*)
 .rodata.aPLLMULFactorTable
                0x0000000008008be8       0x10 CMakeFiles/lab_7_i2c.elf.dir/Drivers/STM32F3xx_HAL_Driver/Src/stm32f3xx_hal_rcc.c.obj
                0x0000000008008be8                aPLLMULFactorTable
 .rodata.aPredivFactorTable
                0x0000000008008bf8       0x10 CMakeFiles/lab_7_i2c.elf.dir/Drivers/STM32F3xx_HAL_Driver/Src/stm32f3xx_hal_rcc.c.obj
                0x0000000008008bf8                aPredivFactorTable
 .rodata.AHBPrescTable
                0x0000000008008c08       0x10 CMakeFiles/lab_7_i2c.elf.dir/Src/system_stm32f3xx.c.obj
                0x0000000008008c08                AHBPrescTable
 .rodata.APBPrescTable
                0x0000000008008c18        0x8 CMakeFiles/lab_7_i2c.elf.dir/Src/system_stm32f3xx.c.obj
                0x0000000008008c18                APBPrescTable
 .rodata._svfprintf_r.str1.1
                0x0000000008008c20       0x11 /usr/lib/gcc/arm-none-eabi/9.2.0/../../../../arm-none-eabi/lib/thumb/v7e-m/nofp/libg_nano.a(lib_a-nano-svfprintf.o)
 .rodata._printf_i.str1.1
                0x0000000008008c31       0x22 /usr/lib/gcc/arm-none-eabi/9.2.0/../../../../arm-none-eabi/lib/thumb/v7e-m/nofp/libg_nano.a(lib_a-nano-vfprintf_i.o)
 *fill*         0x0000000008008c53        0x1 
 .rodata.sqrt.str1.4
                0x0000000008008c54        0x5 /usr/lib/gcc/arm-none-eabi/9.2.0/../../../../arm-none-eabi/lib/thumb/v7e-m/nofp/libm.a(lib_a-w_sqrt.o)
                0x0000000008008c5c                . = ALIGN (0x4)
 *fill*         0x0000000008008c59        0x3 

.rel.dyn        0x0000000008008c5c        0x0
 .rel.iplt      0x0000000008008c5c        0x0 /usr/lib/gcc/arm-none-eabi/9.2.0/thumb/v7e-m/nofp/crtbegin.o

.ARM.extab
 *(.ARM.extab* .gnu.linkonce.armextab.*)

.ARM            0x0000000008008c5c        0x0
                0x0000000008008c5c                __exidx_start = .
 *(.ARM.exidx*)
                0x0000000008008c5c                __exidx_end = .

.preinit_array  0x0000000008008c5c        0x0
                0x0000000008008c5c                PROVIDE (__preinit_array_start = .)
 *(.preinit_array*)
                0x0000000008008c5c                PROVIDE (__preinit_array_end = .)

.init_array     0x0000000008008c5c        0x4
                0x0000000008008c5c                PROVIDE (__init_array_start = .)
 *(SORT_BY_NAME(.init_array.*))
 *(.init_array*)
 .init_array    0x0000000008008c5c        0x4 /usr/lib/gcc/arm-none-eabi/9.2.0/thumb/v7e-m/nofp/crtbegin.o
                0x0000000008008c60                PROVIDE (__init_array_end = .)

.fini_array     0x0000000008008c60        0x4
                0x0000000008008c60                PROVIDE (__fini_array_start = .)
 *(SORT_BY_NAME(.fini_array.*))
 *(.fini_array*)
 .fini_array    0x0000000008008c60        0x4 /usr/lib/gcc/arm-none-eabi/9.2.0/thumb/v7e-m/nofp/crtbegin.o
                0x0000000008008c64                PROVIDE (__fini_array_end = .)
                0x0000000008008c64                _sidata = LOADADDR (.data)

.data           0x0000000020000000       0xe4 load address 0x0000000008008c64
                0x0000000020000000                . = ALIGN (0x4)
                0x0000000020000000                _sdata = .
 *(.data)
 *(.data*)
 .data.uwTickPrio
                0x0000000020000000        0x4 CMakeFiles/lab_7_i2c.elf.dir/Drivers/STM32F3xx_HAL_Driver/Src/stm32f3xx_hal.c.obj
                0x0000000020000000                uwTickPrio
 .data.uwTickFreq
                0x0000000020000004        0x1 CMakeFiles/lab_7_i2c.elf.dir/Drivers/STM32F3xx_HAL_Driver/Src/stm32f3xx_hal.c.obj
                0x0000000020000004                uwTickFreq
 *fill*         0x0000000020000005        0x3 
 .data.L3gd20Drv
                0x0000000020000008       0x34 CMakeFiles/lab_7_i2c.elf.dir/Src/l3gd20.c.obj
                0x0000000020000008                L3gd20Drv
 .data.Lsm303dlhcDrv
                0x000000002000003c       0x34 CMakeFiles/lab_7_i2c.elf.dir/Src/lsm303dlhc.c.obj
                0x000000002000003c                Lsm303dlhcDrv
 .data.SpixTimeout
                0x0000000020000070        0x4 CMakeFiles/lab_7_i2c.elf.dir/Src/stm32f3_discovery.c.obj
                0x0000000020000070                SpixTimeout
 .data.I2cxTimeout
                0x0000000020000074        0x4 CMakeFiles/lab_7_i2c.elf.dir/Src/stm32f3_discovery.c.obj
                0x0000000020000074                I2cxTimeout
 .data.SystemCoreClock
                0x0000000020000078        0x4 CMakeFiles/lab_7_i2c.elf.dir/Src/system_stm32f3xx.c.obj
                0x0000000020000078                SystemCoreClock
 .data._impure_ptr
                0x000000002000007c        0x4 /usr/lib/gcc/arm-none-eabi/9.2.0/../../../../arm-none-eabi/lib/thumb/v7e-m/nofp/libg_nano.a(lib_a-impure.o)
                0x000000002000007c                _impure_ptr
 .data.impure_data
                0x0000000020000080       0x60 /usr/lib/gcc/arm-none-eabi/9.2.0/../../../../arm-none-eabi/lib/thumb/v7e-m/nofp/libg_nano.a(lib_a-impure.o)
 .data.__fdlib_version
                0x00000000200000e0        0x1 /usr/lib/gcc/arm-none-eabi/9.2.0/../../../../arm-none-eabi/lib/thumb/v7e-m/nofp/libm.a(lib_a-s_lib_ver.o)
                0x00000000200000e0                __fdlib_version
                0x00000000200000e4                . = ALIGN (0x4)
 *fill*         0x00000000200000e1        0x3 
                0x00000000200000e4                _edata = .
                0x0000000008008d48                _siccmram = LOADADDR (.ccmram)

.igot.plt       0x00000000200000e4        0x0 load address 0x0000000008008d48
 .igot.plt      0x00000000200000e4        0x0 /usr/lib/gcc/arm-none-eabi/9.2.0/thumb/v7e-m/nofp/crtbegin.o

.ccmram         0x0000000010000000        0x0 load address 0x0000000008008d48
                0x0000000010000000                . = ALIGN (0x4)
                0x0000000010000000                _sccmram = .
 *(.ccmram)
 *(.ccmram*)
                0x0000000010000000                . = ALIGN (0x4)
                0x0000000010000000                _eccmram = .
                0x0000000010000000                . = ALIGN (0x4)

.bss            0x00000000200000e4      0x22c
                0x00000000200000e4                _sbss = .
                0x00000000200000e4                __bss_start__ = _sbss
 *(.bss)
 *(.bss*)
 .bss.completed.8891
                0x00000000200000e4        0x1 /usr/lib/gcc/arm-none-eabi/9.2.0/thumb/v7e-m/nofp/crtbegin.o
 *fill*         0x00000000200000e5        0x3 
 .bss.object.8896
                0x00000000200000e8       0x18 /usr/lib/gcc/arm-none-eabi/9.2.0/thumb/v7e-m/nofp/crtbegin.o
 .bss.uwTick    0x0000000020000100        0x4 CMakeFiles/lab_7_i2c.elf.dir/Drivers/STM32F3xx_HAL_Driver/Src/stm32f3xx_hal.c.obj
                0x0000000020000100                uwTick
 .bss.hi2c1     0x0000000020000104       0x4c CMakeFiles/lab_7_i2c.elf.dir/Src/i2c.c.obj
                0x0000000020000104                hi2c1
 .bss.byte      0x0000000020000150        0x1 CMakeFiles/lab_7_i2c.elf.dir/Src/main.c.obj
                0x0000000020000150                byte
 *fill*         0x0000000020000151        0x3 
 .bss.last_change_tick.8564
                0x0000000020000154        0x4 CMakeFiles/lab_7_i2c.elf.dir/Src/main.c.obj
 .bss.hspi1     0x0000000020000158       0x64 CMakeFiles/lab_7_i2c.elf.dir/Src/spi.c.obj
                0x0000000020000158                hspi1
 .bss.SpiHandle
                0x00000000200001bc       0x64 CMakeFiles/lab_7_i2c.elf.dir/Src/stm32f3_discovery.c.obj
 .bss.I2cHandle
                0x0000000020000220       0x4c CMakeFiles/lab_7_i2c.elf.dir/Src/stm32f3_discovery.c.obj
 .bss.AccelerometerDrv
                0x000000002000026c        0x4 CMakeFiles/lab_7_i2c.elf.dir/Src/stm32f3_discovery_accelerometer.c.obj
 .bss.GyroscopeDrv
                0x0000000020000270        0x4 CMakeFiles/lab_7_i2c.elf.dir/Src/stm32f3_discovery_gyroscope.c.obj
 .bss.heap_end.6018
                0x0000000020000274        0x4 CMakeFiles/lab_7_i2c.elf.dir/Src/syscalls.c.obj
 .bss.huart1    0x0000000020000278       0x80 CMakeFiles/lab_7_i2c.elf.dir/Src/usart.c.obj
                0x0000000020000278                huart1
 .bss.__malloc_free_list
                0x00000000200002f8        0x4 /usr/lib/gcc/arm-none-eabi/9.2.0/../../../../arm-none-eabi/lib/thumb/v7e-m/nofp/libg_nano.a(lib_a-nano-mallocr.o)
                0x00000000200002f8                __malloc_free_list
 .bss.__malloc_sbrk_start
                0x00000000200002fc        0x4 /usr/lib/gcc/arm-none-eabi/9.2.0/../../../../arm-none-eabi/lib/thumb/v7e-m/nofp/libg_nano.a(lib_a-nano-mallocr.o)
                0x00000000200002fc                __malloc_sbrk_start
 *(COMMON)
 COMMON         0x0000000020000300        0x9 /usr/lib/gcc/arm-none-eabi/9.2.0/../../../../arm-none-eabi/lib/thumb/v7e-m/nofp/libg_nano.a(lib_a-lock.o)
                0x0000000020000300                __lock___atexit_recursive_mutex
                0x0000000020000301                __lock___arc4random_mutex
                0x0000000020000302                __lock___env_recursive_mutex
                0x0000000020000303                __lock___sinit_recursive_mutex
                0x0000000020000304                __lock___malloc_recursive_mutex
                0x0000000020000305                __lock___at_quick_exit_mutex
                0x0000000020000306                __lock___dd_hash_mutex
                0x0000000020000307                __lock___tz_mutex
                0x0000000020000308                __lock___sfp_recursive_mutex
 *fill*         0x0000000020000309        0x3 
 COMMON         0x000000002000030c        0x4 /usr/lib/gcc/arm-none-eabi/9.2.0/../../../../arm-none-eabi/lib/thumb/v7e-m/nofp/libg_nano.a(lib_a-reent.o)
                0x000000002000030c                errno
                0x0000000020000310                . = ALIGN (0x4)
                0x0000000020000310                _ebss = .
                0x0000000020000310                __bss_end__ = _ebss

._user_heap_stack
                0x0000000020000310      0x600
                0x0000000020000310                . = ALIGN (0x8)
                0x0000000020000310                PROVIDE (end = .)
                [!provide]                        PROVIDE (_end = .)
                0x0000000020000510                . = (. + _Min_Heap_Size)
 *fill*         0x0000000020000310      0x200 
                0x0000000020000910                . = (. + _Min_Stack_Size)
 *fill*         0x0000000020000510      0x400 
                0x0000000020000910                . = ALIGN (0x8)

/DISCARD/
 libc.a(*)
 libm.a(*)
 libgcc.a(*)

.ARM.attributes
                0x0000000000000000       0x2a
 *(.ARM.attributes)
 .ARM.attributes
                0x0000000000000000       0x1e /usr/lib/gcc/arm-none-eabi/9.2.0/thumb/v7e-m/nofp/crti.o
 .ARM.attributes
                0x000000000000001e       0x2e /usr/lib/gcc/arm-none-eabi/9.2.0/thumb/v7e-m/nofp/crtbegin.o
 .ARM.attributes
                0x000000000000004c       0x2e CMakeFiles/lab_7_i2c.elf.dir/Drivers/STM32F3xx_HAL_Driver/Src/stm32f3xx_hal.c.obj
 .ARM.attributes
                0x000000000000007a       0x2e CMakeFiles/lab_7_i2c.elf.dir/Drivers/STM32F3xx_HAL_Driver/Src/stm32f3xx_hal_cortex.c.obj
 .ARM.attributes
                0x00000000000000a8       0x2e CMakeFiles/lab_7_i2c.elf.dir/Drivers/STM32F3xx_HAL_Driver/Src/stm32f3xx_hal_dma.c.obj
 .ARM.attributes
                0x00000000000000d6       0x2e CMakeFiles/lab_7_i2c.elf.dir/Drivers/STM32F3xx_HAL_Driver/Src/stm32f3xx_hal_gpio.c.obj
 .ARM.attributes
                0x0000000000000104       0x2e CMakeFiles/lab_7_i2c.elf.dir/Drivers/STM32F3xx_HAL_Driver/Src/stm32f3xx_hal_i2c.c.obj
 .ARM.attributes
                0x0000000000000132       0x2e CMakeFiles/lab_7_i2c.elf.dir/Drivers/STM32F3xx_HAL_Driver/Src/stm32f3xx_hal_i2c_ex.c.obj
 .ARM.attributes
                0x0000000000000160       0x2e CMakeFiles/lab_7_i2c.elf.dir/Drivers/STM32F3xx_HAL_Driver/Src/stm32f3xx_hal_rcc.c.obj
 .ARM.attributes
                0x000000000000018e       0x2e CMakeFiles/lab_7_i2c.elf.dir/Drivers/STM32F3xx_HAL_Driver/Src/stm32f3xx_hal_rcc_ex.c.obj
 .ARM.attributes
                0x00000000000001bc       0x2e CMakeFiles/lab_7_i2c.elf.dir/Drivers/STM32F3xx_HAL_Driver/Src/stm32f3xx_hal_spi.c.obj
 .ARM.attributes
                0x00000000000001ea       0x2e CMakeFiles/lab_7_i2c.elf.dir/Drivers/STM32F3xx_HAL_Driver/Src/stm32f3xx_hal_uart.c.obj
 .ARM.attributes
                0x0000000000000218       0x2e CMakeFiles/lab_7_i2c.elf.dir/Drivers/STM32F3xx_HAL_Driver/Src/stm32f3xx_hal_uart_ex.c.obj
 .ARM.attributes
                0x0000000000000246       0x2e CMakeFiles/lab_7_i2c.elf.dir/Src/gpio.c.obj
 .ARM.attributes
                0x0000000000000274       0x2e CMakeFiles/lab_7_i2c.elf.dir/Src/i2c.c.obj
 .ARM.attributes
                0x00000000000002a2       0x2e CMakeFiles/lab_7_i2c.elf.dir/Src/l3gd20.c.obj
 .ARM.attributes
                0x00000000000002d0       0x2e CMakeFiles/lab_7_i2c.elf.dir/Src/lsm303dlhc.c.obj
 .ARM.attributes
                0x00000000000002fe       0x2e CMakeFiles/lab_7_i2c.elf.dir/Src/main.c.obj
 .ARM.attributes
                0x000000000000032c       0x2e CMakeFiles/lab_7_i2c.elf.dir/Src/spi.c.obj
 .ARM.attributes
                0x000000000000035a       0x2e CMakeFiles/lab_7_i2c.elf.dir/Src/stm32f3_discovery.c.obj
 .ARM.attributes
                0x0000000000000388       0x2e CMakeFiles/lab_7_i2c.elf.dir/Src/stm32f3_discovery_accelerometer.c.obj
 .ARM.attributes
                0x00000000000003b6       0x2e CMakeFiles/lab_7_i2c.elf.dir/Src/stm32f3_discovery_gyroscope.c.obj
 .ARM.attributes
                0x00000000000003e4       0x2e CMakeFiles/lab_7_i2c.elf.dir/Src/stm32f3xx_hal_msp.c.obj
 .ARM.attributes
                0x0000000000000412       0x2e CMakeFiles/lab_7_i2c.elf.dir/Src/stm32f3xx_it.c.obj
 .ARM.attributes
                0x0000000000000440       0x2e CMakeFiles/lab_7_i2c.elf.dir/Src/syscalls.c.obj
 .ARM.attributes
                0x000000000000046e       0x2e CMakeFiles/lab_7_i2c.elf.dir/Src/system_stm32f3xx.c.obj
 .ARM.attributes
                0x000000000000049c       0x2e CMakeFiles/lab_7_i2c.elf.dir/Src/usart.c.obj
 .ARM.attributes
                0x00000000000004ca       0x21 CMakeFiles/lab_7_i2c.elf.dir/startup/startup_stm32f303xc.s.obj
 .ARM.attributes
                0x00000000000004eb       0x1e /usr/lib/gcc/arm-none-eabi/9.2.0/thumb/v7e-m/nofp/libgcc.a(_arm_mulsf3.o)
 .ARM.attributes
                0x0000000000000509       0x1e /usr/lib/gcc/arm-none-eabi/9.2.0/thumb/v7e-m/nofp/libgcc.a(_arm_addsubdf3.o)
 .ARM.attributes
                0x0000000000000527       0x1e /usr/lib/gcc/arm-none-eabi/9.2.0/thumb/v7e-m/nofp/libgcc.a(_arm_muldivdf3.o)
 .ARM.attributes
                0x0000000000000545       0x1e /usr/lib/gcc/arm-none-eabi/9.2.0/thumb/v7e-m/nofp/libgcc.a(_arm_cmpdf2.o)
 .ARM.attributes
                0x0000000000000563       0x1e /usr/lib/gcc/arm-none-eabi/9.2.0/thumb/v7e-m/nofp/libgcc.a(_arm_fixdfsi.o)
 .ARM.attributes
                0x0000000000000581       0x1e /usr/lib/gcc/arm-none-eabi/9.2.0/thumb/v7e-m/nofp/libgcc.a(_arm_addsubsf3.o)
 .ARM.attributes
                0x000000000000059f       0x1e /usr/lib/gcc/arm-none-eabi/9.2.0/thumb/v7e-m/nofp/libgcc.a(_arm_fixsfsi.o)
 .ARM.attributes
                0x00000000000005bd       0x2e /usr/lib/gcc/arm-none-eabi/9.2.0/../../../../arm-none-eabi/lib/thumb/v7e-m/nofp/libg_nano.a(lib_a-errno.o)
 .ARM.attributes
                0x00000000000005eb       0x2e /usr/lib/gcc/arm-none-eabi/9.2.0/../../../../arm-none-eabi/lib/thumb/v7e-m/nofp/libg_nano.a(lib_a-impure.o)
 .ARM.attributes
                0x0000000000000619       0x2e /usr/lib/gcc/arm-none-eabi/9.2.0/../../../../arm-none-eabi/lib/thumb/v7e-m/nofp/libg_nano.a(lib_a-init.o)
 .ARM.attributes
                0x0000000000000647       0x2e /usr/lib/gcc/arm-none-eabi/9.2.0/../../../../arm-none-eabi/lib/thumb/v7e-m/nofp/libg_nano.a(lib_a-memset.o)
 .ARM.attributes
                0x0000000000000675       0x2e /usr/lib/gcc/arm-none-eabi/9.2.0/../../../../arm-none-eabi/lib/thumb/v7e-m/nofp/libg_nano.a(lib_a-sprintf.o)
 .ARM.attributes
                0x00000000000006a3       0x17 /usr/lib/gcc/arm-none-eabi/9.2.0/../../../../arm-none-eabi/lib/thumb/v7e-m/nofp/libg_nano.a(lib_a-strlen.o)
 .ARM.attributes
                0x00000000000006ba       0x2e /usr/lib/gcc/arm-none-eabi/9.2.0/../../../../arm-none-eabi/lib/thumb/v7e-m/nofp/libg_nano.a(lib_a-lock.o)
 .ARM.attributes
                0x00000000000006e8       0x2e /usr/lib/gcc/arm-none-eabi/9.2.0/../../../../arm-none-eabi/lib/thumb/v7e-m/nofp/libg_nano.a(lib_a-nano-svfprintf.o)
 .ARM.attributes
                0x0000000000000716       0x2e /usr/lib/gcc/arm-none-eabi/9.2.0/../../../../arm-none-eabi/lib/thumb/v7e-m/nofp/libg_nano.a(lib_a-nano-vfprintf_i.o)
 .ARM.attributes
                0x0000000000000744       0x1c /usr/lib/gcc/arm-none-eabi/9.2.0/../../../../arm-none-eabi/lib/thumb/v7e-m/nofp/libg_nano.a(lib_a-memchr.o)
 .ARM.attributes
                0x0000000000000760       0x2e /usr/lib/gcc/arm-none-eabi/9.2.0/../../../../arm-none-eabi/lib/thumb/v7e-m/nofp/libg_nano.a(lib_a-memcpy-stub.o)
 .ARM.attributes
                0x000000000000078e       0x2e /usr/lib/gcc/arm-none-eabi/9.2.0/../../../../arm-none-eabi/lib/thumb/v7e-m/nofp/libg_nano.a(lib_a-memmove.o)
 .ARM.attributes
                0x00000000000007bc       0x2e /usr/lib/gcc/arm-none-eabi/9.2.0/../../../../arm-none-eabi/lib/thumb/v7e-m/nofp/libg_nano.a(lib_a-nano-freer.o)
 .ARM.attributes
                0x00000000000007ea       0x2e /usr/lib/gcc/arm-none-eabi/9.2.0/../../../../arm-none-eabi/lib/thumb/v7e-m/nofp/libg_nano.a(lib_a-nano-mallocr.o)
 .ARM.attributes
                0x0000000000000818       0x2e /usr/lib/gcc/arm-none-eabi/9.2.0/../../../../arm-none-eabi/lib/thumb/v7e-m/nofp/libg_nano.a(lib_a-nano-reallocr.o)
 .ARM.attributes
                0x0000000000000846       0x2e /usr/lib/gcc/arm-none-eabi/9.2.0/../../../../arm-none-eabi/lib/thumb/v7e-m/nofp/libg_nano.a(lib_a-sbrkr.o)
 .ARM.attributes
                0x0000000000000874       0x2e /usr/lib/gcc/arm-none-eabi/9.2.0/../../../../arm-none-eabi/lib/thumb/v7e-m/nofp/libg_nano.a(lib_a-mlock.o)
 .ARM.attributes
                0x00000000000008a2       0x2e /usr/lib/gcc/arm-none-eabi/9.2.0/../../../../arm-none-eabi/lib/thumb/v7e-m/nofp/libg_nano.a(lib_a-nano-msizer.o)
 .ARM.attributes
                0x00000000000008d0       0x2e /usr/lib/gcc/arm-none-eabi/9.2.0/../../../../arm-none-eabi/lib/thumb/v7e-m/nofp/libg_nano.a(lib_a-reent.o)
 .ARM.attributes
                0x00000000000008fe       0x1e /usr/lib/gcc/arm-none-eabi/9.2.0/thumb/v7e-m/nofp/crtn.o
OUTPUT(lab_7_i2c.elf elf32-littlearm)

.debug_info     0x0000000000000000    0x132b2
 .debug_info    0x0000000000000000      0x832 CMakeFiles/lab_7_i2c.elf.dir/Drivers/STM32F3xx_HAL_Driver/Src/stm32f3xx_hal.c.obj
 .debug_info    0x0000000000000832      0xe51 CMakeFiles/lab_7_i2c.elf.dir/Drivers/STM32F3xx_HAL_Driver/Src/stm32f3xx_hal_cortex.c.obj
 .debug_info    0x0000000000001683      0x82e CMakeFiles/lab_7_i2c.elf.dir/Drivers/STM32F3xx_HAL_Driver/Src/stm32f3xx_hal_dma.c.obj
 .debug_info    0x0000000000001eb1      0x75e CMakeFiles/lab_7_i2c.elf.dir/Drivers/STM32F3xx_HAL_Driver/Src/stm32f3xx_hal_gpio.c.obj
 .debug_info    0x000000000000260f     0x2131 CMakeFiles/lab_7_i2c.elf.dir/Drivers/STM32F3xx_HAL_Driver/Src/stm32f3xx_hal_i2c.c.obj
 .debug_info    0x0000000000004740      0x95d CMakeFiles/lab_7_i2c.elf.dir/Drivers/STM32F3xx_HAL_Driver/Src/stm32f3xx_hal_i2c_ex.c.obj
 .debug_info    0x000000000000509d     0x15aa CMakeFiles/lab_7_i2c.elf.dir/Drivers/STM32F3xx_HAL_Driver/Src/stm32f3xx_hal_rcc.c.obj
 .debug_info    0x0000000000006647      0x6b3 CMakeFiles/lab_7_i2c.elf.dir/Drivers/STM32F3xx_HAL_Driver/Src/stm32f3xx_hal_rcc_ex.c.obj
 .debug_info    0x0000000000006cfa     0x1760 CMakeFiles/lab_7_i2c.elf.dir/Drivers/STM32F3xx_HAL_Driver/Src/stm32f3xx_hal_spi.c.obj
 .debug_info    0x000000000000845a     0x16cc CMakeFiles/lab_7_i2c.elf.dir/Drivers/STM32F3xx_HAL_Driver/Src/stm32f3xx_hal_uart.c.obj
 .debug_info    0x0000000000009b26      0x922 CMakeFiles/lab_7_i2c.elf.dir/Drivers/STM32F3xx_HAL_Driver/Src/stm32f3xx_hal_uart_ex.c.obj
 .debug_info    0x000000000000a448      0x5eb CMakeFiles/lab_7_i2c.elf.dir/Src/gpio.c.obj
 .debug_info    0x000000000000aa33      0x970 CMakeFiles/lab_7_i2c.elf.dir/Src/i2c.c.obj
 .debug_info    0x000000000000b3a3      0x6b4 CMakeFiles/lab_7_i2c.elf.dir/Src/l3gd20.c.obj
 .debug_info    0x000000000000ba57      0x65d CMakeFiles/lab_7_i2c.elf.dir/Src/lsm303dlhc.c.obj
 .debug_info    0x000000000000c0b4     0x1de4 CMakeFiles/lab_7_i2c.elf.dir/Src/main.c.obj
 .debug_info    0x000000000000de98      0x93c CMakeFiles/lab_7_i2c.elf.dir/Src/spi.c.obj
 .debug_info    0x000000000000e7d4     0x15aa CMakeFiles/lab_7_i2c.elf.dir/Src/stm32f3_discovery.c.obj
 .debug_info    0x000000000000fd7e      0x47a CMakeFiles/lab_7_i2c.elf.dir/Src/stm32f3_discovery_accelerometer.c.obj
 .debug_info    0x00000000000101f8      0x640 CMakeFiles/lab_7_i2c.elf.dir/Src/stm32f3_discovery_gyroscope.c.obj
 .debug_info    0x0000000000010838      0x28e CMakeFiles/lab_7_i2c.elf.dir/Src/stm32f3xx_hal_msp.c.obj
 .debug_info    0x0000000000010ac6      0x7b3 CMakeFiles/lab_7_i2c.elf.dir/Src/stm32f3xx_it.c.obj
 .debug_info    0x0000000000011279     0x100f CMakeFiles/lab_7_i2c.elf.dir/Src/syscalls.c.obj
 .debug_info    0x0000000000012288      0x48f CMakeFiles/lab_7_i2c.elf.dir/Src/system_stm32f3xx.c.obj
 .debug_info    0x0000000000012717      0xb79 CMakeFiles/lab_7_i2c.elf.dir/Src/usart.c.obj
 .debug_info    0x0000000000013290       0x22 CMakeFiles/lab_7_i2c.elf.dir/startup/startup_stm32f303xc.s.obj

.debug_abbrev   0x0000000000000000     0x3228
 .debug_abbrev  0x0000000000000000      0x1ea CMakeFiles/lab_7_i2c.elf.dir/Drivers/STM32F3xx_HAL_Driver/Src/stm32f3xx_hal.c.obj
 .debug_abbrev  0x00000000000001ea      0x339 CMakeFiles/lab_7_i2c.elf.dir/Drivers/STM32F3xx_HAL_Driver/Src/stm32f3xx_hal_cortex.c.obj
 .debug_abbrev  0x0000000000000523      0x225 CMakeFiles/lab_7_i2c.elf.dir/Drivers/STM32F3xx_HAL_Driver/Src/stm32f3xx_hal_dma.c.obj
 .debug_abbrev  0x0000000000000748      0x1e5 CMakeFiles/lab_7_i2c.elf.dir/Drivers/STM32F3xx_HAL_Driver/Src/stm32f3xx_hal_gpio.c.obj
 .debug_abbrev  0x000000000000092d      0x253 CMakeFiles/lab_7_i2c.elf.dir/Drivers/STM32F3xx_HAL_Driver/Src/stm32f3xx_hal_i2c.c.obj
 .debug_abbrev  0x0000000000000b80      0x1da CMakeFiles/lab_7_i2c.elf.dir/Drivers/STM32F3xx_HAL_Driver/Src/stm32f3xx_hal_i2c_ex.c.obj
 .debug_abbrev  0x0000000000000d5a      0x2c1 CMakeFiles/lab_7_i2c.elf.dir/Drivers/STM32F3xx_HAL_Driver/Src/stm32f3xx_hal_rcc.c.obj
 .debug_abbrev  0x000000000000101b      0x244 CMakeFiles/lab_7_i2c.elf.dir/Drivers/STM32F3xx_HAL_Driver/Src/stm32f3xx_hal_rcc_ex.c.obj
 .debug_abbrev  0x000000000000125f      0x251 CMakeFiles/lab_7_i2c.elf.dir/Drivers/STM32F3xx_HAL_Driver/Src/stm32f3xx_hal_spi.c.obj
 .debug_abbrev  0x00000000000014b0      0x22c CMakeFiles/lab_7_i2c.elf.dir/Drivers/STM32F3xx_HAL_Driver/Src/stm32f3xx_hal_uart.c.obj
 .debug_abbrev  0x00000000000016dc      0x207 CMakeFiles/lab_7_i2c.elf.dir/Drivers/STM32F3xx_HAL_Driver/Src/stm32f3xx_hal_uart_ex.c.obj
 .debug_abbrev  0x00000000000018e3      0x154 CMakeFiles/lab_7_i2c.elf.dir/Src/gpio.c.obj
 .debug_abbrev  0x0000000000001a37      0x1c3 CMakeFiles/lab_7_i2c.elf.dir/Src/i2c.c.obj
 .debug_abbrev  0x0000000000001bfa      0x226 CMakeFiles/lab_7_i2c.elf.dir/Src/l3gd20.c.obj
 .debug_abbrev  0x0000000000001e20      0x1ba CMakeFiles/lab_7_i2c.elf.dir/Src/lsm303dlhc.c.obj
 .debug_abbrev  0x0000000000001fda      0x2cb CMakeFiles/lab_7_i2c.elf.dir/Src/main.c.obj
 .debug_abbrev  0x00000000000022a5      0x1b8 CMakeFiles/lab_7_i2c.elf.dir/Src/spi.c.obj
 .debug_abbrev  0x000000000000245d      0x28d CMakeFiles/lab_7_i2c.elf.dir/Src/stm32f3_discovery.c.obj
 .debug_abbrev  0x00000000000026ea      0x174 CMakeFiles/lab_7_i2c.elf.dir/Src/stm32f3_discovery_accelerometer.c.obj
 .debug_abbrev  0x000000000000285e      0x192 CMakeFiles/lab_7_i2c.elf.dir/Src/stm32f3_discovery_gyroscope.c.obj
 .debug_abbrev  0x00000000000029f0      0x11a CMakeFiles/lab_7_i2c.elf.dir/Src/stm32f3xx_hal_msp.c.obj
 .debug_abbrev  0x0000000000002b0a      0x160 CMakeFiles/lab_7_i2c.elf.dir/Src/stm32f3xx_it.c.obj
 .debug_abbrev  0x0000000000002c6a      0x2a9 CMakeFiles/lab_7_i2c.elf.dir/Src/syscalls.c.obj
 .debug_abbrev  0x0000000000002f13      0x142 CMakeFiles/lab_7_i2c.elf.dir/Src/system_stm32f3xx.c.obj
 .debug_abbrev  0x0000000000003055      0x1c1 CMakeFiles/lab_7_i2c.elf.dir/Src/usart.c.obj
 .debug_abbrev  0x0000000000003216       0x12 CMakeFiles/lab_7_i2c.elf.dir/startup/startup_stm32f303xc.s.obj

.debug_aranges  0x0000000000000000      0xfb8
 .debug_aranges
                0x0000000000000000       0xe0 CMakeFiles/lab_7_i2c.elf.dir/Drivers/STM32F3xx_HAL_Driver/Src/stm32f3xx_hal.c.obj
 .debug_aranges
                0x00000000000000e0      0x118 CMakeFiles/lab_7_i2c.elf.dir/Drivers/STM32F3xx_HAL_Driver/Src/stm32f3xx_hal_cortex.c.obj
 .debug_aranges
                0x00000000000001f8       0x88 CMakeFiles/lab_7_i2c.elf.dir/Drivers/STM32F3xx_HAL_Driver/Src/stm32f3xx_hal_dma.c.obj
 .debug_aranges
                0x0000000000000280       0x58 CMakeFiles/lab_7_i2c.elf.dir/Drivers/STM32F3xx_HAL_Driver/Src/stm32f3xx_hal_gpio.c.obj
 .debug_aranges
                0x00000000000002d8      0x288 CMakeFiles/lab_7_i2c.elf.dir/Drivers/STM32F3xx_HAL_Driver/Src/stm32f3xx_hal_i2c.c.obj
 .debug_aranges
                0x0000000000000560       0x48 CMakeFiles/lab_7_i2c.elf.dir/Drivers/STM32F3xx_HAL_Driver/Src/stm32f3xx_hal_i2c_ex.c.obj
 .debug_aranges
                0x00000000000005a8       0x88 CMakeFiles/lab_7_i2c.elf.dir/Drivers/STM32F3xx_HAL_Driver/Src/stm32f3xx_hal_rcc.c.obj
 .debug_aranges
                0x0000000000000630       0x38 CMakeFiles/lab_7_i2c.elf.dir/Drivers/STM32F3xx_HAL_Driver/Src/stm32f3xx_hal_rcc_ex.c.obj
 .debug_aranges
                0x0000000000000668      0x1d8 CMakeFiles/lab_7_i2c.elf.dir/Drivers/STM32F3xx_HAL_Driver/Src/stm32f3xx_hal_spi.c.obj
 .debug_aranges
                0x0000000000000840      0x210 CMakeFiles/lab_7_i2c.elf.dir/Drivers/STM32F3xx_HAL_Driver/Src/stm32f3xx_hal_uart.c.obj
 .debug_aranges
                0x0000000000000a50       0x50 CMakeFiles/lab_7_i2c.elf.dir/Drivers/STM32F3xx_HAL_Driver/Src/stm32f3xx_hal_uart_ex.c.obj
 .debug_aranges
                0x0000000000000aa0       0x20 CMakeFiles/lab_7_i2c.elf.dir/Src/gpio.c.obj
 .debug_aranges
                0x0000000000000ac0       0x30 CMakeFiles/lab_7_i2c.elf.dir/Src/i2c.c.obj
 .debug_aranges
                0x0000000000000af0       0x80 CMakeFiles/lab_7_i2c.elf.dir/Src/l3gd20.c.obj
 .debug_aranges
                0x0000000000000b70       0xb0 CMakeFiles/lab_7_i2c.elf.dir/Src/lsm303dlhc.c.obj
 .debug_aranges
                0x0000000000000c20       0x58 CMakeFiles/lab_7_i2c.elf.dir/Src/main.c.obj
 .debug_aranges
                0x0000000000000c78       0x30 CMakeFiles/lab_7_i2c.elf.dir/Src/spi.c.obj
 .debug_aranges
                0x0000000000000ca8       0xd0 CMakeFiles/lab_7_i2c.elf.dir/Src/stm32f3_discovery.c.obj
 .debug_aranges
                0x0000000000000d78       0x30 CMakeFiles/lab_7_i2c.elf.dir/Src/stm32f3_discovery_accelerometer.c.obj
 .debug_aranges
                0x0000000000000da8       0x50 CMakeFiles/lab_7_i2c.elf.dir/Src/stm32f3_discovery_gyroscope.c.obj
 .debug_aranges
                0x0000000000000df8       0x20 CMakeFiles/lab_7_i2c.elf.dir/Src/stm32f3xx_hal_msp.c.obj
 .debug_aranges
                0x0000000000000e18       0x70 CMakeFiles/lab_7_i2c.elf.dir/Src/stm32f3xx_it.c.obj
 .debug_aranges
                0x0000000000000e88       0xb0 CMakeFiles/lab_7_i2c.elf.dir/Src/syscalls.c.obj
 .debug_aranges
                0x0000000000000f38       0x28 CMakeFiles/lab_7_i2c.elf.dir/Src/system_stm32f3xx.c.obj
 .debug_aranges
                0x0000000000000f60       0x30 CMakeFiles/lab_7_i2c.elf.dir/Src/usart.c.obj
 .debug_aranges
                0x0000000000000f90       0x28 CMakeFiles/lab_7_i2c.elf.dir/startup/startup_stm32f303xc.s.obj

.debug_ranges   0x0000000000000000      0xe20
 .debug_ranges  0x0000000000000000       0xd0 CMakeFiles/lab_7_i2c.elf.dir/Drivers/STM32F3xx_HAL_Driver/Src/stm32f3xx_hal.c.obj
 .debug_ranges  0x00000000000000d0      0x108 CMakeFiles/lab_7_i2c.elf.dir/Drivers/STM32F3xx_HAL_Driver/Src/stm32f3xx_hal_cortex.c.obj
 .debug_ranges  0x00000000000001d8       0x78 CMakeFiles/lab_7_i2c.elf.dir/Drivers/STM32F3xx_HAL_Driver/Src/stm32f3xx_hal_dma.c.obj
 .debug_ranges  0x0000000000000250       0x48 CMakeFiles/lab_7_i2c.elf.dir/Drivers/STM32F3xx_HAL_Driver/Src/stm32f3xx_hal_gpio.c.obj
 .debug_ranges  0x0000000000000298      0x278 CMakeFiles/lab_7_i2c.elf.dir/Drivers/STM32F3xx_HAL_Driver/Src/stm32f3xx_hal_i2c.c.obj
 .debug_ranges  0x0000000000000510       0x38 CMakeFiles/lab_7_i2c.elf.dir/Drivers/STM32F3xx_HAL_Driver/Src/stm32f3xx_hal_i2c_ex.c.obj
 .debug_ranges  0x0000000000000548       0x78 CMakeFiles/lab_7_i2c.elf.dir/Drivers/STM32F3xx_HAL_Driver/Src/stm32f3xx_hal_rcc.c.obj
 .debug_ranges  0x00000000000005c0       0x28 CMakeFiles/lab_7_i2c.elf.dir/Drivers/STM32F3xx_HAL_Driver/Src/stm32f3xx_hal_rcc_ex.c.obj
 .debug_ranges  0x00000000000005e8      0x1c8 CMakeFiles/lab_7_i2c.elf.dir/Drivers/STM32F3xx_HAL_Driver/Src/stm32f3xx_hal_spi.c.obj
 .debug_ranges  0x00000000000007b0      0x200 CMakeFiles/lab_7_i2c.elf.dir/Drivers/STM32F3xx_HAL_Driver/Src/stm32f3xx_hal_uart.c.obj
 .debug_ranges  0x00000000000009b0       0x40 CMakeFiles/lab_7_i2c.elf.dir/Drivers/STM32F3xx_HAL_Driver/Src/stm32f3xx_hal_uart_ex.c.obj
 .debug_ranges  0x00000000000009f0       0x10 CMakeFiles/lab_7_i2c.elf.dir/Src/gpio.c.obj
 .debug_ranges  0x0000000000000a00       0x20 CMakeFiles/lab_7_i2c.elf.dir/Src/i2c.c.obj
 .debug_ranges  0x0000000000000a20       0x70 CMakeFiles/lab_7_i2c.elf.dir/Src/l3gd20.c.obj
 .debug_ranges  0x0000000000000a90       0xa0 CMakeFiles/lab_7_i2c.elf.dir/Src/lsm303dlhc.c.obj
 .debug_ranges  0x0000000000000b30       0x48 CMakeFiles/lab_7_i2c.elf.dir/Src/main.c.obj
 .debug_ranges  0x0000000000000b78       0x20 CMakeFiles/lab_7_i2c.elf.dir/Src/spi.c.obj
 .debug_ranges  0x0000000000000b98       0xc0 CMakeFiles/lab_7_i2c.elf.dir/Src/stm32f3_discovery.c.obj
 .debug_ranges  0x0000000000000c58       0x20 CMakeFiles/lab_7_i2c.elf.dir/Src/stm32f3_discovery_accelerometer.c.obj
 .debug_ranges  0x0000000000000c78       0x40 CMakeFiles/lab_7_i2c.elf.dir/Src/stm32f3_discovery_gyroscope.c.obj
 .debug_ranges  0x0000000000000cb8       0x10 CMakeFiles/lab_7_i2c.elf.dir/Src/stm32f3xx_hal_msp.c.obj
 .debug_ranges  0x0000000000000cc8       0x60 CMakeFiles/lab_7_i2c.elf.dir/Src/stm32f3xx_it.c.obj
 .debug_ranges  0x0000000000000d28       0xa0 CMakeFiles/lab_7_i2c.elf.dir/Src/syscalls.c.obj
 .debug_ranges  0x0000000000000dc8       0x18 CMakeFiles/lab_7_i2c.elf.dir/Src/system_stm32f3xx.c.obj
 .debug_ranges  0x0000000000000de0       0x20 CMakeFiles/lab_7_i2c.elf.dir/Src/usart.c.obj
 .debug_ranges  0x0000000000000e00       0x20 CMakeFiles/lab_7_i2c.elf.dir/startup/startup_stm32f303xc.s.obj

.debug_line     0x0000000000000000     0xd9ee
 .debug_line    0x0000000000000000      0x4ca CMakeFiles/lab_7_i2c.elf.dir/Drivers/STM32F3xx_HAL_Driver/Src/stm32f3xx_hal.c.obj
 .debug_line    0x00000000000004ca      0x93d CMakeFiles/lab_7_i2c.elf.dir/Drivers/STM32F3xx_HAL_Driver/Src/stm32f3xx_hal_cortex.c.obj
 .debug_line    0x0000000000000e07      0x8fb CMakeFiles/lab_7_i2c.elf.dir/Drivers/STM32F3xx_HAL_Driver/Src/stm32f3xx_hal_dma.c.obj
 .debug_line    0x0000000000001702      0x79a CMakeFiles/lab_7_i2c.elf.dir/Drivers/STM32F3xx_HAL_Driver/Src/stm32f3xx_hal_gpio.c.obj
 .debug_line    0x0000000000001e9c     0x2f6d CMakeFiles/lab_7_i2c.elf.dir/Drivers/STM32F3xx_HAL_Driver/Src/stm32f3xx_hal_i2c.c.obj
 .debug_line    0x0000000000004e09      0x4fd CMakeFiles/lab_7_i2c.elf.dir/Drivers/STM32F3xx_HAL_Driver/Src/stm32f3xx_hal_i2c_ex.c.obj
 .debug_line    0x0000000000005306     0x10a9 CMakeFiles/lab_7_i2c.elf.dir/Drivers/STM32F3xx_HAL_Driver/Src/stm32f3xx_hal_rcc.c.obj
 .debug_line    0x00000000000063af      0x9c6 CMakeFiles/lab_7_i2c.elf.dir/Drivers/STM32F3xx_HAL_Driver/Src/stm32f3xx_hal_rcc_ex.c.obj
 .debug_line    0x0000000000006d75     0x1bb2 CMakeFiles/lab_7_i2c.elf.dir/Drivers/STM32F3xx_HAL_Driver/Src/stm32f3xx_hal_spi.c.obj
 .debug_line    0x0000000000008927     0x1890 CMakeFiles/lab_7_i2c.elf.dir/Drivers/STM32F3xx_HAL_Driver/Src/stm32f3xx_hal_uart.c.obj
 .debug_line    0x000000000000a1b7      0x44b CMakeFiles/lab_7_i2c.elf.dir/Drivers/STM32F3xx_HAL_Driver/Src/stm32f3xx_hal_uart_ex.c.obj
 .debug_line    0x000000000000a602      0x20e CMakeFiles/lab_7_i2c.elf.dir/Src/gpio.c.obj
 .debug_line    0x000000000000a810      0x2e0 CMakeFiles/lab_7_i2c.elf.dir/Src/i2c.c.obj
 .debug_line    0x000000000000aaf0      0x4be CMakeFiles/lab_7_i2c.elf.dir/Src/l3gd20.c.obj
 .debug_line    0x000000000000afae      0x4cd CMakeFiles/lab_7_i2c.elf.dir/Src/lsm303dlhc.c.obj
 .debug_line    0x000000000000b47b      0x6e1 CMakeFiles/lab_7_i2c.elf.dir/Src/main.c.obj
 .debug_line    0x000000000000bb5c      0x2dd CMakeFiles/lab_7_i2c.elf.dir/Src/spi.c.obj
 .debug_line    0x000000000000be39      0x64b CMakeFiles/lab_7_i2c.elf.dir/Src/stm32f3_discovery.c.obj
 .debug_line    0x000000000000c484      0x30e CMakeFiles/lab_7_i2c.elf.dir/Src/stm32f3_discovery_accelerometer.c.obj
 .debug_line    0x000000000000c792      0x3c7 CMakeFiles/lab_7_i2c.elf.dir/Src/stm32f3_discovery_gyroscope.c.obj
 .debug_line    0x000000000000cb59      0x1e5 CMakeFiles/lab_7_i2c.elf.dir/Src/stm32f3xx_hal_msp.c.obj
 .debug_line    0x000000000000cd3e      0x305 CMakeFiles/lab_7_i2c.elf.dir/Src/stm32f3xx_it.c.obj
 .debug_line    0x000000000000d043      0x3cb CMakeFiles/lab_7_i2c.elf.dir/Src/syscalls.c.obj
 .debug_line    0x000000000000d40e      0x26a CMakeFiles/lab_7_i2c.elf.dir/Src/system_stm32f3xx.c.obj
 .debug_line    0x000000000000d678      0x2d9 CMakeFiles/lab_7_i2c.elf.dir/Src/usart.c.obj
 .debug_line    0x000000000000d951       0x9d CMakeFiles/lab_7_i2c.elf.dir/startup/startup_stm32f303xc.s.obj

.debug_str      0x0000000000000000     0x4dca
 .debug_str     0x0000000000000000      0x956 CMakeFiles/lab_7_i2c.elf.dir/Drivers/STM32F3xx_HAL_Driver/Src/stm32f3xx_hal.c.obj
                                        0x9c4 (size before relaxing)
 .debug_str     0x0000000000000956      0x543 CMakeFiles/lab_7_i2c.elf.dir/Drivers/STM32F3xx_HAL_Driver/Src/stm32f3xx_hal_cortex.c.obj
                                        0xc44 (size before relaxing)
 .debug_str     0x0000000000000e99      0x40e CMakeFiles/lab_7_i2c.elf.dir/Drivers/STM32F3xx_HAL_Driver/Src/stm32f3xx_hal_dma.c.obj
                                        0x700 (size before relaxing)
 .debug_str     0x00000000000012a7      0x202 CMakeFiles/lab_7_i2c.elf.dir/Drivers/STM32F3xx_HAL_Driver/Src/stm32f3xx_hal_gpio.c.obj
                                        0x51f (size before relaxing)
 .debug_str     0x00000000000014a9      0xb02 CMakeFiles/lab_7_i2c.elf.dir/Drivers/STM32F3xx_HAL_Driver/Src/stm32f3xx_hal_i2c.c.obj
                                        0xff2 (size before relaxing)
 .debug_str     0x0000000000001fab      0x112 CMakeFiles/lab_7_i2c.elf.dir/Drivers/STM32F3xx_HAL_Driver/Src/stm32f3xx_hal_i2c_ex.c.obj
                                        0x8bd (size before relaxing)
 .debug_str     0x00000000000020bd      0x33f CMakeFiles/lab_7_i2c.elf.dir/Drivers/STM32F3xx_HAL_Driver/Src/stm32f3xx_hal_rcc.c.obj
                                        0x6fc (size before relaxing)
 .debug_str     0x00000000000023fc      0x24e CMakeFiles/lab_7_i2c.elf.dir/Drivers/STM32F3xx_HAL_Driver/Src/stm32f3xx_hal_rcc_ex.c.obj
                                        0x5b8 (size before relaxing)
 .debug_str     0x000000000000264a      0x748 CMakeFiles/lab_7_i2c.elf.dir/Drivers/STM32F3xx_HAL_Driver/Src/stm32f3xx_hal_spi.c.obj
                                        0xc48 (size before relaxing)
 .debug_str     0x0000000000002d92      0x898 CMakeFiles/lab_7_i2c.elf.dir/Drivers/STM32F3xx_HAL_Driver/Src/stm32f3xx_hal_uart.c.obj
                                        0xe5b (size before relaxing)
 .debug_str     0x000000000000362a      0x17f CMakeFiles/lab_7_i2c.elf.dir/Drivers/STM32F3xx_HAL_Driver/Src/stm32f3xx_hal_uart_ex.c.obj
                                        0x81c (size before relaxing)
 .debug_str     0x00000000000037a9       0x4a CMakeFiles/lab_7_i2c.elf.dir/Src/gpio.c.obj
                                        0x7ba (size before relaxing)
 .debug_str     0x00000000000037f3       0x49 CMakeFiles/lab_7_i2c.elf.dir/Src/i2c.c.obj
                                        0x842 (size before relaxing)
 .debug_str     0x000000000000383c      0x1d7 CMakeFiles/lab_7_i2c.elf.dir/Src/l3gd20.c.obj
                                        0x4bd (size before relaxing)
 .debug_str     0x0000000000003a13      0x294 CMakeFiles/lab_7_i2c.elf.dir/Src/lsm303dlhc.c.obj
                                        0x518 (size before relaxing)
 .debug_str     0x0000000000003ca7      0x530 CMakeFiles/lab_7_i2c.elf.dir/Src/main.c.obj
                                       0x13be (size before relaxing)
 .debug_str     0x00000000000041d7       0x43 CMakeFiles/lab_7_i2c.elf.dir/Src/spi.c.obj
                                        0x78c (size before relaxing)
 .debug_str     0x000000000000421a      0x355 CMakeFiles/lab_7_i2c.elf.dir/Src/stm32f3_discovery.c.obj
                                       0x118f (size before relaxing)
 .debug_str     0x000000000000456f      0x236 CMakeFiles/lab_7_i2c.elf.dir/Src/stm32f3_discovery_accelerometer.c.obj
                                        0x547 (size before relaxing)
 .debug_str     0x00000000000047a5      0x196 CMakeFiles/lab_7_i2c.elf.dir/Src/stm32f3_discovery_gyroscope.c.obj
                                        0x57a (size before relaxing)
 .debug_str     0x000000000000493b       0x3a CMakeFiles/lab_7_i2c.elf.dir/Src/stm32f3xx_hal_msp.c.obj
                                        0x2f7 (size before relaxing)
 .debug_str     0x0000000000004975       0xe8 CMakeFiles/lab_7_i2c.elf.dir/Src/stm32f3xx_it.c.obj
                                        0x721 (size before relaxing)
 .debug_str     0x0000000000004a5d      0x263 CMakeFiles/lab_7_i2c.elf.dir/Src/syscalls.c.obj
                                        0x856 (size before relaxing)
 .debug_str     0x0000000000004cc0       0x6f CMakeFiles/lab_7_i2c.elf.dir/Src/system_stm32f3xx.c.obj
                                        0x381 (size before relaxing)
 .debug_str     0x0000000000004d2f       0x4d CMakeFiles/lab_7_i2c.elf.dir/Src/usart.c.obj
                                        0xbc4 (size before relaxing)
 .debug_str     0x0000000000004d7c       0x4e CMakeFiles/lab_7_i2c.elf.dir/startup/startup_stm32f303xc.s.obj
                                         0x82 (size before relaxing)

.comment        0x0000000000000000       0x1d
 .comment       0x0000000000000000       0x1d CMakeFiles/lab_7_i2c.elf.dir/Drivers/STM32F3xx_HAL_Driver/Src/stm32f3xx_hal.c.obj
                                         0x1e (size before relaxing)
 .comment       0x000000000000001d       0x1e CMakeFiles/lab_7_i2c.elf.dir/Drivers/STM32F3xx_HAL_Driver/Src/stm32f3xx_hal_cortex.c.obj
 .comment       0x000000000000001d       0x1e CMakeFiles/lab_7_i2c.elf.dir/Drivers/STM32F3xx_HAL_Driver/Src/stm32f3xx_hal_dma.c.obj
 .comment       0x000000000000001d       0x1e CMakeFiles/lab_7_i2c.elf.dir/Drivers/STM32F3xx_HAL_Driver/Src/stm32f3xx_hal_gpio.c.obj
 .comment       0x000000000000001d       0x1e CMakeFiles/lab_7_i2c.elf.dir/Drivers/STM32F3xx_HAL_Driver/Src/stm32f3xx_hal_i2c.c.obj
 .comment       0x000000000000001d       0x1e CMakeFiles/lab_7_i2c.elf.dir/Drivers/STM32F3xx_HAL_Driver/Src/stm32f3xx_hal_i2c_ex.c.obj
 .comment       0x000000000000001d       0x1e CMakeFiles/lab_7_i2c.elf.dir/Drivers/STM32F3xx_HAL_Driver/Src/stm32f3xx_hal_rcc.c.obj
 .comment       0x000000000000001d       0x1e CMakeFiles/lab_7_i2c.elf.dir/Drivers/STM32F3xx_HAL_Driver/Src/stm32f3xx_hal_rcc_ex.c.obj
 .comment       0x000000000000001d       0x1e CMakeFiles/lab_7_i2c.elf.dir/Drivers/STM32F3xx_HAL_Driver/Src/stm32f3xx_hal_spi.c.obj
 .comment       0x000000000000001d       0x1e CMakeFiles/lab_7_i2c.elf.dir/Drivers/STM32F3xx_HAL_Driver/Src/stm32f3xx_hal_uart.c.obj
 .comment       0x000000000000001d       0x1e CMakeFiles/lab_7_i2c.elf.dir/Drivers/STM32F3xx_HAL_Driver/Src/stm32f3xx_hal_uart_ex.c.obj
 .comment       0x000000000000001d       0x1e CMakeFiles/lab_7_i2c.elf.dir/Src/gpio.c.obj
 .comment       0x000000000000001d       0x1e CMakeFiles/lab_7_i2c.elf.dir/Src/i2c.c.obj
 .comment       0x000000000000001d       0x1e CMakeFiles/lab_7_i2c.elf.dir/Src/l3gd20.c.obj
 .comment       0x000000000000001d       0x1e CMakeFiles/lab_7_i2c.elf.dir/Src/lsm303dlhc.c.obj
 .comment       0x000000000000001d       0x1e CMakeFiles/lab_7_i2c.elf.dir/Src/main.c.obj
 .comment       0x000000000000001d       0x1e CMakeFiles/lab_7_i2c.elf.dir/Src/spi.c.obj
 .comment       0x000000000000001d       0x1e CMakeFiles/lab_7_i2c.elf.dir/Src/stm32f3_discovery.c.obj
 .comment       0x000000000000001d       0x1e CMakeFiles/lab_7_i2c.elf.dir/Src/stm32f3_discovery_accelerometer.c.obj
 .comment       0x000000000000001d       0x1e CMakeFiles/lab_7_i2c.elf.dir/Src/stm32f3_discovery_gyroscope.c.obj
 .comment       0x000000000000001d       0x1e CMakeFiles/lab_7_i2c.elf.dir/Src/stm32f3xx_hal_msp.c.obj
 .comment       0x000000000000001d       0x1e CMakeFiles/lab_7_i2c.elf.dir/Src/stm32f3xx_it.c.obj
 .comment       0x000000000000001d       0x1e CMakeFiles/lab_7_i2c.elf.dir/Src/syscalls.c.obj
 .comment       0x000000000000001d       0x1e CMakeFiles/lab_7_i2c.elf.dir/Src/system_stm32f3xx.c.obj
 .comment       0x000000000000001d       0x1e CMakeFiles/lab_7_i2c.elf.dir/Src/usart.c.obj

.debug_frame    0x0000000000000000     0x44d8
 .debug_frame   0x0000000000000000      0x334 CMakeFiles/lab_7_i2c.elf.dir/Drivers/STM32F3xx_HAL_Driver/Src/stm32f3xx_hal.c.obj
 .debug_frame   0x0000000000000334      0x494 CMakeFiles/lab_7_i2c.elf.dir/Drivers/STM32F3xx_HAL_Driver/Src/stm32f3xx_hal_cortex.c.obj
 .debug_frame   0x00000000000007c8      0x224 CMakeFiles/lab_7_i2c.elf.dir/Drivers/STM32F3xx_HAL_Driver/Src/stm32f3xx_hal_dma.c.obj
 .debug_frame   0x00000000000009ec      0x138 CMakeFiles/lab_7_i2c.elf.dir/Drivers/STM32F3xx_HAL_Driver/Src/stm32f3xx_hal_gpio.c.obj
 .debug_frame   0x0000000000000b24      0xbbc CMakeFiles/lab_7_i2c.elf.dir/Drivers/STM32F3xx_HAL_Driver/Src/stm32f3xx_hal_i2c.c.obj
 .debug_frame   0x00000000000016e0       0xe8 CMakeFiles/lab_7_i2c.elf.dir/Drivers/STM32F3xx_HAL_Driver/Src/stm32f3xx_hal_i2c_ex.c.obj
 .debug_frame   0x00000000000017c8      0x20c CMakeFiles/lab_7_i2c.elf.dir/Drivers/STM32F3xx_HAL_Driver/Src/stm32f3xx_hal_rcc.c.obj
 .debug_frame   0x00000000000019d4       0xb4 CMakeFiles/lab_7_i2c.elf.dir/Drivers/STM32F3xx_HAL_Driver/Src/stm32f3xx_hal_rcc_ex.c.obj
 .debug_frame   0x0000000000001a88      0x85c CMakeFiles/lab_7_i2c.elf.dir/Drivers/STM32F3xx_HAL_Driver/Src/stm32f3xx_hal_spi.c.obj
 .debug_frame   0x00000000000022e4      0x968 CMakeFiles/lab_7_i2c.elf.dir/Drivers/STM32F3xx_HAL_Driver/Src/stm32f3xx_hal_uart.c.obj
 .debug_frame   0x0000000000002c4c      0x11c CMakeFiles/lab_7_i2c.elf.dir/Drivers/STM32F3xx_HAL_Driver/Src/stm32f3xx_hal_uart_ex.c.obj
 .debug_frame   0x0000000000002d68       0x34 CMakeFiles/lab_7_i2c.elf.dir/Src/gpio.c.obj
 .debug_frame   0x0000000000002d9c       0x74 CMakeFiles/lab_7_i2c.elf.dir/Src/i2c.c.obj
 .debug_frame   0x0000000000002e10      0x1e0 CMakeFiles/lab_7_i2c.elf.dir/Src/l3gd20.c.obj
 .debug_frame   0x0000000000002ff0      0x2b4 CMakeFiles/lab_7_i2c.elf.dir/Src/lsm303dlhc.c.obj
 .debug_frame   0x00000000000032a4      0x14c CMakeFiles/lab_7_i2c.elf.dir/Src/main.c.obj
 .debug_frame   0x00000000000033f0       0x74 CMakeFiles/lab_7_i2c.elf.dir/Src/spi.c.obj
 .debug_frame   0x0000000000003464      0x328 CMakeFiles/lab_7_i2c.elf.dir/Src/stm32f3_discovery.c.obj
 .debug_frame   0x000000000000378c       0x74 CMakeFiles/lab_7_i2c.elf.dir/Src/stm32f3_discovery_accelerometer.c.obj
 .debug_frame   0x0000000000003800      0x104 CMakeFiles/lab_7_i2c.elf.dir/Src/stm32f3_discovery_gyroscope.c.obj
 .debug_frame   0x0000000000003904       0x38 CMakeFiles/lab_7_i2c.elf.dir/Src/stm32f3xx_hal_msp.c.obj